Component: ARM Compiler 5.06 update 7 (build 960) Tool: armlink [4d3601]

==============================================================================

Section Cross References

    startup_stm32f40xx.o(RESET) refers to startup_stm32f40xx.o(STACK) for __initial_sp
    startup_stm32f40xx.o(RESET) refers to startup_stm32f40xx.o(.text) for Reset_Handler
    startup_stm32f40xx.o(RESET) refers to context_rvds.o(.text) for HardFault_Handler
    startup_stm32f40xx.o(RESET) refers to board.o(i.SysTick_Handler) for SysTick_Handler
    startup_stm32f40xx.o(RESET) refers to usart.o(i.USART1_IRQHandler) for USART1_IRQHandler
    startup_stm32f40xx.o(RESET) refers to esp8266.o(i.USART3_IRQHandler) for USART3_IRQHandler
    startup_stm32f40xx.o(RESET) refers to timer.o(i.TIM7_IRQHandler) for TIM7_IRQHandler
    startup_stm32f40xx.o(.text) refers to system_stm32f4xx.o(i.SystemInit) for SystemInit
    startup_stm32f40xx.o(.text) refers to entry.o(.ARM.Collect$$$$00000000) for __main
    system_stm32f4xx.o(i.SystemCoreClockUpdate) refers to system_stm32f4xx.o(.data) for SystemCoreClock
    system_stm32f4xx.o(i.SystemInit) refers to system_stm32f4xx.o(i.SetSysClock) for SetSysClock
    stm32f4xx_adc.o(i.ADC_DeInit) refers to stm32f4xx_rcc.o(i.RCC_APB2PeriphResetCmd) for RCC_APB2PeriphResetCmd
    stm32f4xx_can.o(i.CAN_DeInit) refers to stm32f4xx_rcc.o(i.RCC_APB1PeriphResetCmd) for RCC_APB1PeriphResetCmd
    stm32f4xx_can.o(i.CAN_GetITStatus) refers to stm32f4xx_can.o(i.CheckITStatus) for CheckITStatus
    stm32f4xx_cryp.o(i.CRYP_DeInit) refers to stm32f4xx_rcc.o(i.RCC_AHB2PeriphResetCmd) for RCC_AHB2PeriphResetCmd
    stm32f4xx_cryp_aes.o(i.CRYP_AES_CBC) refers to stm32f4xx_cryp.o(i.CRYP_KeyStructInit) for CRYP_KeyStructInit
    stm32f4xx_cryp_aes.o(i.CRYP_AES_CBC) refers to stm32f4xx_cryp.o(i.CRYP_FIFOFlush) for CRYP_FIFOFlush
    stm32f4xx_cryp_aes.o(i.CRYP_AES_CBC) refers to stm32f4xx_cryp.o(i.CRYP_Init) for CRYP_Init
    stm32f4xx_cryp_aes.o(i.CRYP_AES_CBC) refers to stm32f4xx_cryp.o(i.CRYP_KeyInit) for CRYP_KeyInit
    stm32f4xx_cryp_aes.o(i.CRYP_AES_CBC) refers to stm32f4xx_cryp.o(i.CRYP_Cmd) for CRYP_Cmd
    stm32f4xx_cryp_aes.o(i.CRYP_AES_CBC) refers to stm32f4xx_cryp.o(i.CRYP_GetFlagStatus) for CRYP_GetFlagStatus
    stm32f4xx_cryp_aes.o(i.CRYP_AES_CBC) refers to stm32f4xx_cryp.o(i.CRYP_IVInit) for CRYP_IVInit
    stm32f4xx_cryp_aes.o(i.CRYP_AES_CBC) refers to stm32f4xx_cryp.o(i.CRYP_GetCmdStatus) for CRYP_GetCmdStatus
    stm32f4xx_cryp_aes.o(i.CRYP_AES_CBC) refers to stm32f4xx_cryp.o(i.CRYP_DataIn) for CRYP_DataIn
    stm32f4xx_cryp_aes.o(i.CRYP_AES_CBC) refers to stm32f4xx_cryp.o(i.CRYP_DataOut) for CRYP_DataOut
    stm32f4xx_cryp_aes.o(i.CRYP_AES_CCM) refers to stm32f4xx_cryp.o(i.CRYP_KeyStructInit) for CRYP_KeyStructInit
    stm32f4xx_cryp_aes.o(i.CRYP_AES_CCM) refers to stm32f4xx_cryp.o(i.CRYP_FIFOFlush) for CRYP_FIFOFlush
    stm32f4xx_cryp_aes.o(i.CRYP_AES_CCM) refers to stm32f4xx_cryp.o(i.CRYP_KeyInit) for CRYP_KeyInit
    stm32f4xx_cryp_aes.o(i.CRYP_AES_CCM) refers to stm32f4xx_cryp.o(i.CRYP_IVInit) for CRYP_IVInit
    stm32f4xx_cryp_aes.o(i.CRYP_AES_CCM) refers to stm32f4xx_cryp.o(i.CRYP_Init) for CRYP_Init
    stm32f4xx_cryp_aes.o(i.CRYP_AES_CCM) refers to stm32f4xx_cryp.o(i.CRYP_PhaseConfig) for CRYP_PhaseConfig
    stm32f4xx_cryp_aes.o(i.CRYP_AES_CCM) refers to stm32f4xx_cryp.o(i.CRYP_DataIn) for CRYP_DataIn
    stm32f4xx_cryp_aes.o(i.CRYP_AES_CCM) refers to stm32f4xx_cryp.o(i.CRYP_Cmd) for CRYP_Cmd
    stm32f4xx_cryp_aes.o(i.CRYP_AES_CCM) refers to stm32f4xx_cryp.o(i.CRYP_GetCmdStatus) for CRYP_GetCmdStatus
    stm32f4xx_cryp_aes.o(i.CRYP_AES_CCM) refers to stm32f4xx_cryp.o(i.CRYP_GetFlagStatus) for CRYP_GetFlagStatus
    stm32f4xx_cryp_aes.o(i.CRYP_AES_CCM) refers to stm32f4xx_cryp.o(i.CRYP_DataOut) for CRYP_DataOut
    stm32f4xx_cryp_aes.o(i.CRYP_AES_CTR) refers to stm32f4xx_cryp.o(i.CRYP_KeyStructInit) for CRYP_KeyStructInit
    stm32f4xx_cryp_aes.o(i.CRYP_AES_CTR) refers to stm32f4xx_cryp.o(i.CRYP_KeyInit) for CRYP_KeyInit
    stm32f4xx_cryp_aes.o(i.CRYP_AES_CTR) refers to stm32f4xx_cryp.o(i.CRYP_Init) for CRYP_Init
    stm32f4xx_cryp_aes.o(i.CRYP_AES_CTR) refers to stm32f4xx_cryp.o(i.CRYP_IVInit) for CRYP_IVInit
    stm32f4xx_cryp_aes.o(i.CRYP_AES_CTR) refers to stm32f4xx_cryp.o(i.CRYP_FIFOFlush) for CRYP_FIFOFlush
    stm32f4xx_cryp_aes.o(i.CRYP_AES_CTR) refers to stm32f4xx_cryp.o(i.CRYP_Cmd) for CRYP_Cmd
    stm32f4xx_cryp_aes.o(i.CRYP_AES_CTR) refers to stm32f4xx_cryp.o(i.CRYP_GetCmdStatus) for CRYP_GetCmdStatus
    stm32f4xx_cryp_aes.o(i.CRYP_AES_CTR) refers to stm32f4xx_cryp.o(i.CRYP_DataIn) for CRYP_DataIn
    stm32f4xx_cryp_aes.o(i.CRYP_AES_CTR) refers to stm32f4xx_cryp.o(i.CRYP_GetFlagStatus) for CRYP_GetFlagStatus
    stm32f4xx_cryp_aes.o(i.CRYP_AES_CTR) refers to stm32f4xx_cryp.o(i.CRYP_DataOut) for CRYP_DataOut
    stm32f4xx_cryp_aes.o(i.CRYP_AES_ECB) refers to stm32f4xx_cryp.o(i.CRYP_KeyStructInit) for CRYP_KeyStructInit
[...]
    i.alarm_thread_entry                     0x080029cc   Section        0  main.o(i.alarm_thread_entry)
    alarm_thread_entry                       0x080029cd   Thumb Code   166  main.o(i.alarm_thread_entry)
    i.data_thread_entry                      0x08002a7c   Section        0  main.o(i.data_thread_entry)
    data_thread_entry                        0x08002a7d   Thumb Code   424  main.o(i.data_thread_entry)
    i.delay_init                             0x08002c48   Section        0  delay.o(i.delay_init)
    i.delay_ms                               0x08002c8c   Section        0  delay.o(i.delay_ms)
    i.delay_us                               0x08002cac   Section        0  delay.o(i.delay_us)
    i.fputc                                  0x08002cf8   Section        0  usart.o(i.fputc)
    i.free                                   0x08002d14   Section        0  malloc.o(i.free)
    i.is_begin_with                          0x08002d64   Section        0  main.o(i.is_begin_with)
    i.main                                   0x08002dc0   Section        0  main.o(i.main)
    i.main_thread_entry                      0x08002fac   Section        0  components.o(i.main_thread_entry)
    i.malloc                                 0x08002fbc   Section        0  malloc.o(i.malloc)
    i.nrf_thread_entry                       0x08003028   Section        0  main.o(i.nrf_thread_entry)
    nrf_thread_entry                         0x08003029   Thumb Code   168  main.o(i.nrf_thread_entry)
    i.onenet_thread_entry                    0x080030e8   Section        0  main.o(i.onenet_thread_entry)
    onenet_thread_entry                      0x080030e9   Thumb Code    78  main.o(i.onenet_thread_entry)
    i.plug_holes                             0x0800315c   Section        0  mem.o(i.plug_holes)
    plug_holes                               0x0800315d   Thumb Code   108  mem.o(i.plug_holes)
    i.print_number                           0x080031d4   Section        0  kservice.o(i.print_number)
    print_number                             0x080031d5   Thumb Code   388  kservice.o(i.print_number)
    i.rt_application_init                    0x08003360   Section        0  components.o(i.rt_application_init)
    i.rt_components_board_init               0x0800338c   Section        0  components.o(i.rt_components_board_init)
    i.rt_components_init                     0x080033a8   Section        0  components.o(i.rt_components_init)
    i.rt_enter_critical                      0x080033c4   Section        0  scheduler.o(i.rt_enter_critical)
    i.rt_exit_critical                       0x080033e4   Section        0  scheduler.o(i.rt_exit_critical)
    i.rt_free                                0x08003420   Section        0  mem.o(i.rt_free)
    i.rt_heap_begin_get                      0x08003500   Section        0  board.o(i.rt_heap_begin_get)
    i.rt_heap_end_get                        0x08003508   Section        0  board.o(i.rt_heap_end_get)
    i.rt_hw_board_init                       0x08003510   Section        0  board.o(i.rt_hw_board_init)
    i.rt_hw_console_output                   0x080035f8   Section        0  board.o(i.rt_hw_console_output)
    i.rt_hw_hard_fault_exception             0x08003648   Section        0  cpuport.o(i.rt_hw_hard_fault_exception)
    i.rt_hw_stack_init                       0x08003754   Section        0  cpuport.o(i.rt_hw_stack_init)
    i.rt_interrupt_enter                     0x080037a4   Section        0  irq.o(i.rt_interrupt_enter)
    i.rt_interrupt_leave                     0x080037c4   Section        0  irq.o(i.rt_interrupt_leave)
    i.rt_ipc_list_resume                     0x080037e4   Section        0  ipc.o(i.rt_ipc_list_resume)
    rt_ipc_list_resume                       0x080037e5   Thumb Code    20  ipc.o(i.rt_ipc_list_resume)
    i.rt_ipc_list_suspend                    0x080037f8   Section        0  ipc.o(i.rt_ipc_list_suspend)
    rt_ipc_list_suspend                      0x080037f9   Thumb Code   108  ipc.o(i.rt_ipc_list_suspend)
    i.rt_ipc_object_init                     0x08003864   Section        0  ipc.o(i.rt_ipc_object_init)
    rt_ipc_object_init                       0x08003865   Thumb Code    16  ipc.o(i.rt_ipc_object_init)
    i.rt_kprintf                             0x08003874   Section        0  kservice.o(i.rt_kprintf)
    i.rt_list_init                           0x080038a4   Section        0  ipc.o(i.rt_list_init)
    rt_list_init                             0x080038a5   Thumb Code     6  ipc.o(i.rt_list_init)
    i.rt_list_init                           0x080038aa   Section        0  scheduler.o(i.rt_list_init)
    rt_list_init                             0x080038ab   Thumb Code     6  scheduler.o(i.rt_list_init)
    i.rt_list_init                           0x080038b0   Section        0  timer_1.o(i.rt_list_init)
    rt_list_init                             0x080038b1   Thumb Code     6  timer_1.o(i.rt_list_init)
    i.rt_list_insert_after                   0x080038b6   Section        0  object.o(i.rt_list_insert_after)
    rt_list_insert_after                     0x080038b7   Thumb Code    14  object.o(i.rt_list_insert_after)
    i.rt_list_insert_after                   0x080038c4   Section        0  thread.o(i.rt_list_insert_after)
    rt_list_insert_after                     0x080038c5   Thumb Code    14  thread.o(i.rt_list_insert_after)
    i.rt_list_insert_after                   0x080038d2   Section        0  timer_1.o(i.rt_list_insert_after)
    rt_list_insert_after                     0x080038d3   Thumb Code    14  timer_1.o(i.rt_list_insert_after)
    i.rt_list_insert_before                  0x080038e0   Section        0  ipc.o(i.rt_list_insert_before)
    rt_list_insert_before                    0x080038e1   Thumb Code    14  ipc.o(i.rt_list_insert_before)
    i.rt_list_isempty                        0x080038ee   Section        0  ipc.o(i.rt_list_isempty)
    rt_list_isempty                          0x080038ef   Thumb Code    16  ipc.o(i.rt_list_isempty)
    i.rt_list_isempty                        0x080038fe   Section        0  timer_1.o(i.rt_list_isempty)
    rt_list_isempty                          0x080038ff   Thumb Code    16  timer_1.o(i.rt_list_isempty)
    i.rt_list_remove                         0x0800390e   Section        0  object.o(i.rt_list_remove)
    rt_list_remove                           0x0800390f   Thumb Code    18  object.o(i.rt_list_remove)
    i.rt_list_remove                         0x08003920   Section        0  thread.o(i.rt_list_remove)
    rt_list_remove                           0x08003921   Thumb Code    18  thread.o(i.rt_list_remove)
    i.rt_malloc                              0x08003934   Section        0  mem.o(i.rt_malloc)
    i.rt_memset                              0x08003aa0   Section        0  kservice.o(i.rt_memset)
    i.rt_object_allocate                     0x08003ae8   Section        0  object.o(i.rt_object_allocate)
    i.rt_object_delete                       0x08003b32   Section        0  object.o(i.rt_object_delete)
    i.rt_object_detach                       0x08003b52   Section        0  object.o(i.rt_object_detach)
    i.rt_object_get_information              0x08003b6c   Section        0  object.o(i.rt_object_get_information)
    i.rt_object_init                         0x08003b94   Section        0  object.o(i.rt_object_init)
    i.rt_object_is_systemobject              0x08003bd0   Section        0  object.o(i.rt_object_is_systemobject)
    i.rt_schedule                            0x08003be4   Section        0  scheduler.o(i.rt_schedule)
    i.rt_schedule_insert_thread              0x08003c74   Section        0  scheduler.o(i.rt_schedule_insert_thread)
    i.rt_schedule_remove_thread              0x08003cc4   Section        0  scheduler.o(i.rt_schedule_remove_thread)
    i.rt_sem_create                          0x08003d18   Section        0  ipc.o(i.rt_sem_create)
    i.rt_sem_init                            0x08003d42   Section        0  ipc.o(i.rt_sem_init)
    i.rt_sem_release                         0x08003d68   Section        0  ipc.o(i.rt_sem_release)
    i.rt_sem_take                            0x08003da2   Section        0  ipc.o(i.rt_sem_take)
    i.rt_show_version                        0x08003e18   Section        0  kservice.o(i.rt_show_version)
    i.rt_strlen                              0x08003ec8   Section        0  kservice.o(i.rt_strlen)
    i.rt_strncpy                             0x08003eda   Section        0  kservice.o(i.rt_strncpy)
    i.rt_system_heap_init                    0x08003f10   Section        0  mem.o(i.rt_system_heap_init)
    i.rt_system_scheduler_init               0x08004008   Section        0  scheduler.o(i.rt_system_scheduler_init)
    i.rt_system_scheduler_start              0x08004054   Section        0  scheduler.o(i.rt_system_scheduler_start)
    i.rt_system_timer_init                   0x08004084   Section        0  timer_1.o(i.rt_system_timer_init)
    i.rt_system_timer_thread_init            0x080040a0   Section        0  timer_1.o(i.rt_system_timer_thread_init)
    i.rt_thread_create                       0x080040a2   Section        0  thread.o(i.rt_thread_create)
    i.rt_thread_delay                        0x080040f2   Section        0  thread.o(i.rt_thread_delay)
    i.rt_thread_exit                         0x08004100   Section        0  thread.o(i.rt_thread_exit)
    i.rt_thread_idle_entry                   0x08004154   Section        0  idle.o(i.rt_thread_idle_entry)
    rt_thread_idle_entry                     0x08004155   Thumb Code     8  idle.o(i.rt_thread_idle_entry)
    i.rt_thread_idle_excute                  0x0800415c   Section        0  idle.o(i.rt_thread_idle_excute)
    i.rt_thread_idle_init                    0x080041e0   Section        0  idle.o(i.rt_thread_idle_init)
    i.rt_thread_init                         0x0800421c   Section        0  thread.o(i.rt_thread_init)
    i.rt_thread_resume                       0x08004250   Section        0  thread.o(i.rt_thread_resume)
    i.rt_thread_self                         0x0800428c   Section        0  thread.o(i.rt_thread_self)
    i.rt_thread_sleep                        0x08004298   Section        0  thread.o(i.rt_thread_sleep)
    i.rt_thread_startup                      0x080042dc   Section        0  thread.o(i.rt_thread_startup)
    i.rt_thread_suspend                      0x08004308   Section        0  thread.o(i.rt_thread_suspend)
    i.rt_thread_timeout                      0x0800434c   Section        0  thread.o(i.rt_thread_timeout)
    i.rt_thread_yield                        0x0800436c   Section        0  thread.o(i.rt_thread_yield)
    i.rt_tick_get                            0x080043d0   Section        0  clock.o(i.rt_tick_get)
    i.rt_tick_increase                       0x080043dc   Section        0  clock.o(i.rt_tick_increase)
    i.rt_timer_check                         0x0800440c   Section        0  timer_1.o(i.rt_timer_check)
    i.rt_timer_control                       0x08004488   Section        0  timer_1.o(i.rt_timer_control)
    i.rt_timer_detach                        0x080044c0   Section        0  timer_1.o(i.rt_timer_detach)
    i.rt_timer_init                          0x080044e0   Section        0  timer_1.o(i.rt_timer_init)
    i.rt_timer_start                         0x08004510   Section        0  timer_1.o(i.rt_timer_start)
    i.rt_timer_stop                          0x08004608   Section        0  timer_1.o(i.rt_timer_stop)
    i.rt_vsnprintf                           0x08004638   Section        0  kservice.o(i.rt_vsnprintf)
    i.rti_board_end                          0x08004960   Section        0  components.o(i.rti_board_end)
    rti_board_end                            0x08004961   Thumb Code     4  components.o(i.rti_board_end)
    i.rti_board_start                        0x08004964   Section        0  components.o(i.rti_board_start)
    rti_board_start                          0x08004965   Thumb Code     4  components.o(i.rti_board_start)
    i.rti_end                                0x08004968   Section        0  components.o(i.rti_end)
    rti_end                                  0x08004969   Thumb Code     4  components.o(i.rti_end)
    i.rti_start                              0x0800496c   Section        0  components.o(i.rti_start)
    rti_start                                0x0800496d   Thumb Code     4  components.o(i.rti_start)
    i.rtthread_startup                       0x08004970   Section        0  components.o(i.rtthread_startup)
    i.skip_atoi                              0x0800499a   Section        0  kservice.o(i.skip_atoi)
    skip_atoi                                0x0800499b   Thumb Code    38  kservice.o(i.skip_atoi)
    i.uart3_init                             0x080049c0   Section        0  usart.o(i.uart3_init)
    i.uart_init                              0x08004a98   Section        0  usart.o(i.uart_init)
    .constdata                               0x08004b4c   Section       24  main.o(.constdata)
    .constdata                               0x08004b64   Section      290  kservice.o(.constdata)
    small_digits                             0x08004c64   Data          17  kservice.o(.constdata)
    large_digits                             0x08004c75   Data          17  kservice.o(.constdata)
    .constdata                               0x08004c86   Section       10  24l01.o(.constdata)
    .constdata                               0x08004c90   Section      129  ctype_o.o(.constdata)
    .constdata                               0x08004d14   Section        4  ctype_o.o(.constdata)
    table                                    0x08004d14   Data           4  ctype_o.o(.constdata)
    .rti_fn.0                                0x08004d18   Section        4  components.o(.rti_fn.0)
    __tagsym$$used                           0x08004d18   Number         0  components.o(.rti_fn.0)
    .rti_fn.0.end                            0x08004d1c   Section        4  components.o(.rti_fn.0.end)
    __tagsym$$used                           0x08004d1c   Number         0  components.o(.rti_fn.0.end)
    .rti_fn.1.end                            0x08004d20   Section        4  components.o(.rti_fn.1.end)
    __tagsym$$used                           0x08004d20   Number         0  components.o(.rti_fn.1.end)
    .rti_fn.6.end                            0x08004d24   Section        4  components.o(.rti_fn.6.end)
    __tagsym$$used                           0x08004d24   Number         0  components.o(.rti_fn.6.end)
    .data                                    0x20000000   Section       20  system_stm32f4xx.o(.data)
    .data                                    0x20000014   Section       16  stm32f4xx_rcc.o(.data)
    APBAHBPrescTable                         0x20000014   Data          16  stm32f4xx_rcc.o(.data)
    .data                                    0x20000024   Section       24  main.o(.data)
    data_thread                              0x20000028   Data           4  main.o(.data)
    onenet_thread                            0x2000002c   Data           4  main.o(.data)
    nrf_thread                               0x20000030   Data           4  main.o(.data)
    alarm_thread                             0x20000034   Data           4  main.o(.data)
    .data                                    0x2000003c   Section        4  delay.o(.data)
    fac_us                                   0x2000003c   Data           1  delay.o(.data)
    fac_ms                                   0x2000003e   Data           2  delay.o(.data)
    .data                                    0x20000040   Section        9  usart.o(.data)
    index                                    0x20000048   Data           1  usart.o(.data)
    .data                                    0x2000004a   Section        4  esp8266.o(.data)
    .data                                    0x20000050   Section        4  clock.o(.data)
    rt_tick                                  0x20000050   Data           4  clock.o(.data)
    .data                                    0x20000054   Section        1  irq.o(.data)
    .data                                    0x20000058   Section       24  mem.o(.data)
    heap_ptr                                 0x20000058   Data           4  mem.o(.data)
    heap_end                                 0x2000005c   Data           4  mem.o(.data)
    lfree                                    0x20000060   Data           4  mem.o(.data)
    mem_size_aligned                         0x20000064   Data           4  mem.o(.data)
    used_mem                                 0x20000068   Data           4  mem.o(.data)
    max_mem                                  0x2000006c   Data           4  mem.o(.data)
    .data                                    0x20000070   Section       64  object.o(.data)
    rt_object_container                      0x20000070   Data          64  object.o(.data)
    .data                                    0x200000b0   Section       24  scheduler.o(.data)
    rt_scheduler_lock_nest                   0x200000b0   Data           2  scheduler.o(.data)
    .data                                    0x200000c8   Section       12  timer_1.o(.data)
    rt_timer_list                            0x200000c8   Data           8  timer_1.o(.data)
    random_nr                                0x200000d0   Data           4  timer_1.o(.data)
    .data                                    0x200000d4   Section       16  cpuport.o(.data)
    rt_exception_hook                        0x200000e0   Data           4  cpuport.o(.data)
    .data                                    0x200000e4   Section        4  mvars.o(.data)
    .data                                    0x200000e8   Section        4  mvars.o(.data)
    .data                                    0x200000ec   Section        4  errno.o(.data)
    _errno                                   0x200000ec   Data           4  errno.o(.data)
    .bss                                     0x200000f0   Section       65  main.o(.bss)
    .bss                                     0x20000134   Section     4096  board.o(.bss)
    rt_heap                                  0x20000134   Data        4096  board.o(.bss)
    .bss                                     0x20001134   Section      400  usart.o(.bss)
    .bss                                     0x200012c4   Section      128  esp8266.o(.bss)
    .bss                                     0x20001344   Section      376  idle.o(.bss)
    idle                                     0x20001344   Data         120  idle.o(.bss)
    rt_thread_stack                          0x200013bc   Data         256  idle.o(.bss)
    .bss                                     0x200014bc   Section      128  kservice.o(.bss)
    rt_log_buf                               0x200014bc   Data         128  kservice.o(.bss)
    .bss                                     0x2000153c   Section       32  mem.o(.bss)
    heap_sem                                 0x2000153c   Data          32  mem.o(.bss)
    .bss                                     0x2000155c   Section       64  scheduler.o(.bss)
    HEAP                                     0x200015a0   Section      512  startup_stm32f40xx.o(HEAP)
    STACK                                    0x200017a0   Section     1024  startup_stm32f40xx.o(STACK)

    Global Symbols

    Symbol Name                              Value     Ov Type        Size  Object(Section)

    BuildAttributes$$THM_ISAv4$E$P$D$K$B$S$7EM$VFPi3$EXTD16$VFPS$VFMA$PE$A:L22UL41UL21$X:L11$S22US41US21$IEEE1$IW$USESV6$~STKCKD$USESV7$~SHL$OSPACE$ROPI$EBA8$MICROLIB$REQ8$PRES8$EABIv2 0x00000000   Number         0  anon$$obj.o ABSOLUTE
    __ARM_use_no_argv                        0x00000000   Number         0  main.o ABSOLUTE
    __use_no_errno                           0x00000000   Number         0  useno.o ABSOLUTE
    __use_no_exception_handling              0x00000000   Number         0  useno.o ABSOLUTE
    __use_no_fp                              0x00000000   Number         0  useno.o ABSOLUTE
    __use_no_heap                            0x00000000   Number         0  useno.o ABSOLUTE
    __use_no_heap_region                     0x00000000   Number         0  useno.o ABSOLUTE
    __use_no_semihosting                     0x00000000   Number         0  useno.o ABSOLUTE
    __use_no_semihosting_swi                 0x00000000   Number         0  useno.o ABSOLUTE
    __use_no_signal_handling                 0x00000000   Number         0  useno.o ABSOLUTE
    _printf_a                                0x00000000   Number         0  stubs.o ABSOLUTE
    _printf_c                                0x00000000   Number         0  stubs.o ABSOLUTE
    _printf_charcount                        0x00000000   Number         0  stubs.o ABSOLUTE
    _printf_d                                0x00000000   Number         0  stubs.o ABSOLUTE
    _printf_e                                0x00000000   Number         0  stubs.o ABSOLUTE
    _printf_f                                0x00000000   Number         0  stubs.o ABSOLUTE
    _printf_flags                            0x00000000   Number         0  stubs.o ABSOLUTE
    _printf_fp_dec                           0x00000000   Number         0  stubs.o ABSOLUTE
    _printf_fp_hex                           0x00000000   Number         0  stubs.o ABSOLUTE
    _printf_g                                0x00000000   Number         0  stubs.o ABSOLUTE
    _printf_i                                0x00000000   Number         0  stubs.o ABSOLUTE
    _printf_int_dec                          0x00000000   Number         0  stubs.o ABSOLUTE
    _printf_l                                0x00000000   Number         0  stubs.o ABSOLUTE
    _printf_lc                               0x00000000   Number         0  stubs.o ABSOLUTE
    _printf_ll                               0x00000000   Number         0  stubs.o ABSOLUTE
    _printf_lld                              0x00000000   Number         0  stubs.o ABSOLUTE
    _printf_lli                              0x00000000   Number         0  stubs.o ABSOLUTE
    _printf_llo                              0x00000000   Number         0  stubs.o ABSOLUTE
    _printf_llu                              0x00000000   Number         0  stubs.o ABSOLUTE
    _printf_llx                              0x00000000   Number         0  stubs.o ABSOLUTE
    _printf_longlong_dec                     0x00000000   Number         0  stubs.o ABSOLUTE
    _printf_longlong_hex                     0x00000000   Number         0  stubs.o ABSOLUTE
    _printf_longlong_oct                     0x00000000   Number         0  stubs.o ABSOLUTE
    _printf_ls                               0x00000000   Number         0  stubs.o ABSOLUTE
    _printf_mbtowc                           0x00000000   Number         0  stubs.o ABSOLUTE
    _printf_n                                0x00000000   Number         0  stubs.o ABSOLUTE
    _printf_o                                0x00000000   Number         0  stubs.o ABSOLUTE
    _printf_p                                0x00000000   Number         0  stubs.o ABSOLUTE
    _printf_percent                          0x00000000   Number         0  stubs.o ABSOLUTE
    _printf_pre_padding                      0x00000000   Number         0  stubs.o ABSOLUTE
    _printf_return_value                     0x00000000   Number         0  stubs.o ABSOLUTE
    _printf_s                                0x00000000   Number         0  stubs.o ABSOLUTE
    _printf_sizespec                         0x00000000   Number         0  stubs.o ABSOLUTE
    _printf_str                              0x00000000   Number         0  stubs.o ABSOLUTE
    _printf_truncate_signed                  0x00000000   Number         0  stubs.o ABSOLUTE
    _printf_truncate_unsigned                0x00000000   Number         0  stubs.o ABSOLUTE
    _printf_u                                0x00000000   Number         0  stubs.o ABSOLUTE
    _printf_wc                               0x00000000   Number         0  stubs.o ABSOLUTE
    _printf_wctomb                           0x00000000   Number         0  stubs.o ABSOLUTE
    _printf_widthprec                        0x00000000   Number         0  stubs.o ABSOLUTE
    _printf_x                                0x00000000   Number         0  stubs.o ABSOLUTE
    __arm_fini_                               - Undefined Weak Reference
    __cpp_initialize__aeabi_                  - Undefined Weak Reference
    __cxa_finalize                            - Undefined Weak Reference
    __decompress                              - Undefined Weak Reference
    _clock_init                               - Undefined Weak Reference
    _microlib_exit                            - Undefined Weak Reference
    __Vectors_Size                           0x00000188   Number         0  startup_stm32f40xx.o ABSOLUTE
    __Vectors                                0x08000000   Data           4  startup_stm32f40xx.o(RESET)
    __Vectors_End                            0x08000188   Data           0  startup_stm32f40xx.o(RESET)
    __main                                   0x08000189   Thumb Code     0  entry.o(.ARM.Collect$$$$00000000)
    _main_stk                                0x08000189   Thumb Code     0  entry2.o(.ARM.Collect$$$$00000001)
    _main_scatterload                        0x0800018d   Thumb Code     0  entry5.o(.ARM.Collect$$$$00000004)
    __main_after_scatterload                 0x08000191   Thumb Code     0  entry5.o(.ARM.Collect$$$$00000004)
    _main_clock                              0x08000191   Thumb Code     0  entry7b.o(.ARM.Collect$$$$00000008)
    _main_cpp_init                           0x08000191   Thumb Code     0  entry8b.o(.ARM.Collect$$$$0000000A)
    _main_init                               0x08000191   Thumb Code     0  entry9a.o(.ARM.Collect$$$$0000000B)
    __rt_lib_shutdown_fini                   0x08000199   Thumb Code     0  entry12b.o(.ARM.Collect$$$$0000000E)
    __rt_final_cpp                           0x0800019d   Thumb Code     0  entry10a.o(.ARM.Collect$$$$0000000F)
    __rt_final_exit                          0x0800019d   Thumb Code     0  entry11a.o(.ARM.Collect$$$$00000011)
    Reset_Handler                            0x080001a1   Thumb Code     8  startup_stm32f40xx.o(.text)
    NMI_Handler                              0x080001a9   Thumb Code     2  startup_stm32f40xx.o(.text)
    MemManage_Handler                        0x080001ad   Thumb Code     2  startup_stm32f40xx.o(.text)
    BusFault_Handler                         0x080001af   Thumb Code     2  startup_stm32f40xx.o(.text)
    UsageFault_Handler                       0x080001b1   Thumb Code     2  startup_stm32f40xx.o(.text)
    SVC_Handler                              0x080001b3   Thumb Code     2  startup_stm32f40xx.o(.text)
    DebugMon_Handler                         0x080001b5   Thumb Code     2  startup_stm32f40xx.o(.text)
    ADC_IRQHandler                           0x080001bb   Thumb Code     0  startup_stm32f40xx.o(.text)
    CAN1_RX0_IRQHandler                      0x080001bb   Thumb Code     0  startup_stm32f40xx.o(.text)
    CAN1_RX1_IRQHandler                      0x080001bb   Thumb Code     0  startup_stm32f40xx.o(.text)
    CAN1_SCE_IRQHandler                      0x080001bb   Thumb Code     0  startup_stm32f40xx.o(.text)
    CAN1_TX_IRQHandler                       0x080001bb   Thumb Code     0  startup_stm32f40xx.o(.text)
    CAN2_RX0_IRQHandler                      0x080001bb   Thumb Code     0  startup_stm32f40xx.o(.text)
    CAN2_RX1_IRQHandler                      0x080001bb   Thumb Code     0  startup_stm32f40xx.o(.text)
    CAN2_SCE_IRQHandler                      0x080001bb   Thumb Code     0  startup_stm32f40xx.o(.text)
    CAN2_TX_IRQHandler                       0x080001bb   Thumb Code     0  startup_stm32f40xx.o(.text)
    CRYP_IRQHandler                          0x080001bb   Thumb Code     0  startup_stm32f40xx.o(.text)
    DCMI_IRQHandler                          0x080001bb   Thumb Code     0  startup_stm32f40xx.o(.text)
    DMA1_Stream0_IRQHandler                  0x080001bb   Thumb Code     0  startup_stm32f40xx.o(.text)
    DMA1_Stream1_IRQHandler                  0x080001bb   Thumb Code     0  startup_stm32f40xx.o(.text)
    DMA1_Stream2_IRQHandler                  0x080001bb   Thumb Code     0  startup_stm32f40xx.o(.text)
    DMA1_Stream3_IRQHandler                  0x080001bb   Thumb Code     0  startup_stm32f40xx.o(.text)
    DMA1_Stream4_IRQHandler                  0x080001bb   Thumb Code     0  startup_stm32f40xx.o(.text)
    DMA1_Stream5_IRQHandler                  0x080001bb   Thumb Code     0  startup_stm32f40xx.o(.text)
    DMA1_Stream6_IRQHandler                  0x080001bb   Thumb Code     0  startup_stm32f40xx.o(.text)
    DMA1_Stream7_IRQHandler                  0x080001bb   Thumb Code     0  startup_stm32f40xx.o(.text)
    DMA2_Stream0_IRQHandler                  0x080001bb   Thumb Code     0  startup_stm32f40xx.o(.text)
    DMA2_Stream1_IRQHandler                  0x080001bb   Thumb Code     0  startup_stm32f40xx.o(.text)
    DMA2_Stream2_IRQHandler                  0x080001bb   Thumb Code     0  startup_stm32f40xx.o(.text)
    DMA2_Stream3_IRQHandler                  0x080001bb   Thumb Code     0  startup_stm32f40xx.o(.text)
    DMA2_Stream4_IRQHandler                  0x080001bb   Thumb Code     0  startup_stm32f40xx.o(.text)
    DMA2_Stream5_IRQHandler                  0x080001bb   Thumb Code     0  startup_stm32f40xx.o(.text)
    DMA2_Stream6_IRQHandler                  0x080001bb   Thumb Code     0  startup_stm32f40xx.o(.text)
    DMA2_Stream7_IRQHandler                  0x080001bb   Thumb Code     0  startup_stm32f40xx.o(.text)
    ETH_IRQHandler                           0x080001bb   Thumb Code     0  startup_stm32f40xx.o(.text)
    ETH_WKUP_IRQHandler                      0x080001bb   Thumb Code     0  startup_stm32f40xx.o(.text)
    EXTI0_IRQHandler                         0x080001bb   Thumb Code     0  startup_stm32f40xx.o(.text)
    EXTI15_10_IRQHandler                     0x080001bb   Thumb Code     0  startup_stm32f40xx.o(.text)
    EXTI1_IRQHandler                         0x080001bb   Thumb Code     0  startup_stm32f40xx.o(.text)
    EXTI2_IRQHandler                         0x080001bb   Thumb Code     0  startup_stm32f40xx.o(.text)
    EXTI3_IRQHandler                         0x080001bb   Thumb Code     0  startup_stm32f40xx.o(.text)
    EXTI4_IRQHandler                         0x080001bb   Thumb Code     0  startup_stm32f40xx.o(.text)
    EXTI9_5_IRQHandler                       0x080001bb   Thumb Code     0  startup_stm32f40xx.o(.text)
    FLASH_IRQHandler                         0x080001bb   Thumb Code     0  startup_stm32f40xx.o(.text)
    FPU_IRQHandler                           0x080001bb   Thumb Code     0  startup_stm32f40xx.o(.text)
    FSMC_IRQHandler                          0x080001bb   Thumb Code     0  startup_stm32f40xx.o(.text)
    HASH_RNG_IRQHandler                      0x080001bb   Thumb Code     0  startup_stm32f40xx.o(.text)
    I2C1_ER_IRQHandler                       0x080001bb   Thumb Code     0  startup_stm32f40xx.o(.text)
    I2C1_EV_IRQHandler                       0x080001bb   Thumb Code     0  startup_stm32f40xx.o(.text)
    I2C2_ER_IRQHandler                       0x080001bb   Thumb Code     0  startup_stm32f40xx.o(.text)
    I2C2_EV_IRQHandler                       0x080001bb   Thumb Code     0  startup_stm32f40xx.o(.text)
    I2C3_ER_IRQHandler                       0x080001bb   Thumb Code     0  startup_stm32f40xx.o(.text)
    I2C3_EV_IRQHandler                       0x080001bb   Thumb Code     0  startup_stm32f40xx.o(.text)
    OTG_FS_IRQHandler                        0x080001bb   Thumb Code     0  startup_stm32f40xx.o(.text)
    OTG_FS_WKUP_IRQHandler                   0x080001bb   Thumb Code     0  startup_stm32f40xx.o(.text)
    OTG_HS_EP1_IN_IRQHandler                 0x080001bb   Thumb Code     0  startup_stm32f40xx.o(.text)
    OTG_HS_EP1_OUT_IRQHandler                0x080001bb   Thumb Code     0  startup_stm32f40xx.o(.text)
    OTG_HS_IRQHandler                        0x080001bb   Thumb Code     0  startup_stm32f40xx.o(.text)
    OTG_HS_WKUP_IRQHandler                   0x080001bb   Thumb Code     0  startup_stm32f40xx.o(.text)
    PVD_IRQHandler                           0x080001bb   Thumb Code     0  startup_stm32f40xx.o(.text)
    RCC_IRQHandler                           0x080001bb   Thumb Code     0  startup_stm32f40xx.o(.text)
    RTC_Alarm_IRQHandler                     0x080001bb   Thumb Code     0  startup_stm32f40xx.o(.text)
    RTC_WKUP_IRQHandler                      0x080001bb   Thumb Code     0  startup_stm32f40xx.o(.text)
    SDIO_IRQHandler                          0x080001bb   Thumb Code     0  startup_stm32f40xx.o(.text)
    SPI1_IRQHandler                          0x080001bb   Thumb Code     0  startup_stm32f40xx.o(.text)
    SPI2_IRQHandler                          0x080001bb   Thumb Code     0  startup_stm32f40xx.o(.text)
    SPI3_IRQHandler                          0x080001bb   Thumb Code     0  startup_stm32f40xx.o(.text)
    TAMP_STAMP_IRQHandler                    0x080001bb   Thumb Code     0  startup_stm32f40xx.o(.text)
    TIM1_BRK_TIM9_IRQHandler                 0x080001bb   Thumb Code     0  startup_stm32f40xx.o(.text)
    TIM1_CC_IRQHandler                       0x080001bb   Thumb Code     0  startup_stm32f40xx.o(.text)
    TIM1_TRG_COM_TIM11_IRQHandler            0x080001bb   Thumb Code     0  startup_stm32f40xx.o(.text)
    TIM1_UP_TIM10_IRQHandler                 0x080001bb   Thumb Code     0  startup_stm32f40xx.o(.text)
    TIM2_IRQHandler                          0x080001bb   Thumb Code     0  startup_stm32f40xx.o(.text)
    TIM3_IRQHandler                          0x080001bb   Thumb Code     0  startup_stm32f40xx.o(.text)
    TIM4_IRQHandler                          0x080001bb   Thumb Code     0  startup_stm32f40xx.o(.text)
    TIM5_IRQHandler                          0x080001bb   Thumb Code     0  startup_stm32f40xx.o(.text)
    TIM6_DAC_IRQHandler                      0x080001bb   Thumb Code     0  startup_stm32f40xx.o(.text)
    TIM8_BRK_TIM12_IRQHandler                0x080001bb   Thumb Code     0  startup_stm32f40xx.o(.text)
    TIM8_CC_IRQHandler                       0x080001bb   Thumb Code     0  startup_stm32f40xx.o(.text)
    TIM8_TRG_COM_TIM14_IRQHandler            0x080001bb   Thumb Code     0  startup_stm32f40xx.o(.text)
    TIM8_UP_TIM13_IRQHandler                 0x080001bb   Thumb Code     0  startup_stm32f40xx.o(.text)
    UART4_IRQHandler                         0x080001bb   Thumb Code     0  startup_stm32f40xx.o(.text)
    UART5_IRQHandler                         0x080001bb   Thumb Code     0  startup_stm32f40xx.o(.text)
    USART2_IRQHandler                        0x080001bb   Thumb Code     0  startup_stm32f40xx.o(.text)
    USART6_IRQHandler                        0x080001bb   Thumb Code     0  startup_stm32f40xx.o(.text)
    WWDG_IRQHandler                          0x080001bb   Thumb Code     0  startup_stm32f40xx.o(.text)
    rt_hw_interrupt_disable                  0x080001c5   Thumb Code     8  context_rvds.o(.text)
    rt_hw_interrupt_enable                   0x080001cd   Thumb Code     6  context_rvds.o(.text)
    rt_hw_context_switch                     0x080001d3   Thumb Code    32  context_rvds.o(.text)
    rt_hw_context_switch_interrupt           0x080001d3   Thumb Code     0  context_rvds.o(.text)
    PendSV_Handler                           0x080001f3   Thumb Code   108  context_rvds.o(.text)
    rt_hw_context_switch_to                  0x0800025f   Thumb Code    70  context_rvds.o(.text)
    rt_hw_interrupt_thread_switch            0x080002a5   Thumb Code     2  context_rvds.o(.text)
    HardFault_Handler                        0x080002a7   Thumb Code    20  context_rvds.o(.text)
    __aeabi_memcpy                           0x080002d5   Thumb Code    36  memcpya.o(.text)
    __aeabi_memcpy4                          0x080002d5   Thumb Code     0  memcpya.o(.text)
    __aeabi_memcpy8                          0x080002d5   Thumb Code     0  memcpya.o(.text)
    __aeabi_memset                           0x080002f9   Thumb Code    14  memseta.o(.text)
    __aeabi_memset4                          0x080002f9   Thumb Code     0  memseta.o(.text)
    __aeabi_memset8                          0x080002f9   Thumb Code     0  memseta.o(.text)
    __aeabi_memclr                           0x08000307   Thumb Code     4  memseta.o(.text)
    __aeabi_memclr4                          0x08000307   Thumb Code     0  memseta.o(.text)
    __aeabi_memclr8                          0x08000307   Thumb Code     0  memseta.o(.text)
    _memset$wrapper                          0x0800030b   Thumb Code    18  memseta.o(.text)
    strcat                                   0x0800031d   Thumb Code    24  strcat.o(.text)
    strstr                                   0x08000335   Thumb Code    36  strstr.o(.text)
    strchr                                   0x08000359   Thumb Code    20  strchr.o(.text)
    strlen                                   0x0800036d   Thumb Code    14  strlen.o(.text)
    strncat                                  0x0800037b   Thumb Code    40  strncat.o(.text)
    strcpy                                   0x080003a3   Thumb Code    18  strcpy.o(.text)
    atoi                                     0x080003b5   Thumb Code    26  atoi.o(.text)
    __aeabi_uldivmod                         0x080003cf   Thumb Code    98  uldiv.o(.text)
    strtol                                   0x08000431   Thumb Code   112  strtol.o(.text)
    __scatterload                            0x080004a1   Thumb Code    28  init.o(.text)
    __scatterload_rt2                        0x080004a1   Thumb Code     0  init.o(.text)
    __aeabi_llsl                             0x080004c5   Thumb Code    30  llshl.o(.text)
    _ll_shift_l                              0x080004c5   Thumb Code     0  llshl.o(.text)
    __aeabi_llsr                             0x080004e3   Thumb Code    32  llushr.o(.text)
    _ll_ushift_r                             0x080004e3   Thumb Code     0  llushr.o(.text)
    __rt_ctype_table                         0x08000505   Thumb Code     4  ctype_o.o(.text)
    _strtoul                                 0x0800050d   Thumb Code   158  _strtoul.o(.text)
    _chval                                   0x080005ab   Thumb Code    28  _chval.o(.text)
    main                                     0x080005c7   Thumb Code    14  components.o(i.$Sub$$main)
    BEEP_GPIO_Config                         0x080005d5   Thumb Code    50  bsp_beep.o(i.BEEP_GPIO_Config)
    ESP8266_Clear                            0x0800060d   Thumb Code    18  esp8266.o(i.ESP8266_Clear)
    ESP8266_GetIPD                           0x08000629   Thumb Code    68  esp8266.o(i.ESP8266_GetIPD)
    ESP8266_Init                             0x08000679   Thumb Code   194  esp8266.o(i.ESP8266_Init)
    ESP8266_RSTInit                          0x0800082d   Thumb Code    40  esp8266.o(i.ESP8266_RSTInit)
    ESP8266_SendCmd                          0x08000859   Thumb Code    90  esp8266.o(i.ESP8266_SendCmd)
    ESP8266_SendData                         0x080008d9   Thumb Code    46  esp8266.o(i.ESP8266_SendData)
    ESP8266_WaitRecive                       0x08000921   Thumb Code    42  esp8266.o(i.ESP8266_WaitRecive)
    GPIO_Init                                0x08000955   Thumb Code   144  stm32f4xx_gpio.o(i.GPIO_Init)
    GPIO_PinAFConfig                         0x080009e5   Thumb Code    70  stm32f4xx_gpio.o(i.GPIO_PinAFConfig)
    GPIO_ResetBits                           0x08000a2b   Thumb Code     4  stm32f4xx_gpio.o(i.GPIO_ResetBits)
    GPIO_SetBits                             0x08000a2f   Thumb Code     4  stm32f4xx_gpio.o(i.GPIO_SetBits)
    GPIO_WriteBit                            0x08000a33   Thumb Code    10  stm32f4xx_gpio.o(i.GPIO_WriteBit)
    KEY_Init                                 0x08000a3d   Thumb Code    60  key.o(i.KEY_Init)
    LED_GPIO_Config                          0x08000a81   Thumb Code    78  bsp_led.o(i.LED_GPIO_Config)
    MQTT_DeleteBuffer                        0x08000ad5   Thumb Code    28  mqttkit.o(i.MQTT_DeleteBuffer)
    MQTT_DumpLength                          0x08000af1   Thumb Code    46  mqttkit.o(i.MQTT_DumpLength)
    MQTT_NewBuffer                           0x08000b1f   Thumb Code    88  mqttkit.o(i.MQTT_NewBuffer)
    MQTT_PacketCmdResp                       0x08000b79   Thumb Code   132  mqttkit.o(i.MQTT_PacketCmdResp)
    MQTT_PacketConnect                       0x08000c05   Thumb Code   666  mqttkit.o(i.MQTT_PacketConnect)
    MQTT_PacketPublish                       0x08000ea5   Thumb Code   418  mqttkit.o(i.MQTT_PacketPublish)
    MQTT_PacketSaveData                      0x08001049   Thumb Code    88  mqttkit.o(i.MQTT_PacketSaveData)
    MQTT_ReadLength                          0x080010a5   Thumb Code    70  mqttkit.o(i.MQTT_ReadLength)
    MQTT_UnPacketCmd                         0x080010eb   Thumb Code   140  mqttkit.o(i.MQTT_UnPacketCmd)
    MQTT_UnPacketConnectAck                  0x08001177   Thumb Code    30  mqttkit.o(i.MQTT_UnPacketConnectAck)
    MQTT_UnPacketPublishAck                  0x08001195   Thumb Code    30  mqttkit.o(i.MQTT_UnPacketPublishAck)
    MQTT_UnPacketRecv                        0x080011b5   Thumb Code   106  mqttkit.o(i.MQTT_UnPacketRecv)
    NRF24L01_Check                           0x08001229   Thumb Code    82  24l01.o(i.NRF24L01_Check)
    NRF24L01_Init                            0x08001299   Thumb Code   144  24l01.o(i.NRF24L01_Init)
    NRF24L01_RX_Mode                         0x08001339   Thumb Code    76  24l01.o(i.NRF24L01_RX_Mode)
    NRF24L01_Read_Buf                        0x08001391   Thumb Code    56  24l01.o(i.NRF24L01_Read_Buf)
    NRF24L01_Read_Reg                        0x080013cd   Thumb Code    36  24l01.o(i.NRF24L01_Read_Reg)
    NRF24L01_RxPacket                        0x080013f9   Thumb Code    58  24l01.o(i.NRF24L01_RxPacket)
    NRF24L01_SPI_Init                        0x08001435   Thumb Code    86  24l01.o(i.NRF24L01_SPI_Init)
    NRF24L01_TX_Mode                         0x08001491   Thumb Code    86  24l01.o(i.NRF24L01_TX_Mode)
    NRF24L01_TxPacket                        0x080014f9   Thumb Code    94  24l01.o(i.NRF24L01_TxPacket)
    NRF24L01_Write_Buf                       0x08001561   Thumb Code    56  24l01.o(i.NRF24L01_Write_Buf)
    NRF24L01_Write_Reg                       0x0800159d   Thumb Code    38  24l01.o(i.NRF24L01_Write_Reg)
    NVIC_Init                                0x080015cd   Thumb Code   106  misc.o(i.NVIC_Init)
    NVIC_PriorityGroupConfig                 0x08001645   Thumb Code    10  misc.o(i.NVIC_PriorityGroupConfig)
    OneNet_DevLink                           0x08001659   Thumb Code   212  onenet.o(i.OneNet_DevLink)
    OneNet_FillBuf                           0x08001881   Thumb Code   266  onenet.o(i.OneNet_FillBuf)
    OneNet_RevPro                            0x08001a15   Thumb Code   274  onenet.o(i.OneNet_RevPro)
    OneNet_SendData                          0x08001b91   Thumb Code   118  onenet.o(i.OneNet_SendData)
    RCC_AHB1PeriphClockCmd                   0x08001c59   Thumb Code    26  stm32f4xx_rcc.o(i.RCC_AHB1PeriphClockCmd)
    RCC_APB1PeriphClockCmd                   0x08001c79   Thumb Code    26  stm32f4xx_rcc.o(i.RCC_APB1PeriphClockCmd)
    RCC_APB2PeriphClockCmd                   0x08001c99   Thumb Code    26  stm32f4xx_rcc.o(i.RCC_APB2PeriphClockCmd)
    RCC_APB2PeriphResetCmd                   0x08001cb9   Thumb Code    26  stm32f4xx_rcc.o(i.RCC_APB2PeriphResetCmd)
    RCC_GetClocksFreq                        0x08001cd9   Thumb Code   214  stm32f4xx_rcc.o(i.RCC_GetClocksFreq)
    SPI1_Init                                0x08001dc1   Thumb Code   186  spi.o(i.SPI1_Init)
    SPI1_ReadWriteByte                       0x08001e85   Thumb Code    50  spi.o(i.SPI1_ReadWriteByte)
    SPI1_SetSpeed                            0x08001ebd   Thumb Code    36  spi.o(i.SPI1_SetSpeed)
    SPI_Cmd                                  0x08001ee5   Thumb Code    24  stm32f4xx_spi.o(i.SPI_Cmd)
    SPI_I2S_GetFlagStatus                    0x08001efd   Thumb Code    18  stm32f4xx_spi.o(i.SPI_I2S_GetFlagStatus)
    SPI_I2S_ReceiveData                      0x08001f0f   Thumb Code     6  stm32f4xx_spi.o(i.SPI_I2S_ReceiveData)
    SPI_I2S_SendData                         0x08001f15   Thumb Code     4  stm32f4xx_spi.o(i.SPI_I2S_SendData)
    SPI_Init                                 0x08001f19   Thumb Code    60  stm32f4xx_spi.o(i.SPI_Init)
    SysTick_CLKSourceConfig                  0x08002041   Thumb Code    40  misc.o(i.SysTick_CLKSourceConfig)
    SysTick_Handler                          0x08002069   Thumb Code    16  board.o(i.SysTick_Handler)
    SystemInit                               0x08002079   Thumb Code    88  system_stm32f4xx.o(i.SystemInit)
    TIM7_IRQHandler                          0x080020e1   Thumb Code    42  timer.o(i.TIM7_IRQHandler)
    TIM7_Int_Init                            0x08002115   Thumb Code    78  timer.o(i.TIM7_Int_Init)
    TIM_ClearITPendingBit                    0x08002169   Thumb Code     6  stm32f4xx_tim.o(i.TIM_ClearITPendingBit)
    TIM_Cmd                                  0x0800216f   Thumb Code    24  stm32f4xx_tim.o(i.TIM_Cmd)
    TIM_GetITStatus                          0x08002187   Thumb Code    34  stm32f4xx_tim.o(i.TIM_GetITStatus)
    TIM_ITConfig                             0x080021a9   Thumb Code    18  stm32f4xx_tim.o(i.TIM_ITConfig)
    TIM_TimeBaseInit                         0x080021bd   Thumb Code   104  stm32f4xx_tim.o(i.TIM_TimeBaseInit)
    USART1_IRQHandler                        0x08002241   Thumb Code    90  usart.o(i.USART1_IRQHandler)
    USART3_IRQHandler                        0x080022ad   Thumb Code    62  esp8266.o(i.USART3_IRQHandler)
    USART_ClearFlag                          0x080022f9   Thumb Code    18  stm32f4xx_usart.o(i.USART_ClearFlag)
    USART_Cmd                                0x0800230b   Thumb Code    24  stm32f4xx_usart.o(i.USART_Cmd)
    USART_GetFlagStatus                      0x08002323   Thumb Code    26  stm32f4xx_usart.o(i.USART_GetFlagStatus)
    USART_GetITStatus                        0x0800233d   Thumb Code    84  stm32f4xx_usart.o(i.USART_GetITStatus)
    USART_ITConfig                           0x08002391   Thumb Code    74  stm32f4xx_usart.o(i.USART_ITConfig)
    USART_Init                               0x080023dd   Thumb Code   204  stm32f4xx_usart.o(i.USART_Init)
    USART_ReceiveData                        0x080024b1   Thumb Code    10  stm32f4xx_usart.o(i.USART_ReceiveData)
    USART_SendData                           0x080024bb   Thumb Code     8  stm32f4xx_usart.o(i.USART_SendData)
    UsartPrintf                              0x080024c3   Thumb Code    42  usart.o(i.UsartPrintf)
    Usart_SendByte                           0x080024ed   Thumb Code    30  usart.o(i.Usart_SendByte)
    Usart_SendString                         0x0800250b   Thumb Code    50  usart.o(i.Usart_SendString)
    __0printf$5                              0x0800253d   Thumb Code    22  printf5.o(i.__0printf$5)
    __1printf$5                              0x0800253d   Thumb Code     0  printf5.o(i.__0printf$5)
    __2printf                                0x0800253d   Thumb Code     0  printf5.o(i.__0printf$5)
    __0sprintf$5                             0x0800255d   Thumb Code    34  printf5.o(i.__0sprintf$5)
    __1sprintf$5                             0x0800255d   Thumb Code     0  printf5.o(i.__0sprintf$5)
    __2sprintf                               0x0800255d   Thumb Code     0  printf5.o(i.__0sprintf$5)
    __aeabi_errno_addr                       0x08002585   Thumb Code     4  errno.o(i.__aeabi_errno_addr)
    __rt_errno_addr                          0x08002585   Thumb Code     0  errno.o(i.__aeabi_errno_addr)
    __rt_ffs                                 0x0800258d   Thumb Code    70  kservice.o(i.__rt_ffs)
    __scatterload_copy                       0x080025d9   Thumb Code    14  handlers.o(i.__scatterload_copy)
    __scatterload_null                       0x080025e7   Thumb Code     2  handlers.o(i.__scatterload_null)
    __scatterload_zeroinit                   0x080025e9   Thumb Code    14  handlers.o(i.__scatterload_zeroinit)
    delay_init                               0x08002c49   Thumb Code    50  delay.o(i.delay_init)
    delay_ms                                 0x08002c8d   Thumb Code    30  delay.o(i.delay_ms)
    delay_us                                 0x08002cad   Thumb Code    72  delay.o(i.delay_us)
    fputc                                    0x08002cf9   Thumb Code    22  usart.o(i.fputc)
    free                                     0x08002d15   Thumb Code    76  malloc.o(i.free)
    is_begin_with                            0x08002d65   Thumb Code    92  main.o(i.is_begin_with)
    $Super$$main                             0x08002dc1   Thumb Code   274  main.o(i.main)
    main_thread_entry                        0x08002fad   Thumb Code    14  components.o(i.main_thread_entry)
    malloc                                   0x08002fbd   Thumb Code    92  malloc.o(i.malloc)
    rt_application_init                      0x08003361   Thumb Code    32  components.o(i.rt_application_init)
    rt_components_board_init                 0x0800338d   Thumb Code    20  components.o(i.rt_components_board_init)
    rt_components_init                       0x080033a9   Thumb Code    20  components.o(i.rt_components_init)
    rt_enter_critical                        0x080033c5   Thumb Code    28  scheduler.o(i.rt_enter_critical)
    rt_exit_critical                         0x080033e5   Thumb Code    54  scheduler.o(i.rt_exit_critical)
    rt_free                                  0x08003421   Thumb Code   128  mem.o(i.rt_free)
    rt_heap_begin_get                        0x08003501   Thumb Code     4  board.o(i.rt_heap_begin_get)
    rt_heap_end_get                          0x08003509   Thumb Code     4  board.o(i.rt_heap_end_get)
    rt_hw_board_init                         0x08003511   Thumb Code   194  board.o(i.rt_hw_board_init)
    rt_hw_console_output                     0x080035f9   Thumb Code    74  board.o(i.rt_hw_console_output)
    rt_hw_hard_fault_exception               0x08003649   Thumb Code   108  cpuport.o(i.rt_hw_hard_fault_exception)
    rt_hw_stack_init                         0x08003755   Thumb Code    74  cpuport.o(i.rt_hw_stack_init)
    rt_interrupt_enter                       0x080037a5   Thumb Code    26  irq.o(i.rt_interrupt_enter)
    rt_interrupt_leave                       0x080037c5   Thumb Code    26  irq.o(i.rt_interrupt_leave)
    rt_kprintf                               0x08003875   Thumb Code    44  kservice.o(i.rt_kprintf)
    rt_malloc                                0x08003935   Thumb Code   336  mem.o(i.rt_malloc)
    rt_memset                                0x08003aa1   Thumb Code    72  kservice.o(i.rt_memset)
    rt_object_allocate                       0x08003ae9   Thumb Code    74  object.o(i.rt_object_allocate)
    rt_object_delete                         0x08003b33   Thumb Code    32  object.o(i.rt_object_delete)
    rt_object_detach                         0x08003b53   Thumb Code    26  object.o(i.rt_object_detach)
    rt_object_get_information                0x08003b6d   Thumb Code    36  object.o(i.rt_object_get_information)
    rt_object_init                           0x08003b95   Thumb Code    60  object.o(i.rt_object_init)
    rt_object_is_systemobject                0x08003bd1   Thumb Code    18  object.o(i.rt_object_is_systemobject)
    rt_schedule                              0x08003be5   Thumb Code   118  scheduler.o(i.rt_schedule)
    rt_schedule_insert_thread                0x08003c75   Thumb Code    72  scheduler.o(i.rt_schedule_insert_thread)
    rt_schedule_remove_thread                0x08003cc5   Thumb Code    76  scheduler.o(i.rt_schedule_remove_thread)
    rt_sem_create                            0x08003d19   Thumb Code    42  ipc.o(i.rt_sem_create)
    rt_sem_init                              0x08003d43   Thumb Code    38  ipc.o(i.rt_sem_init)
    rt_sem_release                           0x08003d69   Thumb Code    58  ipc.o(i.rt_sem_release)
    rt_sem_take                              0x08003da3   Thumb Code   116  ipc.o(i.rt_sem_take)
    rt_show_version                          0x08003e19   Thumb Code    38  kservice.o(i.rt_show_version)
    rt_strlen                                0x08003ec9   Thumb Code    18  kservice.o(i.rt_strlen)
    rt_strncpy                               0x08003edb   Thumb Code    52  kservice.o(i.rt_strncpy)
    rt_system_heap_init                      0x08003f11   Thumb Code   160  mem.o(i.rt_system_heap_init)
    rt_system_scheduler_init                 0x08004009   Thumb Code    52  scheduler.o(i.rt_system_scheduler_init)
    rt_system_scheduler_start                0x08004055   Thumb Code    36  scheduler.o(i.rt_system_scheduler_start)
    rt_system_timer_init                     0x08004085   Thumb Code    24  timer_1.o(i.rt_system_timer_init)
    rt_system_timer_thread_init              0x080040a1   Thumb Code     2  timer_1.o(i.rt_system_timer_thread_init)
    rt_thread_create                         0x080040a3   Thumb Code    80  thread.o(i.rt_thread_create)
    rt_thread_delay                          0x080040f3   Thumb Code    12  thread.o(i.rt_thread_delay)
    rt_thread_exit                           0x08004101   Thumb Code    76  thread.o(i.rt_thread_exit)
    rt_thread_idle_excute                    0x0800415d   Thumb Code   128  idle.o(i.rt_thread_idle_excute)
    rt_thread_idle_init                      0x080041e1   Thumb Code    38  idle.o(i.rt_thread_idle_init)
    rt_thread_init                           0x0800421d   Thumb Code    52  thread.o(i.rt_thread_init)
    rt_thread_resume                         0x08004251   Thumb Code    60  thread.o(i.rt_thread_resume)
    rt_thread_self                           0x0800428d   Thumb Code     6  thread.o(i.rt_thread_self)
    rt_thread_sleep                          0x08004299   Thumb Code    62  thread.o(i.rt_thread_sleep)
    rt_thread_startup                        0x080042dd   Thumb Code    44  thread.o(i.rt_thread_startup)
    rt_thread_suspend                        0x08004309   Thumb Code    68  thread.o(i.rt_thread_suspend)
    rt_thread_timeout                        0x0800434d   Thumb Code    32  thread.o(i.rt_thread_timeout)
    rt_thread_yield                          0x0800436d   Thumb Code    92  thread.o(i.rt_thread_yield)
    rt_tick_get                              0x080043d1   Thumb Code     6  clock.o(i.rt_tick_get)
    rt_tick_increase                         0x080043dd   Thumb Code    42  clock.o(i.rt_tick_increase)
    rt_timer_check                           0x0800440d   Thumb Code   118  timer_1.o(i.rt_timer_check)
    rt_timer_control                         0x08004489   Thumb Code    56  timer_1.o(i.rt_timer_control)
    rt_timer_detach                          0x080044c1   Thumb Code    32  timer_1.o(i.rt_timer_detach)
    rt_timer_init                            0x080044e1   Thumb Code    46  timer_1.o(i.rt_timer_init)
    rt_timer_start                           0x08004511   Thumb Code   238  timer_1.o(i.rt_timer_start)
    rt_timer_stop                            0x08004609   Thumb Code    48  timer_1.o(i.rt_timer_stop)
    rt_vsnprintf                             0x08004639   Thumb Code   800  kservice.o(i.rt_vsnprintf)
    rtthread_startup                         0x08004971   Thumb Code    42  components.o(i.rtthread_startup)
    uart3_init                               0x080049c1   Thumb Code   200  usart.o(i.uart3_init)
    uart_init                                0x08004a99   Thumb Code   172  usart.o(i.uart_init)
    __lowest_bit_bitmap                      0x08004b64   Data         256  kservice.o(.constdata)
    TX_ADDRESS                               0x08004c86   Data           5  24l01.o(.constdata)
    RX_ADDRESS                               0x08004c8b   Data           5  24l01.o(.constdata)
    __ctype_table                            0x08004c90   Data         129  ctype_o.o(.constdata)
    __rt_init_rti_start                      0x08004d18   Data           4  components.o(.rti_fn.0)
    __rt_init_rti_board_start                0x08004d1c   Data           4  components.o(.rti_fn.0.end)
    __rt_init_rti_board_end                  0x08004d20   Data           4  components.o(.rti_fn.1.end)
    __rt_init_rti_end                        0x08004d24   Data           4  components.o(.rti_fn.6.end)
    Region$$Table$$Base                      0x08004d28   Number         0  anon$$obj.o(Region$$Table)
    Region$$Table$$Limit                     0x08004d48   Number         0  anon$$obj.o(Region$$Table)
    SystemCoreClock                          0x20000000   Data           4  system_stm32f4xx.o(.data)
    AHBPrescTable                            0x20000004   Data          16  system_stm32f4xx.o(.data)
    dataPtr                                  0x20000024   Data           4  main.o(.data)
    test_sem                                 0x20000038   Data           4  main.o(.data)
    __stdout                                 0x20000040   Data           4  usart.o(.data)
    USART_RX_STA                             0x20000044   Data           2  usart.o(.data)
    USART3_RX_STA                            0x20000046   Data           2  usart.o(.data)
    esp8266_cnt                              0x2000004a   Data           2  esp8266.o(.data)
    esp8266_cntPre                           0x2000004c   Data           2  esp8266.o(.data)
    rt_interrupt_nest                        0x20000054   Data           1  irq.o(.data)
    rt_current_thread                        0x200000b4   Data           4  scheduler.o(.data)
    rt_current_priority                      0x200000b8   Data           1  scheduler.o(.data)
    rt_thread_ready_priority_group           0x200000bc   Data           4  scheduler.o(.data)
    rt_thread_defunct                        0x200000c0   Data           8  scheduler.o(.data)
    rt_interrupt_from_thread                 0x200000d4   Data           4  cpuport.o(.data)
    rt_interrupt_to_thread                   0x200000d8   Data           4  cpuport.o(.data)
    rt_thread_switch_interrupt_flag          0x200000dc   Data           4  cpuport.o(.data)
    __microlib_freelist                      0x200000e4   Data           4  mvars.o(.data)
    __microlib_freelist_initialised          0x200000e8   Data           4  mvars.o(.data)
    sensor_data                              0x200000f0   Data          32  main.o(.bss)
    tmp_buf                                  0x20000110   Data          33  main.o(.bss)
    USART_RX_BUF                             0x20001134   Data         200  usart.o(.bss)
    USART3_RX_BUF                            0x200011fc   Data         200  usart.o(.bss)
    esp8266_buf                              0x200012c4   Data         128  esp8266.o(.bss)
    rt_thread_priority_table                 0x2000155c   Data          64  scheduler.o(.bss)
    __heap_base                              0x200015a0   Data           0  startup_stm32f40xx.o(HEAP)
    __heap_limit                             0x200017a0   Data           0  startup_stm32f40xx.o(HEAP)
    __initial_sp                             0x20001ba0   Data           0  startup_stm32f40xx.o(STACK)



==============================================================================

Memory Map of the image

  Image Entry point : 0x08000189

  Load Region LR_IROM1 (Base: 0x08000000, Size: 0x00004e38, Max: 0x00080000, ABSOLUTE)

    Execution Region ER_IROM1 (Exec base: 0x08000000, Load base: 0x08000000, Size: 0x00004d48, Max: 0x00080000, ABSOLUTE)

    Exec Addr    Load Addr    Size         Type   Attr      Idx    E Section Name        Object

    0x08000000   0x08000000   0x00000188   Data   RO            3    RESET               startup_stm32f40xx.o
    0x08000188   0x08000188   0x00000000   Code   RO         6829  * .ARM.Collect$$$$00000000  mc_w.l(entry.o)
    0x08000188   0x08000188   0x00000004   Code   RO         7141    .ARM.Collect$$$$00000001  mc_w.l(entry2.o)
    0x0800018c   0x0800018c   0x00000004   Code   RO         7144    .ARM.Collect$$$$00000004  mc_w.l(entry5.o)
    0x08000190   0x08000190   0x00000000   Code   RO         7146    .ARM.Collect$$$$00000008  mc_w.l(entry7b.o)
    0x08000190   0x08000190   0x00000000   Code   RO         7148    .ARM.Collect$$$$0000000A  mc_w.l(entry8b.o)
    0x08000190   0x08000190   0x00000008   Code   RO         7149    .ARM.Collect$$$$0000000B  mc_w.l(entry9a.o)
    0x08000198   0x08000198   0x00000004   Code   RO         7156    .ARM.Collect$$$$0000000E  mc_w.l(entry12b.o)
    0x0800019c   0x0800019c   0x00000000   Code   RO         7151    .ARM.Collect$$$$0000000F  mc_w.l(entry10a.o)
    0x0800019c   0x0800019c   0x00000000   Code   RO         7153    .ARM.Collect$$$$00000011  mc_w.l(entry11a.o)
    0x0800019c   0x0800019c   0x00000004   Code   RO         7142    .ARM.Collect$$$$00002712  mc_w.l(entry2.o)
    0x080001a0   0x080001a0   0x00000024   Code   RO            4    .text               startup_stm32f40xx.o
    0x080001c4   0x080001c4   0x00000110   Code   RO         6635    .text               context_rvds.o
    0x080002d4   0x080002d4   0x00000024   Code   RO         6832    .text               mc_w.l(memcpya.o)
    0x080002f8   0x080002f8   0x00000024   Code   RO         6834    .text               mc_w.l(memseta.o)
    0x0800031c   0x0800031c   0x00000018   Code   RO         6836    .text               mc_w.l(strcat.o)
    0x08000334   0x08000334   0x00000024   Code   RO         6838    .text               mc_w.l(strstr.o)
    0x08000358   0x08000358   0x00000014   Code   RO         6840    .text               mc_w.l(strchr.o)
    0x0800036c   0x0800036c   0x0000000e   Code   RO         6842    .text               mc_w.l(strlen.o)
    0x0800037a   0x0800037a   0x00000028   Code   RO         6844    .text               mc_w.l(strncat.o)
    0x080003a2   0x080003a2   0x00000012   Code   RO         6846    .text               mc_w.l(strcpy.o)
    0x080003b4   0x080003b4   0x0000001a   Code   RO         7139    .text               mc_w.l(atoi.o)
    0x080003ce   0x080003ce   0x00000062   Code   RO         7159    .text               mc_w.l(uldiv.o)
    0x08000430   0x08000430   0x00000070   Code   RO         7170    .text               mc_w.l(strtol.o)
    0x080004a0   0x080004a0   0x00000024   Code   RO         7183    .text               mc_w.l(init.o)
    0x080004c4   0x080004c4   0x0000001e   Code   RO         7185    .text               mc_w.l(llshl.o)
    0x080004e2   0x080004e2   0x00000020   Code   RO         7187    .text               mc_w.l(llushr.o)
    0x08000502   0x08000502   0x00000002   PAD
    0x08000504   0x08000504   0x00000008   Code   RO         7191    .text               mc_w.l(ctype_o.o)
    0x0800050c   0x0800050c   0x0000009e   Code   RO         7219    .text               mc_w.l(_strtoul.o)
    0x080005aa   0x080005aa   0x0000001c   Code   RO         7223    .text               mc_w.l(_chval.o)
    0x080005c6   0x080005c6   0x0000000e   Code   RO         5751    i.$Sub$$main        components.o
    0x080005d4   0x080005d4   0x00000038   Code   RO         6808    i.BEEP_GPIO_Config  bsp_beep.o
    0x0800060c   0x0800060c   0x0000001c   Code   RO         5449    i.ESP8266_Clear     esp8266.o
    0x08000628   0x08000628   0x00000050   Code   RO         5450    i.ESP8266_GetIPD    esp8266.o
    0x08000678   0x08000678   0x000001b4   Code   RO         5451    i.ESP8266_Init      esp8266.o
    0x0800082c   0x0800082c   0x0000002c   Code   RO         5452    i.ESP8266_RSTInit   esp8266.o
    0x08000858   0x08000858   0x00000080   Code   RO         5453    i.ESP8266_SendCmd   esp8266.o
    0x080008d8   0x080008d8   0x00000048   Code   RO         5454    i.ESP8266_SendData  esp8266.o
    0x08000920   0x08000920   0x00000034   Code   RO         5455    i.ESP8266_WaitRecive  esp8266.o
    0x08000954   0x08000954   0x00000090   Code   RO         1857    i.GPIO_Init         stm32f4xx_gpio.o
    0x080009e4   0x080009e4   0x00000046   Code   RO         1858    i.GPIO_PinAFConfig  stm32f4xx_gpio.o
    0x08000a2a   0x08000a2a   0x00000004   Code   RO         1864    i.GPIO_ResetBits    stm32f4xx_gpio.o
    0x08000a2e   0x08000a2e   0x00000004   Code   RO         1865    i.GPIO_SetBits      stm32f4xx_gpio.o
    0x08000a32   0x08000a32   0x0000000a   Code   RO         1869    i.GPIO_WriteBit     stm32f4xx_gpio.o
    0x08000a3c   0x08000a3c   0x00000044   Code   RO         5121    i.KEY_Init          key.o
    0x08000a80   0x08000a80   0x00000054   Code   RO         5034    i.LED_GPIO_Config   bsp_led.o
    0x08000ad4   0x08000ad4   0x0000001c   Code   RO         5533    i.MQTT_DeleteBuffer  mqttkit.o
    0x08000af0   0x08000af0   0x0000002e   Code   RO         5534    i.MQTT_DumpLength   mqttkit.o
    0x08000b1e   0x08000b1e   0x00000058   Code   RO         5535    i.MQTT_NewBuffer    mqttkit.o
    0x08000b76   0x08000b76   0x00000002   PAD
    0x08000b78   0x08000b78   0x0000008c   Code   RO         5536    i.MQTT_PacketCmdResp  mqttkit.o
    0x08000c04   0x08000c04   0x000002a0   Code   RO         5537    i.MQTT_PacketConnect  mqttkit.o
    0x08000ea4   0x08000ea4   0x000001a2   Code   RO         5540    i.MQTT_PacketPublish  mqttkit.o
    0x08001046   0x08001046   0x00000002   PAD
    0x08001048   0x08001048   0x0000005c   Code   RO         5546    i.MQTT_PacketSaveData  mqttkit.o
    0x080010a4   0x080010a4   0x00000046   Code   RO         5549    i.MQTT_ReadLength   mqttkit.o
    0x080010ea   0x080010ea   0x0000008c   Code   RO         5550    i.MQTT_UnPacketCmd  mqttkit.o
    0x08001176   0x08001176   0x0000001e   Code   RO         5551    i.MQTT_UnPacketConnectAck  mqttkit.o
    0x08001194   0x08001194   0x0000001e   Code   RO         5553    i.MQTT_UnPacketPublishAck  mqttkit.o
    0x080011b2   0x080011b2   0x00000002   PAD
    0x080011b4   0x080011b4   0x00000074   Code   RO         5557    i.MQTT_UnPacketRecv  mqttkit.o
    0x08001228   0x08001228   0x00000070   Code   RO         6675    i.NRF24L01_Check    24l01.o
    0x08001298   0x08001298   0x000000a0   Code   RO         6676    i.NRF24L01_Init     24l01.o
    0x08001338   0x08001338   0x00000058   Code   RO         6677    i.NRF24L01_RX_Mode  24l01.o
    0x08001390   0x08001390   0x0000003c   Code   RO         6678    i.NRF24L01_Read_Buf  24l01.o
    0x080013cc   0x080013cc   0x0000002c   Code   RO         6679    i.NRF24L01_Read_Reg  24l01.o
    0x080013f8   0x080013f8   0x0000003a   Code   RO         6680    i.NRF24L01_RxPacket  24l01.o
    0x08001432   0x08001432   0x00000002   PAD
    0x08001434   0x08001434   0x0000005c   Code   RO         6681    i.NRF24L01_SPI_Init  24l01.o
    0x08001490   0x08001490   0x00000068   Code   RO         6682    i.NRF24L01_TX_Mode  24l01.o
    0x080014f8   0x080014f8   0x00000068   Code   RO         6683    i.NRF24L01_TxPacket  24l01.o
    0x08001560   0x08001560   0x0000003c   Code   RO         6684    i.NRF24L01_Write_Buf  24l01.o
    0x0800159c   0x0800159c   0x00000030   Code   RO         6685    i.NRF24L01_Write_Reg  24l01.o
    0x080015cc   0x080015cc   0x00000078   Code   RO          155    i.NVIC_Init         misc.o
    0x08001644   0x08001644   0x00000014   Code   RO          156    i.NVIC_PriorityGroupConfig  misc.o
    0x08001658   0x08001658   0x00000228   Code   RO         5384    i.OneNet_DevLink    onenet.o
    0x08001880   0x08001880   0x00000194   Code   RO         5385    i.OneNet_FillBuf    onenet.o
    0x08001a14   0x08001a14   0x0000017c   Code   RO         5386    i.OneNet_RevPro     onenet.o
    0x08001b90   0x08001b90   0x000000c8   Code   RO         5387    i.OneNet_SendData   onenet.o
    0x08001c58   0x08001c58   0x00000020   Code   RO         2561    i.RCC_AHB1PeriphClockCmd  stm32f4xx_rcc.o
    0x08001c78   0x08001c78   0x00000020   Code   RO         2570    i.RCC_APB1PeriphClockCmd  stm32f4xx_rcc.o
    0x08001c98   0x08001c98   0x00000020   Code   RO         2573    i.RCC_APB2PeriphClockCmd  stm32f4xx_rcc.o
    0x08001cb8   0x08001cb8   0x00000020   Code   RO         2575    i.RCC_APB2PeriphResetCmd  stm32f4xx_rcc.o
    0x08001cd8   0x08001cd8   0x000000e8   Code   RO         2582    i.RCC_GetClocksFreq  stm32f4xx_rcc.o
    0x08001dc0   0x08001dc0   0x000000c4   Code   RO         6772    i.SPI1_Init         spi.o
    0x08001e84   0x08001e84   0x00000038   Code   RO         6773    i.SPI1_ReadWriteByte  spi.o
    0x08001ebc   0x08001ebc   0x00000028   Code   RO         6774    i.SPI1_SetSpeed     spi.o
    0x08001ee4   0x08001ee4   0x00000018   Code   RO         3719    i.SPI_Cmd           stm32f4xx_spi.o
    0x08001efc   0x08001efc   0x00000012   Code   RO         3727    i.SPI_I2S_GetFlagStatus  stm32f4xx_spi.o
    0x08001f0e   0x08001f0e   0x00000006   Code   RO         3730    i.SPI_I2S_ReceiveData  stm32f4xx_spi.o
    0x08001f14   0x08001f14   0x00000004   Code   RO         3731    i.SPI_I2S_SendData  stm32f4xx_spi.o
    0x08001f18   0x08001f18   0x0000003c   Code   RO         3732    i.SPI_Init          stm32f4xx_spi.o
    0x08001f54   0x08001f54   0x000000ec   Code   RO           13    i.SetSysClock       system_stm32f4xx.o
    0x08002040   0x08002040   0x00000028   Code   RO          159    i.SysTick_CLKSourceConfig  misc.o
    0x08002068   0x08002068   0x00000010   Code   RO         5061    i.SysTick_Handler   board.o
    0x08002078   0x08002078   0x00000068   Code   RO           15    i.SystemInit        system_stm32f4xx.o
    0x080020e0   0x080020e0   0x00000034   Code   RO         5227    i.TIM7_IRQHandler   timer.o
    0x08002114   0x08002114   0x00000054   Code   RO         5228    i.TIM7_Int_Init     timer.o
    0x08002168   0x08002168   0x00000006   Code   RO         3952    i.TIM_ClearITPendingBit  stm32f4xx_tim.o
    0x0800216e   0x0800216e   0x00000018   Code   RO         3957    i.TIM_Cmd           stm32f4xx_tim.o
    0x08002186   0x08002186   0x00000022   Code   RO         3978    i.TIM_GetITStatus   stm32f4xx_tim.o
    0x080021a8   0x080021a8   0x00000012   Code   RO         3982    i.TIM_ITConfig      stm32f4xx_tim.o
    0x080021ba   0x080021ba   0x00000002   PAD
    0x080021bc   0x080021bc   0x00000084   Code   RO         4029    i.TIM_TimeBaseInit  stm32f4xx_tim.o
    0x08002240   0x08002240   0x0000006c   Code   RO         5261    i.USART1_IRQHandler  usart.o
    0x080022ac   0x080022ac   0x0000004c   Code   RO         5456    i.USART3_IRQHandler  esp8266.o
    0x080022f8   0x080022f8   0x00000012   Code   RO         4507    i.USART_ClearFlag   stm32f4xx_usart.o
    0x0800230a   0x0800230a   0x00000018   Code   RO         4511    i.USART_Cmd         stm32f4xx_usart.o
    0x08002322   0x08002322   0x0000001a   Code   RO         4514    i.USART_GetFlagStatus  stm32f4xx_usart.o
    0x0800233c   0x0800233c   0x00000054   Code   RO         4515    i.USART_GetITStatus  stm32f4xx_usart.o
    0x08002390   0x08002390   0x0000004a   Code   RO         4517    i.USART_ITConfig    stm32f4xx_usart.o
    0x080023da   0x080023da   0x00000002   PAD
    0x080023dc   0x080023dc   0x000000d4   Code   RO         4518    i.USART_Init        stm32f4xx_usart.o
    0x080024b0   0x080024b0   0x0000000a   Code   RO         4525    i.USART_ReceiveData  stm32f4xx_usart.o
    0x080024ba   0x080024ba   0x00000008   Code   RO         4528    i.USART_SendData    stm32f4xx_usart.o
    0x080024c2   0x080024c2   0x0000002a   Code   RO         5263    i.UsartPrintf       usart.o
    0x080024ec   0x080024ec   0x0000001e   Code   RO         5264    i.Usart_SendByte    usart.o
    0x0800250a   0x0800250a   0x00000032   Code   RO         5265    i.Usart_SendString  usart.o
    0x0800253c   0x0800253c   0x00000020   Code   RO         6983    i.__0printf$5       mc_w.l(printf5.o)
    0x0800255c   0x0800255c   0x00000028   Code   RO         6985    i.__0sprintf$5      mc_w.l(printf5.o)
    0x08002584   0x08002584   0x00000008   Code   RO         7163    i.__aeabi_errno_addr  mc_w.l(errno.o)
    0x0800258c   0x0800258c   0x0000004c   Code   RO         6032    i.__rt_ffs          kservice.o
    0x080025d8   0x080025d8   0x0000000e   Code   RO         7227    i.__scatterload_copy  mc_w.l(handlers.o)
    0x080025e6   0x080025e6   0x00000002   Code   RO         7228    i.__scatterload_null  mc_w.l(handlers.o)
    0x080025e8   0x080025e8   0x0000000e   Code   RO         7229    i.__scatterload_zeroinit  mc_w.l(handlers.o)
    0x080025f6   0x080025f6   0x00000002   PAD
    0x080025f8   0x080025f8   0x00000014   Code   RO         5825    i._has_defunct_thread  idle.o
    0x0800260c   0x0800260c   0x000002c0   Code   RO         6990    i._printf_core      mc_w.l(printf5.o)
    0x080028cc   0x080028cc   0x00000084   Code   RO         6413    i._rt_thread_init   thread.o
    0x08002950   0x08002950   0x00000042   Code   RO         6528    i._rt_timer_init    timer_1.o
    0x08002992   0x08002992   0x0000002e   Code   RO         6529    i._rt_timer_remove  timer_1.o
    0x080029c0   0x080029c0   0x0000000a   Code   RO         6992    i._sputc            mc_w.l(printf5.o)
    0x080029ca   0x080029ca   0x00000002   PAD
    0x080029cc   0x080029cc   0x000000b0   Code   RO         4765    i.alarm_thread_entry  main.o
    0x08002a7c   0x08002a7c   0x000001cc   Code   RO         4766    i.data_thread_entry  main.o
    0x08002c48   0x08002c48   0x00000044   Code   RO         5183    i.delay_init        delay.o
    0x08002c8c   0x08002c8c   0x0000001e   Code   RO         5184    i.delay_ms          delay.o
    0x08002caa   0x08002caa   0x00000002   PAD
    0x08002cac   0x08002cac   0x0000004c   Code   RO         5185    i.delay_us          delay.o
    0x08002cf8   0x08002cf8   0x0000001c   Code   RO         5266    i.fputc             usart.o
    0x08002d14   0x08002d14   0x00000050   Code   RO         7111    i.free              mc_w.l(malloc.o)
    0x08002d64   0x08002d64   0x0000005c   Code   RO         4767    i.is_begin_with     main.o
    0x08002dc0   0x08002dc0   0x000001ec   Code   RO         4768    i.main              main.o
    0x08002fac   0x08002fac   0x0000000e   Code   RO         5752    i.main_thread_entry  components.o
    0x08002fba   0x08002fba   0x00000002   PAD
    0x08002fbc   0x08002fbc   0x0000006c   Code   RO         7112    i.malloc            mc_w.l(malloc.o)
    0x08003028   0x08003028   0x000000c0   Code   RO         4769    i.nrf_thread_entry  main.o
    0x080030e8   0x080030e8   0x00000074   Code   RO         4770    i.onenet_thread_entry  main.o
    0x0800315c   0x0800315c   0x00000078   Code   RO         6209    i.plug_holes        mem.o
    0x080031d4   0x080031d4   0x0000018c   Code   RO         6034    i.print_number      kservice.o
    0x08003360   0x08003360   0x0000002c   Code   RO         5753    i.rt_application_init  components.o
    0x0800338c   0x0800338c   0x0000001c   Code   RO         5754    i.rt_components_board_init  components.o
    0x080033a8   0x080033a8   0x0000001c   Code   RO         5755    i.rt_components_init  components.o
    0x080033c4   0x080033c4   0x00000020   Code   RO         6341    i.rt_enter_critical  scheduler.o
    0x080033e4   0x080033e4   0x0000003c   Code   RO         6342    i.rt_exit_critical  scheduler.o
    0x08003420   0x08003420   0x000000e0   Code   RO         6211    i.rt_free           mem.o
    0x08003500   0x08003500   0x00000008   Code   RO         5062    i.rt_heap_begin_get  board.o
    0x08003508   0x08003508   0x00000008   Code   RO         5063    i.rt_heap_end_get   board.o
    0x08003510   0x08003510   0x000000e8   Code   RO         5064    i.rt_hw_board_init  board.o
    0x080035f8   0x080035f8   0x00000050   Code   RO         5065    i.rt_hw_console_output  board.o
    0x08003648   0x08003648   0x0000010c   Code   RO         6641    i.rt_hw_hard_fault_exception  cpuport.o
    0x08003754   0x08003754   0x00000050   Code   RO         6642    i.rt_hw_stack_init  cpuport.o
    0x080037a4   0x080037a4   0x00000020   Code   RO         6005    i.rt_interrupt_enter  irq.o
    0x080037c4   0x080037c4   0x00000020   Code   RO         6007    i.rt_interrupt_leave  irq.o
    0x080037e4   0x080037e4   0x00000014   Code   RO         5865    i.rt_ipc_list_resume  ipc.o
    0x080037f8   0x080037f8   0x0000006c   Code   RO         5867    i.rt_ipc_list_suspend  ipc.o
    0x08003864   0x08003864   0x00000010   Code   RO         5868    i.rt_ipc_object_init  ipc.o
    0x08003874   0x08003874   0x00000030   Code   RO         6038    i.rt_kprintf        kservice.o
    0x080038a4   0x080038a4   0x00000006   Code   RO         5869    i.rt_list_init      ipc.o
    0x080038aa   0x080038aa   0x00000006   Code   RO         6343    i.rt_list_init      scheduler.o
    0x080038b0   0x080038b0   0x00000006   Code   RO         6530    i.rt_list_init      timer_1.o
    0x080038b6   0x080038b6   0x0000000e   Code   RO         6271    i.rt_list_insert_after  object.o
    0x080038c4   0x080038c4   0x0000000e   Code   RO         6414    i.rt_list_insert_after  thread.o
    0x080038d2   0x080038d2   0x0000000e   Code   RO         6531    i.rt_list_insert_after  timer_1.o
    0x080038e0   0x080038e0   0x0000000e   Code   RO         5870    i.rt_list_insert_before  ipc.o
    0x080038ee   0x080038ee   0x00000010   Code   RO         5871    i.rt_list_isempty   ipc.o
    0x080038fe   0x080038fe   0x00000010   Code   RO         6532    i.rt_list_isempty   timer_1.o
    0x0800390e   0x0800390e   0x00000012   Code   RO         6272    i.rt_list_remove    object.o
    0x08003920   0x08003920   0x00000012   Code   RO         6415    i.rt_list_remove    thread.o
    0x08003932   0x08003932   0x00000002   PAD
    0x08003934   0x08003934   0x0000016c   Code   RO         6212    i.rt_malloc         mem.o
    0x08003aa0   0x08003aa0   0x00000048   Code   RO         6044    i.rt_memset         kservice.o
    0x08003ae8   0x08003ae8   0x0000004a   Code   RO         6273    i.rt_object_allocate  object.o
    0x08003b32   0x08003b32   0x00000020   Code   RO         6274    i.rt_object_delete  object.o
    0x08003b52   0x08003b52   0x0000001a   Code   RO         6275    i.rt_object_detach  object.o
    0x08003b6c   0x08003b6c   0x00000028   Code   RO         6277    i.rt_object_get_information  object.o
    0x08003b94   0x08003b94   0x0000003c   Code   RO         6278    i.rt_object_init    object.o
    0x08003bd0   0x08003bd0   0x00000012   Code   RO         6279    i.rt_object_is_systemobject  object.o
    0x08003be2   0x08003be2   0x00000002   PAD
    0x08003be4   0x08003be4   0x00000090   Code   RO         6344    i.rt_schedule       scheduler.o
    0x08003c74   0x08003c74   0x00000050   Code   RO         6345    i.rt_schedule_insert_thread  scheduler.o
    0x08003cc4   0x08003cc4   0x00000054   Code   RO         6346    i.rt_schedule_remove_thread  scheduler.o
    0x08003d18   0x08003d18   0x0000002a   Code   RO         5881    i.rt_sem_create     ipc.o
    0x08003d42   0x08003d42   0x00000026   Code   RO         5884    i.rt_sem_init       ipc.o
    0x08003d68   0x08003d68   0x0000003a   Code   RO         5885    i.rt_sem_release    ipc.o
    0x08003da2   0x08003da2   0x00000074   Code   RO         5886    i.rt_sem_take       ipc.o
    0x08003e16   0x08003e16   0x00000002   PAD
    0x08003e18   0x08003e18   0x000000b0   Code   RO         6046    i.rt_show_version   kservice.o
    0x08003ec8   0x08003ec8   0x00000012   Code   RO         6052    i.rt_strlen         kservice.o
    0x08003eda   0x08003eda   0x00000034   Code   RO         6054    i.rt_strncpy        kservice.o
    0x08003f0e   0x08003f0e   0x00000002   PAD
    0x08003f10   0x08003f10   0x000000f8   Code   RO         6215    i.rt_system_heap_init  mem.o
    0x08004008   0x08004008   0x0000004c   Code   RO         6347    i.rt_system_scheduler_init  scheduler.o
    0x08004054   0x08004054   0x00000030   Code   RO         6348    i.rt_system_scheduler_start  scheduler.o
    0x08004084   0x08004084   0x0000001c   Code   RO         6533    i.rt_system_timer_init  timer_1.o
    0x080040a0   0x080040a0   0x00000002   Code   RO         6534    i.rt_system_timer_thread_init  timer_1.o
    0x080040a2   0x080040a2   0x00000050   Code   RO         6417    i.rt_thread_create  thread.o
    0x080040f2   0x080040f2   0x0000000c   Code   RO         6418    i.rt_thread_delay   thread.o
    0x080040fe   0x080040fe   0x00000002   PAD
    0x08004100   0x08004100   0x00000054   Code   RO         6421    i.rt_thread_exit    thread.o
    0x08004154   0x08004154   0x00000008   Code   RO         5826    i.rt_thread_idle_entry  idle.o
    0x0800415c   0x0800415c   0x00000084   Code   RO         5827    i.rt_thread_idle_excute  idle.o
    0x080041e0   0x080041e0   0x0000003c   Code   RO         5829    i.rt_thread_idle_init  idle.o
    0x0800421c   0x0800421c   0x00000034   Code   RO         6423    i.rt_thread_init    thread.o
    0x08004250   0x08004250   0x0000003c   Code   RO         6424    i.rt_thread_resume  thread.o
    0x0800428c   0x0800428c   0x0000000c   Code   RO         6425    i.rt_thread_self    thread.o
    0x08004298   0x08004298   0x00000044   Code   RO         6426    i.rt_thread_sleep   thread.o
    0x080042dc   0x080042dc   0x0000002c   Code   RO         6427    i.rt_thread_startup  thread.o
    0x08004308   0x08004308   0x00000044   Code   RO         6428    i.rt_thread_suspend  thread.o
    0x0800434c   0x0800434c   0x00000020   Code   RO         6429    i.rt_thread_timeout  thread.o
    0x0800436c   0x0800436c   0x00000064   Code   RO         6430    i.rt_thread_yield   thread.o
    0x080043d0   0x080043d0   0x0000000c   Code   RO         5706    i.rt_tick_get       clock.o
    0x080043dc   0x080043dc   0x00000030   Code   RO         5707    i.rt_tick_increase  clock.o
    0x0800440c   0x0800440c   0x0000007c   Code   RO         6535    i.rt_timer_check    timer_1.o
    0x08004488   0x08004488   0x00000038   Code   RO         6536    i.rt_timer_control  timer_1.o
    0x080044c0   0x080044c0   0x00000020   Code   RO         6539    i.rt_timer_detach   timer_1.o
    0x080044e0   0x080044e0   0x0000002e   Code   RO         6540    i.rt_timer_init     timer_1.o
    0x0800450e   0x0800450e   0x00000002   PAD
    0x08004510   0x08004510   0x000000f8   Code   RO         6543    i.rt_timer_start    timer_1.o
    0x08004608   0x08004608   0x00000030   Code   RO         6544    i.rt_timer_stop     timer_1.o
    0x08004638   0x08004638   0x00000328   Code   RO         6057    i.rt_vsnprintf      kservice.o
    0x08004960   0x08004960   0x00000004   Code   RO         5756    i.rti_board_end     components.o
    0x08004964   0x08004964   0x00000004   Code   RO         5757    i.rti_board_start   components.o
    0x08004968   0x08004968   0x00000004   Code   RO         5758    i.rti_end           components.o
    0x0800496c   0x0800496c   0x00000004   Code   RO         5759    i.rti_start         components.o
    0x08004970   0x08004970   0x0000002a   Code   RO         5760    i.rtthread_startup  components.o
    0x0800499a   0x0800499a   0x00000026   Code   RO         6059    i.skip_atoi         kservice.o
    0x080049c0   0x080049c0   0x000000d8   Code   RO         5267    i.uart3_init        usart.o
    0x08004a98   0x08004a98   0x000000b4   Code   RO         5268    i.uart_init         usart.o
    0x08004b4c   0x08004b4c   0x00000018   Data   RO         4772    .constdata          main.o
    0x08004b64   0x08004b64   0x00000122   Data   RO         6061    .constdata          kservice.o
    0x08004c86   0x08004c86   0x0000000a   Data   RO         6686    .constdata          24l01.o
    0x08004c90   0x08004c90   0x00000081   Data   RO         7192    .constdata          mc_w.l(ctype_o.o)
    0x08004d11   0x08004d11   0x00000003   PAD
    0x08004d14   0x08004d14   0x00000004   Data   RO         7193    .constdata          mc_w.l(ctype_o.o)
    0x08004d18   0x08004d18   0x00000004   Data   RO         5761    .rti_fn.0           components.o
    0x08004d1c   0x08004d1c   0x00000004   Data   RO         5762    .rti_fn.0.end       components.o
    0x08004d20   0x08004d20   0x00000004   Data   RO         5763    .rti_fn.1.end       components.o
    0x08004d24   0x08004d24   0x00000004   Data   RO         5764    .rti_fn.6.end       components.o
    0x08004d28   0x08004d28   0x00000020   Data   RO         7225    Region$$Table       anon$$obj.o


    Execution Region RW_IRAM1 (Exec base: 0x20000000, Load base: 0x08004d48, Size: 0x00001ba0, Max: 0x00020000, ABSOLUTE)

    Exec Addr    Load Addr    Size         Type   Attr      Idx    E Section Name        Object

    0x20000000   0x08004d48   0x00000014   Data   RW           16    .data               system_stm32f4xx.o
    0x20000014   0x08004d5c   0x00000010   Data   RW         2614    .data               stm32f4xx_rcc.o
    0x20000024   0x08004d6c   0x00000018   Data   RW         4773    .data               main.o
    0x2000003c   0x08004d84   0x00000004   Data   RW         5187    .data               delay.o
    0x20000040   0x08004d88   0x00000009   Data   RW         5270    .data               usart.o
    0x20000049   0x08004d91   0x00000001   PAD
    0x2000004a   0x08004d92   0x00000004   Data   RW         5458    .data               esp8266.o
    0x2000004e   0x08004d96   0x00000002   PAD
    0x20000050   0x08004d98   0x00000004   Data   RW         5709    .data               clock.o
    0x20000054   0x08004d9c   0x00000001   Data   RW         6008    .data               irq.o
    0x20000055   0x08004d9d   0x00000003   PAD
    0x20000058   0x08004da0   0x00000018   Data   RW         6217    .data               mem.o
    0x20000070   0x08004db8   0x00000040   Data   RW         6281    .data               object.o
    0x200000b0   0x08004df8   0x00000018   Data   RW         6350    .data               scheduler.o
    0x200000c8   0x08004e10   0x0000000c   Data   RW         6545    .data               timer_1.o
    0x200000d4   0x08004e1c   0x00000010   Data   RW         6643    .data               cpuport.o
    0x200000e4   0x08004e2c   0x00000004   Data   RW         7161    .data               mc_w.l(mvars.o)
    0x200000e8   0x08004e30   0x00000004   Data   RW         7162    .data               mc_w.l(mvars.o)
    0x200000ec   0x08004e34   0x00000004   Data   RW         7166    .data               mc_w.l(errno.o)
    0x200000f0        -       0x00000041   Zero   RW         4771    .bss                main.o
    0x20000131   0x08004e38   0x00000003   PAD
    0x20000134        -       0x00001000   Zero   RW         5066    .bss                board.o
    0x20001134        -       0x00000190   Zero   RW         5269    .bss                usart.o
    0x200012c4        -       0x00000080   Zero   RW         5457    .bss                esp8266.o
    0x20001344        -       0x00000178   Zero   RW         5830    .bss                idle.o
    0x200014bc        -       0x00000080   Zero   RW         6060    .bss                kservice.o
    0x2000153c        -       0x00000020   Zero   RW         6216    .bss                mem.o
    0x2000155c        -       0x00000040   Zero   RW         6349    .bss                scheduler.o
    0x2000159c   0x08004e38   0x00000004   PAD
    0x200015a0        -       0x00000200   Zero   RW            2    HEAP                startup_stm32f40xx.o
    0x200017a0        -       0x00000400   Zero   RW            1    STACK               startup_stm32f40xx.o


==============================================================================

Image component sizes


      Code (inc. data)   RO Data    RW Data    ZI Data      Debug   Object Name

       930        118         10          0          0       7945   24l01.o
       344         52          0          0       4096      30129   board.o
        56          6          0          0          0        615   bsp_beep.o
        84          6          0          0          0        594   bsp_led.o
        60         12          0          4          0       1297   clock.o
       186         28         16          0          0       6296   components.o
       272         26          0          0          0        888   context_rvds.o
       348        166          0         16          0       3758   cpuport.o
       174         22          0          4          0       1867   delay.o
       916        356          0          4        128       6369   esp8266.o
       220         30          0          0        376       5238   idle.o
       434          0          0          0          0       8957   ipc.o
        64         12          0          1          0       1698   irq.o
        68          8          0          0          0        547   key.o
      1684        164        290          0        128       9208   kservice.o
      1528        326         24         24         65     255534   main.o
       956        224          0         24         32       4104   mem.o
       180         24          0          0          0       2429   misc.o
      1870         28          0          0          0      12937   mqttkit.o
       282          4          0         64          0       8048   object.o
      1536        672          0          0          0       5240   onenet.o
       530         88          0         24         64       8330   scheduler.o
       292         20          0          0          0       1849   spi.o
        36          8        392          0       1536       1012   startup_stm32f40xx.o
       232          0          0          0          0       3983   stm32f4xx_gpio.o
       360         42          0         16          0       5796   stm32f4xx_rcc.o
       112          0          0          0          0       3994   stm32f4xx_spi.o
       214         28          0          0          0       4170   stm32f4xx_tim.o
       456          8          0          0          0       6791   stm32f4xx_usart.o
       340         32          0         20          0     302313   system_stm32f4xx.o
       776         36          0          0          0      11987   thread.o
       136         16          0          0          0       1238   timer.o
       732         20          0         12          0      11272   timer_1.o
       654         48          0          9        400      11979   usart.o

    ----------------------------------------------------------------------
     17090       2630        764        228       6832     748412   Object Totals
         0          0         32          0          0          0   (incl. Generated)
        28          0          0          6          7          0   (incl. Padding)

    ----------------------------------------------------------------------

      Code (inc. data)   RO Data    RW Data    ZI Data      Debug   Library Member Name

        28          0          0          0          0         68   _chval.o
       158          0          0          0          0         92   _strtoul.o
        26          0          0          0          0         80   atoi.o
         8          4        133          0          0         68   ctype_o.o
         0          0          0          0          0          0   entry.o
         0          0          0          0          0          0   entry10a.o
         0          0          0          0          0          0   entry11a.o
         4          0          0          0          0          0   entry12b.o
         8          4          0          0          0          0   entry2.o
         4          0          0          0          0          0   entry5.o
         0          0          0          0          0          0   entry7b.o
         0          0          0          0          0          0   entry8b.o
         8          4          0          0          0          0   entry9a.o
         8          4          0          4          0         68   errno.o
        30          0          0          0          0          0   handlers.o
        36          8          0          0          0         68   init.o
        30          0          0          0          0         68   llshl.o
        32          0          0          0          0         68   llushr.o
       188         20          0          0          0        160   malloc.o
        36          0          0          0          0         68   memcpya.o
        36          0          0          0          0        108   memseta.o
         0          0          0          8          0          0   mvars.o
       786         60          0          0          0        336   printf5.o
        24          0          0          0          0         68   strcat.o
        20          0          0          0          0         68   strchr.o
        18          0          0          0          0         68   strcpy.o
        14          0          0          0          0         68   strlen.o
        40          0          0          0          0         76   strncat.o
        36          0          0          0          0         80   strstr.o
       112          0          0          0          0         88   strtol.o
        98          0          0          0          0         92   uldiv.o

    ----------------------------------------------------------------------
      1794        104        136         12          0       1860   Library Totals
         6          0          3          0          0          0   (incl. Padding)

    ----------------------------------------------------------------------

      Code (inc. data)   RO Data    RW Data    ZI Data      Debug   Library Name

      1788        104        133         12          0       1860   mc_w.l

    ----------------------------------------------------------------------
      1794        104        136         12          0       1860   Library Totals

    ----------------------------------------------------------------------

==============================================================================


      Code (inc. data)   RO Data    RW Data    ZI Data      Debug   

     18884       2734        900        240       6832     731688   Grand Totals
     18884       2734        900        240       6832     731688   ELF Image Totals
     18884       2734        900        240          0          0   ROM Totals

==============================================================================

    Total RO  Size (Code + RO Data)                19784 (  19.32kB)
    Total RW  Size (RW Data + ZI Data)              7072 (   6.91kB)
    Total ROM Size (Code + RO Data + RW Data)      20024 (  19.55kB)

==============================================================================

