<html>
<body>
<pre>
<h1>礦ision Build Log</h1>
<h2>Project:</h2>
G:\模块使用\nrf24l01_STM32F103C8T6查询接收发\查询接收发\发\moban.uvproj
Project File Date:  06/01/2018

<h2>Output:</h2>
Build target 'moban'
compiling main.c...
compiling stm32f10x_it.c...
compiling includes.c...
compiling delay.c...
compiling sys.c...
system\sys\sys.c(9): error:  #1113: Inline assembler not permitted when generating Thumb code
compiling usart1.c...
compiling wdg.c...
compiling pit.c...
compiling spi.c...
compiling 24l01.c...
compiling core_cm3.c...
compiling system_stm32f10x.c...
assembling startup_stm32f10x_md.s...
compiling stm32f10x_gpio.c...
compiling stm32f10x_usart.c...
compiling stm32f10x_rcc.c...
compiling stm32f10x_iwdg.c...
compiling stm32f10x_wwdg.c...
compiling misc.c...
compiling stm32f10x_dbgmcu.c...
compiling stm32f10x_tim.c...
compiling stm32f10x_spi.c...
Target not created
Build target 'moban'
compiling main.c...
.\system\sys\sys.h(4): error:  #5: cannot open source input file "core_cmInstr.h": No such file or directory
compiling stm32f10x_it.c...
compiling includes.c...
.\system\sys\sys.h(4): error:  #5: cannot open source input file "core_cmInstr.h": No such file or directory
compiling delay.c...
.\system\sys\sys.h(4): error:  #5: cannot open source input file "core_cmInstr.h": No such file or directory
compiling sys.c...
system\sys\sys.h(4): error:  #5: cannot open source input file "core_cmInstr.h": No such file or directory
compiling usart1.c...
.\system\sys\sys.h(4): error:  #5: cannot open source input file "core_cmInstr.h": No such file or directory
compiling wdg.c...
.\system\sys\sys.h(4): error:  #5: cannot open source input file "core_cmInstr.h": No such file or directory
compiling pit.c...
.\system\sys\sys.h(4): error:  #5: cannot open source input file "core_cmInstr.h": No such file or directory
compiling spi.c...
.\system\sys\sys.h(4): error:  #5: cannot open source input file "core_cmInstr.h": No such file or directory
compiling 24l01.c...
.\system\sys\sys.h(4): error:  #5: cannot open source input file "core_cmInstr.h": No such file or directory
compiling core_cm3.c...
compiling system_stm32f10x.c...
assembling startup_stm32f10x_md.s...
compiling stm32f10x_gpio.c...
compiling stm32f10x_usart.c...
compiling stm32f10x_rcc.c...
compiling stm32f10x_iwdg.c...
compiling stm32f10x_wwdg.c...
compiling misc.c...
compiling stm32f10x_dbgmcu.c...
compiling stm32f10x_tim.c...
compiling stm32f10x_spi.c...
Target not created
Build target 'moban'
compiling main.c...
compiling stm32f10x_it.c...
compiling includes.c...
compiling delay.c...
compiling sys.c...
system\sys\sys.c(9): error:  #1113: Inline assembler not permitted when generating Thumb code
compiling usart1.c...
compiling wdg.c...
compiling pit.c...
compiling spi.c...
compiling 24l01.c...
compiling core_cm3.c...
compiling system_stm32f10x.c...
assembling startup_stm32f10x_md.s...
compiling stm32f10x_gpio.c...
compiling stm32f10x_usart.c...
compiling stm32f10x_rcc.c...
compiling stm32f10x_iwdg.c...
compiling stm32f10x_wwdg.c...
compiling misc.c...
compiling stm32f10x_dbgmcu.c...
compiling stm32f10x_tim.c...
compiling stm32f10x_spi.c...
Target not created
Build target 'moban'
compiling main.c...
compiling stm32f10x_it.c...
compiling includes.c...
compiling delay.c...
compiling sys.c...
system\sys\sys.c(10): error:  #20: identifier "WFI" is undefined
system\sys\sys.c(15): error:  #1113: Inline assembler not permitted when generating Thumb code
compiling usart1.c...
compiling wdg.c...
compiling pit.c...
compiling spi.c...
compiling 24l01.c...
compiling core_cm3.c...
compiling system_stm32f10x.c...
assembling startup_stm32f10x_md.s...
compiling stm32f10x_gpio.c...
compiling stm32f10x_usart.c...
compiling stm32f10x_rcc.c...
compiling stm32f10x_iwdg.c...
compiling stm32f10x_wwdg.c...
compiling misc.c...
compiling stm32f10x_dbgmcu.c...
compiling stm32f10x_tim.c...
compiling stm32f10x_spi.c...
Target not created
Build target 'moban'
compiling main.c...
compiling stm32f10x_it.c...
compiling includes.c...
compiling delay.c...
compiling sys.c...
system\sys\sys.c(10): error:  #20: identifier "WFI" is undefined
system\sys\sys.c(17): error:  #20: identifier "CPSID" is undefined
system\sys\sys.c(23): error:  #20: identifier "CPSIE" is undefined
compiling usart1.c...
compiling wdg.c...
compiling pit.c...
compiling spi.c...
compiling 24l01.c...
compiling core_cm3.c...
compiling system_stm32f10x.c...
assembling startup_stm32f10x_md.s...
compiling stm32f10x_gpio.c...
compiling stm32f10x_usart.c...
compiling stm32f10x_rcc.c...
compiling stm32f10x_iwdg.c...
compiling stm32f10x_wwdg.c...
compiling misc.c...
compiling stm32f10x_dbgmcu.c...
compiling stm32f10x_tim.c...
compiling stm32f10x_spi.c...
Target not created
Build target 'moban'
compiling main.c...
compiling stm32f10x_it.c...
compiling includes.c...
compiling delay.c...
compiling sys.c...
compiling usart1.c...
compiling wdg.c...
compiling pit.c...
compiling spi.c...
compiling 24l01.c...
compiling core_cm3.c...
compiling system_stm32f10x.c...
assembling startup_stm32f10x_md.s...
compiling stm32f10x_gpio.c...
compiling stm32f10x_usart.c...
compiling stm32f10x_rcc.c...
compiling stm32f10x_iwdg.c...
compiling stm32f10x_wwdg.c...
compiling misc.c...
compiling stm32f10x_dbgmcu.c...
compiling stm32f10x_tim.c...
compiling stm32f10x_spi.c...
linking...
Program Size: Code=10604 RO-data=280 RW-data=60 ZI-data=2636  
FromELF: creating hex file...
".\output\moban.axf" - 0 Error(s), 0 Warning(s).
