Component: ARM Compiler 5.06 update 7 (build 960) Tool: armlink [4d3601]

==============================================================================

Section Cross References

    main.o(.text) refers to _printf_percent.o(.ARM.Collect$$_printf_percent$$00000000) for _printf_percent
    main.o(.text) refers to _printf_d.o(.ARM.Collect$$_printf_percent$$00000009) for _printf_d
    main.o(.text) refers to _printf_dec.o(.text) for _printf_int_dec
    main.o(.text) refers to rt_memcpy_w.o(.text) for __aeabi_memcpy4
    main.o(.text) refers to misc.o(.text) for NVIC_PriorityGroupConfig
    main.o(.text) refers to delay.o(.text) for delay_init
    main.o(.text) refers to pit.o(.text) for TIM4_Init
    main.o(.text) refers to usart1.o(.text) for USART1_Init
    main.o(.text) refers to led.o(.text) for LED_GPIO_Config
    main.o(.text) refers to 24l01.o(.text) for NRF24L01_Init
    main.o(.text) refers to stm32f10x_usart.o(.text) for USART_SendData
    main.o(.text) refers to rt_memclr_w.o(.text) for __aeabi_memclr4
    main.o(.text) refers to noretval__2sprintf.o(.text) for __2sprintf
    main.o(.text) refers to main.o(.constdata) for .constdata
    main.o(.text) refers to usart1.o(.data) for USART1_RX_STA
    main.o(.text) refers to usart1.o(.bss) for USART1_RX_BUF
    main.o(.text) refers to main.o(.bss) for sensor_data
    includes.o(.text) refers to faddsub_clz.o(x$fpl$fsub) for __aeabi_fsub
    includes.o(.text) refers to fdiv.o(x$fpl$fdiv) for __aeabi_fdiv
    includes.o(.text) refers to fmul.o(x$fpl$fmul) for __aeabi_fmul
    includes.o(.text) refers to faddsub_clz.o(x$fpl$fadd) for __aeabi_fadd
    led.o(.text) refers to stm32f10x_rcc.o(.text) for RCC_APB2PeriphClockCmd
    led.o(.text) refers to stm32f10x_gpio.o(.text) for GPIO_Init
    delay.o(.text) refers to misc.o(.text) for SysTick_CLKSourceConfig
    delay.o(.text) refers to system_stm32f10x.o(.data) for SystemCoreClock
    delay.o(.text) refers to delay.o(.data) for fac_us
    usart1.o(.text) refers (Special) to use_no_semi_2.o(.text) for __use_no_semihosting
    usart1.o(.text) refers to stm32f10x_rcc.o(.text) for RCC_APB2PeriphClockCmd
    usart1.o(.text) refers to stm32f10x_gpio.o(.text) for GPIO_Init
    usart1.o(.text) refers to misc.o(.text) for NVIC_Init
    usart1.o(.text) refers to stm32f10x_usart.o(.text) for USART_Init
    usart1.o(.text) refers to usart1.o(.data) for RX_1_Cnt
    usart1.o(.text) refers to usart1.o(.bss) for USART1_RX_BUF
    usart1.o(.bss) refers (Special) to use_no_semi_2.o(.text) for __use_no_semihosting
    usart1.o(.data) refers (Special) to use_no_semi_2.o(.text) for __use_no_semihosting
    wdg.o(.text) refers to stm32f10x_iwdg.o(.text) for IWDG_WriteAccessCmd
    wdg.o(.text) refers to misc.o(.text) for NVIC_Init
    wdg.o(.text) refers to stm32f10x_rcc.o(.text) for RCC_APB1PeriphClockCmd
    wdg.o(.text) refers to stm32f10x_wwdg.o(.text) for WWDG_SetPrescaler
    wdg.o(.text) refers to wdg.o(.data) for WWDG_CNT
    pit.o(.text) refers to stm32f10x_rcc.o(.text) for RCC_APB1PeriphClockCmd
    pit.o(.text) refers to stm32f10x_tim.o(.text) for TIM_TimeBaseInit
    pit.o(.text) refers to misc.o(.text) for NVIC_Init
    pit.o(.text) refers to pit.o(.data) for haomiao_xitong
    spi.o(.text) refers to stm32f10x_spi.o(.text) for SPI_I2S_GetFlagStatus
    spi.o(.text) refers to stm32f10x_rcc.o(.text) for RCC_APB2PeriphClockCmd
    spi.o(.text) refers to stm32f10x_gpio.o(.text) for GPIO_Init
    24l01.o(.text) refers to _printf_percent.o(.ARM.Collect$$_printf_percent$$00000000) for _printf_percent
    24l01.o(.text) refers to _printf_x.o(.ARM.Collect$$_printf_percent$$0000000C) for _printf_x
    24l01.o(.text) refers to _printf_hex_int.o(.text) for _printf_longlong_hex
    24l01.o(.text) refers to spi.o(.text) for SPI1_ReadWriteByte
    24l01.o(.text) refers to stm32f10x_rcc.o(.text) for RCC_APB2PeriphClockCmd
    24l01.o(.text) refers to stm32f10x_gpio.o(.text) for GPIO_Init
    24l01.o(.text) refers to stm32f10x_spi.o(.text) for SPI_Cmd
    24l01.o(.text) refers to noretval__2printf.o(.text) for __2printf
    24l01.o(.text) refers to 24l01.o(.constdata) for RX_ADDRESS
    system_stm32f10x.o(.text) refers to system_stm32f10x.o(.data) for SystemCoreClock
    startup_stm32f10x_md.o(STACK) refers (Special) to heapauxi.o(.text) for __use_two_region_memory
    startup_stm32f10x_md.o(HEAP) refers (Special) to heapauxi.o(.text) for __use_two_region_memory
    startup_stm32f10x_md.o(RESET) refers (Special) to heapauxi.o(.text) for __use_two_region_memory
    startup_stm32f10x_md.o(RESET) refers to startup_stm32f10x_md.o(STACK) for __initial_sp
    startup_stm32f10x_md.o(RESET) refers to startup_stm32f10x_md.o(.text) for Reset_Handler
    startup_stm32f10x_md.o(RESET) refers to stm32f10x_it.o(.text) for NMI_Handler
    startup_stm32f10x_md.o(RESET) refers to wdg.o(.text) for WWDG_IRQHandler
    startup_stm32f10x_md.o(RESET) refers to pit.o(.text) for TIM4_IRQHandler
[...]
    libinit.o(.ARM.Collect$$libinit$$00000000) refers (Special) to libinit2.o(.ARM.Collect$$libinit$$00000013) for __rt_lib_init_lc_ctype_1
    libinit.o(.ARM.Collect$$libinit$$00000000) refers (Special) to libinit2.o(.ARM.Collect$$libinit$$00000015) for __rt_lib_init_lc_monetary_1
    libinit.o(.ARM.Collect$$libinit$$00000000) refers (Special) to libinit2.o(.ARM.Collect$$libinit$$00000017) for __rt_lib_init_lc_numeric_1
    libinit.o(.ARM.Collect$$libinit$$00000000) refers (Special) to libinit2.o(.ARM.Collect$$libinit$$00000019) for __rt_lib_init_lc_time_1
    libinit.o(.ARM.Collect$$libinit$$00000000) refers (Special) to libinit2.o(.ARM.Collect$$libinit$$00000004) for __rt_lib_init_preinit_1
    libinit.o(.ARM.Collect$$libinit$$00000000) refers (Special) to libinit2.o(.ARM.Collect$$libinit$$0000000E) for __rt_lib_init_rand_1
    libinit.o(.ARM.Collect$$libinit$$00000000) refers (Special) to libinit2.o(.ARM.Collect$$libinit$$00000033) for __rt_lib_init_return
    libinit.o(.ARM.Collect$$libinit$$00000000) refers (Special) to libinit2.o(.ARM.Collect$$libinit$$0000001D) for __rt_lib_init_signal_1
    libinit.o(.ARM.Collect$$libinit$$00000000) refers (Special) to libinit2.o(.ARM.Collect$$libinit$$00000025) for __rt_lib_init_stdio_1
    libinit.o(.ARM.Collect$$libinit$$00000000) refers (Special) to libinit2.o(.ARM.Collect$$libinit$$0000000C) for __rt_lib_init_user_alloc_1
    libspace.o(.text) refers to libspace.o(.bss) for __libspace_start
    rtexit.o(.ARM.Collect$$rtexit$$00000000) refers (Special) to rtexit2.o(.ARM.Collect$$rtexit$$00000004) for __rt_exit_exit
    rtexit.o(.ARM.Collect$$rtexit$$00000000) refers (Special) to rtexit2.o(.ARM.Collect$$rtexit$$00000003) for __rt_exit_ls
    rtexit.o(.ARM.Collect$$rtexit$$00000000) refers (Special) to rtexit2.o(.ARM.Collect$$rtexit$$00000002) for __rt_exit_prels_1
    rtexit.o(.ARM.exidx) refers (Special) to rtexit2.o(.ARM.Collect$$rtexit$$00000004) for __rt_exit_exit
    rtexit.o(.ARM.exidx) refers (Special) to rtexit2.o(.ARM.Collect$$rtexit$$00000003) for __rt_exit_ls
    rtexit.o(.ARM.exidx) refers (Special) to rtexit2.o(.ARM.Collect$$rtexit$$00000002) for __rt_exit_prels_1
    rtexit.o(.ARM.exidx) refers to rtexit.o(.ARM.Collect$$rtexit$$00000000) for .ARM.Collect$$rtexit$$00000000
    libinit2.o(.ARM.Collect$$libinit$$00000010) refers to libinit2.o(.ARM.Collect$$libinit$$0000000F) for .ARM.Collect$$libinit$$0000000F
    libinit2.o(.ARM.Collect$$libinit$$00000012) refers to libinit2.o(.ARM.Collect$$libinit$$0000000F) for .ARM.Collect$$libinit$$0000000F
    libinit2.o(.ARM.Collect$$libinit$$00000014) refers to libinit2.o(.ARM.Collect$$libinit$$0000000F) for .ARM.Collect$$libinit$$0000000F
    libinit2.o(.ARM.Collect$$libinit$$00000016) refers to libinit2.o(.ARM.Collect$$libinit$$0000000F) for .ARM.Collect$$libinit$$0000000F
    libinit2.o(.ARM.Collect$$libinit$$00000018) refers to libinit2.o(.ARM.Collect$$libinit$$0000000F) for .ARM.Collect$$libinit$$0000000F
    libinit2.o(.ARM.Collect$$libinit$$00000026) refers to argv_veneer.o(.emb_text) for __ARM_argv_veneer
    libinit2.o(.ARM.Collect$$libinit$$00000027) refers to argv_veneer.o(.emb_text) for __ARM_argv_veneer
    rtexit2.o(.ARM.Collect$$rtexit$$00000003) refers to libshutdown.o(.ARM.Collect$$libshutdown$$00000000) for __rt_lib_shutdown
    rtexit2.o(.ARM.Collect$$rtexit$$00000004) refers to usart1.o(.text) for _sys_exit
    rtexit2.o(.ARM.exidx) refers to rtexit2.o(.ARM.Collect$$rtexit$$00000001) for .ARM.Collect$$rtexit$$00000001
    rtexit2.o(.ARM.exidx) refers to rtexit2.o(.ARM.Collect$$rtexit$$00000003) for .ARM.Collect$$rtexit$$00000003
    rtexit2.o(.ARM.exidx) refers to rtexit2.o(.ARM.Collect$$rtexit$$00000004) for .ARM.Collect$$rtexit$$00000004
    argv_veneer.o(.emb_text) refers to no_argv.o(.text) for __ARM_get_argv
    _get_argv_nomalloc.o(.text) refers (Special) to hrguard.o(.text) for __heap_region$guard
    _get_argv_nomalloc.o(.text) refers to defsig_rtmem_outer.o(.text) for __rt_SIGRTMEM
    _get_argv_nomalloc.o(.text) refers to sys_command.o(.text) for _sys_command_string
    libshutdown.o(.ARM.Collect$$libshutdown$$00000000) refers (Special) to libshutdown2.o(.ARM.Collect$$libshutdown$$00000004) for __rt_lib_shutdown_cpp_1
    libshutdown.o(.ARM.Collect$$libshutdown$$00000000) refers (Special) to libshutdown2.o(.ARM.Collect$$libshutdown$$00000002) for __rt_lib_shutdown_fini_1
    libshutdown.o(.ARM.Collect$$libshutdown$$00000000) refers (Special) to libshutdown2.o(.ARM.Collect$$libshutdown$$00000009) for __rt_lib_shutdown_fp_trap_1
    libshutdown.o(.ARM.Collect$$libshutdown$$00000000) refers (Special) to libshutdown2.o(.ARM.Collect$$libshutdown$$00000011) for __rt_lib_shutdown_heap_1
    libshutdown.o(.ARM.Collect$$libshutdown$$00000000) refers (Special) to libshutdown2.o(.ARM.Collect$$libshutdown$$00000012) for __rt_lib_shutdown_return
    libshutdown.o(.ARM.Collect$$libshutdown$$00000000) refers (Special) to libshutdown2.o(.ARM.Collect$$libshutdown$$0000000C) for __rt_lib_shutdown_signal_1
    libshutdown.o(.ARM.Collect$$libshutdown$$00000000) refers (Special) to libshutdown2.o(.ARM.Collect$$libshutdown$$00000006) for __rt_lib_shutdown_stdio_1
    libshutdown.o(.ARM.Collect$$libshutdown$$00000000) refers (Special) to libshutdown2.o(.ARM.Collect$$libshutdown$$0000000E) for __rt_lib_shutdown_user_alloc_1
    sys_command.o(.text) refers (Special) to use_no_semi.o(.text) for __I$use$semihosting
    sys_command.o(.text) refers (Special) to indicate_semi.o(.text) for __semihosting_library_function
    defsig_rtmem_outer.o(.text) refers to defsig_rtmem_inner.o(.text) for __rt_SIGRTMEM_inner
    defsig_rtmem_outer.o(.text) refers to defsig_exit.o(.text) for __sig_exit
    defsig_rtmem_formal.o(.text) refers to rt_raise.o(.text) for __rt_raise
    rt_raise.o(.text) refers to __raise.o(.text) for __raise
    rt_raise.o(.text) refers to usart1.o(.text) for _sys_exit
    defsig_exit.o(.text) refers to usart1.o(.text) for _sys_exit
    defsig_rtmem_inner.o(.text) refers to defsig_general.o(.text) for __default_signal_display
    __raise.o(.text) refers to defsig.o(CL$$defsig) for __default_signal_handler
    defsig_general.o(.text) refers to sys_wrch.o(.text) for _ttywrch
    sys_wrch.o(.text) refers (Special) to use_no_semi.o(.text) for __I$use$semihosting
    sys_wrch.o(.text) refers (Special) to indicate_semi.o(.text) for __semihosting_library_function
    defsig.o(CL$$defsig) refers to defsig_rtmem_inner.o(.text) for __rt_SIGRTMEM_inner
    defsig_abrt_inner.o(.text) refers to defsig_general.o(.text) for __default_signal_display
    defsig_fpe_inner.o(.text) refers to defsig_general.o(.text) for __default_signal_display
    defsig_rtred_inner.o(.text) refers to defsig_general.o(.text) for __default_signal_display
    defsig_stak_inner.o(.text) refers to defsig_general.o(.text) for __default_signal_display
    defsig_pvfn_inner.o(.text) refers to defsig_general.o(.text) for __default_signal_display
    defsig_cppl_inner.o(.text) refers to defsig_general.o(.text) for __default_signal_display
    defsig_segv_inner.o(.text) refers to defsig_general.o(.text) for __default_signal_display
    defsig_other.o(.text) refers to defsig_general.o(.text) for __default_signal_display


==============================================================================

Removing Unused input sections from the image.

    Removing main.o(.data), (3 bytes).
    Removing includes.o(.text), (76 bytes).
    Removing sys.o(.emb_text), (12 bytes).
    Removing core_cm3.o(.emb_text), (32 bytes).
    Removing stm32f10x_dbgmcu.o(.text), (48 bytes).

5 unused section(s) (total 171 bytes) removed from the image.

==============================================================================

Image Symbol Table

    Local Symbols

    Symbol Name                              Value     Ov Type        Size  Object(Section)

    ../clib/angel/boardlib.s                 0x00000000   Number         0  boardinit1.o ABSOLUTE
    ../clib/angel/boardlib.s                 0x00000000   Number         0  boardshut.o ABSOLUTE
    ../clib/angel/boardlib.s                 0x00000000   Number         0  boardinit2.o ABSOLUTE
    ../clib/angel/boardlib.s                 0x00000000   Number         0  boardinit3.o ABSOLUTE
    ../clib/angel/handlers.s                 0x00000000   Number         0  __scatter_copy.o ABSOLUTE
    ../clib/angel/handlers.s                 0x00000000   Number         0  __scatter_zi.o ABSOLUTE
    ../clib/angel/kernel.s                   0x00000000   Number         0  __rtentry4.o ABSOLUTE
    ../clib/angel/kernel.s                   0x00000000   Number         0  __rtentry2.o ABSOLUTE
    ../clib/angel/kernel.s                   0x00000000   Number         0  __rtentry.o ABSOLUTE
    ../clib/angel/kernel.s                   0x00000000   Number         0  rtexit2.o ABSOLUTE
    ../clib/angel/kernel.s                   0x00000000   Number         0  rtexit.o ABSOLUTE
    ../clib/angel/rt.s                       0x00000000   Number         0  rt_raise.o ABSOLUTE
    ../clib/angel/scatter.s                  0x00000000   Number         0  __scatter.o ABSOLUTE
    ../clib/angel/startup.s                  0x00000000   Number         0  __main.o ABSOLUTE
    ../clib/angel/sys.s                      0x00000000   Number         0  use_no_semi.o ABSOLUTE
    ../clib/angel/sys.s                      0x00000000   Number         0  indicate_semi.o ABSOLUTE
    ../clib/angel/sys.s                      0x00000000   Number         0  libspace.o ABSOLUTE
    ../clib/angel/sys.s                      0x00000000   Number         0  use_no_semi_2.o ABSOLUTE
    ../clib/angel/sys.s                      0x00000000   Number         0  sys_stackheap_outer.o ABSOLUTE
    ../clib/angel/sysapp.c                   0x00000000   Number         0  sys_command.o ABSOLUTE
    ../clib/angel/sysapp.c                   0x00000000   Number         0  sys_wrch.o ABSOLUTE
    ../clib/armsys.c                         0x00000000   Number         0  no_argv.o ABSOLUTE
    ../clib/armsys.c                         0x00000000   Number         0  _get_argv_nomalloc.o ABSOLUTE
    ../clib/armsys.c                         0x00000000   Number         0  argv_veneer.o ABSOLUTE
    ../clib/armsys.c                         0x00000000   Number         0  argv_veneer.o ABSOLUTE
    ../clib/heapalloc.c                      0x00000000   Number         0  hrguard.o ABSOLUTE
    ../clib/heapaux.c                        0x00000000   Number         0  heapauxi.o ABSOLUTE
    ../clib/libinit.s                        0x00000000   Number         0  libinit2.o ABSOLUTE
    ../clib/libinit.s                        0x00000000   Number         0  libshutdown2.o ABSOLUTE
    ../clib/libinit.s                        0x00000000   Number         0  libinit.o ABSOLUTE
    ../clib/libinit.s                        0x00000000   Number         0  libshutdown.o ABSOLUTE
    ../clib/memcpset.s                       0x00000000   Number         0  rt_memclr_w.o ABSOLUTE
    ../clib/memcpset.s                       0x00000000   Number         0  rt_memcpy_w.o ABSOLUTE
    ../clib/misc.s                           0x00000000   Number         0  printf_stubs.o ABSOLUTE
    ../clib/printf.c                         0x00000000   Number         0  _printf_hex_int_ll_ptr.o ABSOLUTE
    ../clib/printf.c                         0x00000000   Number         0  __printf_flags.o ABSOLUTE
    ../clib/printf.c                         0x00000000   Number         0  __printf_ss.o ABSOLUTE
    ../clib/printf.c                         0x00000000   Number         0  __printf_flags_ss.o ABSOLUTE
    ../clib/printf.c                         0x00000000   Number         0  __printf_wp.o ABSOLUTE
    ../clib/printf.c                         0x00000000   Number         0  __printf_flags_wp.o ABSOLUTE
    ../clib/printf.c                         0x00000000   Number         0  __printf_ss_wp.o ABSOLUTE
    ../clib/printf.c                         0x00000000   Number         0  __printf_flags_ss_wp.o ABSOLUTE
    ../clib/printf.c                         0x00000000   Number         0  __2printf.o ABSOLUTE
    ../clib/printf.c                         0x00000000   Number         0  __2sprintf.o ABSOLUTE
    ../clib/printf.c                         0x00000000   Number         0  noretval__2printf.o ABSOLUTE
    ../clib/printf.c                         0x00000000   Number         0  _printf_hex_ll.o ABSOLUTE
    ../clib/printf.c                         0x00000000   Number         0  noretval__2sprintf.o ABSOLUTE
    ../clib/printf.c                         0x00000000   Number         0  __printf.o ABSOLUTE
    ../clib/printf.c                         0x00000000   Number         0  _printf_dec.o ABSOLUTE
    ../clib/printf.c                         0x00000000   Number         0  _printf_char_file.o ABSOLUTE
    ../clib/printf.c                         0x00000000   Number         0  _printf_hex_int.o ABSOLUTE
    ../clib/printf.c                         0x00000000   Number         0  _sputc.o ABSOLUTE
    ../clib/printf.c                         0x00000000   Number         0  _printf_char_common.o ABSOLUTE
    ../clib/printf.c                         0x00000000   Number         0  _printf_intcommon.o ABSOLUTE
    ../clib/printf.c                         0x00000000   Number         0  __printf_nopercent.o ABSOLUTE
    ../clib/printf.c                         0x00000000   Number         0  _printf_hex_int_ll.o ABSOLUTE
    ../clib/printf.c                         0x00000000   Number         0  _printf_hex_ptr.o ABSOLUTE
    ../clib/printf.c                         0x00000000   Number         0  _printf_hex_int_ptr.o ABSOLUTE
    ../clib/printf.c                         0x00000000   Number         0  _printf_hex_ll_ptr.o ABSOLUTE
    ../clib/printf_percent.s                 0x00000000   Number         0  _printf_percent_end.o ABSOLUTE
    ../clib/printf_percent.s                 0x00000000   Number         0  _printf_percent.o ABSOLUTE
    ../clib/printf_percent.s                 0x00000000   Number         0  _printf_d.o ABSOLUTE
    ../clib/printf_percent.s                 0x00000000   Number         0  _printf_x.o ABSOLUTE
    ../clib/signal.c                         0x00000000   Number         0  defsig_rtmem_inner.o ABSOLUTE
    ../clib/signal.c                         0x00000000   Number         0  defsig_exit.o ABSOLUTE
    ../clib/signal.c                         0x00000000   Number         0  defsig_rtmem_formal.o ABSOLUTE
    ../clib/signal.c                         0x00000000   Number         0  defsig_rtmem_outer.o ABSOLUTE
    ../clib/signal.c                         0x00000000   Number         0  __raise.o ABSOLUTE
    ../clib/signal.c                         0x00000000   Number         0  defsig_other.o ABSOLUTE
    ../clib/signal.c                         0x00000000   Number         0  defsig_segv_inner.o ABSOLUTE
    ../clib/signal.c                         0x00000000   Number         0  defsig_cppl_inner.o ABSOLUTE
    ../clib/signal.c                         0x00000000   Number         0  defsig_pvfn_inner.o ABSOLUTE
    ../clib/signal.c                         0x00000000   Number         0  defsig_rtred_inner.o ABSOLUTE
    ../clib/signal.c                         0x00000000   Number         0  defsig_fpe_inner.o ABSOLUTE
    ../clib/signal.c                         0x00000000   Number         0  defsig_abrt_inner.o ABSOLUTE
    ../clib/signal.c                         0x00000000   Number         0  defsig_general.o ABSOLUTE
    ../clib/signal.c                         0x00000000   Number         0  defsig_stak_inner.o ABSOLUTE
    ../clib/signal.s                         0x00000000   Number         0  defsig.o ABSOLUTE
    ../clib/stdio.c                          0x00000000   Number         0  ferror.o ABSOLUTE
    ../clib/stdio.c                          0x00000000   Number         0  ferror_locked.o ABSOLUTE
    ../clib/stdlib.c                         0x00000000   Number         0  exit.o ABSOLUTE
    ../fplib/faddsub.s                       0x00000000   Number         0  faddsub_clz.o ABSOLUTE
    ../fplib/fdiv.s                          0x00000000   Number         0  fdiv.o ABSOLUTE
    ../fplib/fmul.s                          0x00000000   Number         0  fmul.o ABSOLUTE
    ../fplib/fnaninf.s                       0x00000000   Number         0  fnaninf.o ABSOLUTE
    ../fplib/fpinit.s                        0x00000000   Number         0  fpinit.o ABSOLUTE
    ../fplib/fretinf.s                       0x00000000   Number         0  fretinf.o ABSOLUTE
    ../fplib/usenofp.s                       0x00000000   Number         0  usenofp.o ABSOLUTE
    app\NRF24L01\24l01.c                     0x00000000   Number         0  24l01.o ABSOLUTE
    app\pit\pit.c                            0x00000000   Number         0  pit.o ABSOLUTE
    app\spi\spi.c                            0x00000000   Number         0  spi.o ABSOLUTE
    dc.s                                     0x00000000   Number         0  dc.o ABSOLUTE
    led.c                                    0x00000000   Number         0  led.o ABSOLUTE
    libraries\src\misc.c                     0x00000000   Number         0  misc.o ABSOLUTE
    libraries\src\stm32f10x_dbgmcu.c         0x00000000   Number         0  stm32f10x_dbgmcu.o ABSOLUTE
    libraries\src\stm32f10x_gpio.c           0x00000000   Number         0  stm32f10x_gpio.o ABSOLUTE
    libraries\src\stm32f10x_iwdg.c           0x00000000   Number         0  stm32f10x_iwdg.o ABSOLUTE
    libraries\src\stm32f10x_rcc.c            0x00000000   Number         0  stm32f10x_rcc.o ABSOLUTE
    libraries\src\stm32f10x_spi.c            0x00000000   Number         0  stm32f10x_spi.o ABSOLUTE
    libraries\src\stm32f10x_tim.c            0x00000000   Number         0  stm32f10x_tim.o ABSOLUTE
    libraries\src\stm32f10x_usart.c          0x00000000   Number         0  stm32f10x_usart.o ABSOLUTE
    libraries\src\stm32f10x_wwdg.c           0x00000000   Number         0  stm32f10x_wwdg.o ABSOLUTE
    startup\\core_cm3.c                      0x00000000   Number         0  core_cm3.o ABSOLUTE
    startup\core_cm3.c                       0x00000000   Number         0  core_cm3.o ABSOLUTE
    startup\startup_stm32f10x_md.s           0x00000000   Number         0  startup_stm32f10x_md.o ABSOLUTE
    startup\system_stm32f10x.c               0x00000000   Number         0  system_stm32f10x.o ABSOLUTE
    system\\sys\\sys.c                       0x00000000   Number         0  sys.o ABSOLUTE
    system\delay\delay.c                     0x00000000   Number         0  delay.o ABSOLUTE
    system\sys\sys.c                         0x00000000   Number         0  sys.o ABSOLUTE
    system\usart1\usart1.c                   0x00000000   Number         0  usart1.o ABSOLUTE
    system\wdg\wdg.c                         0x00000000   Number         0  wdg.o ABSOLUTE
    user\includes.c                          0x00000000   Number         0  includes.o ABSOLUTE
    user\main.c                              0x00000000   Number         0  main.o ABSOLUTE
    user\stm32f10x_it.c                      0x00000000   Number         0  stm32f10x_it.o ABSOLUTE
    RESET                                    0x08000000   Section      236  startup_stm32f10x_md.o(RESET)
    !!!main                                  0x080000ec   Section        8  __main.o(!!!main)
    !!!scatter                               0x080000f4   Section       52  __scatter.o(!!!scatter)
    !!handler_copy                           0x08000128   Section       26  __scatter_copy.o(!!handler_copy)
    !!handler_zi                             0x08000144   Section       28  __scatter_zi.o(!!handler_zi)
    .ARM.Collect$$_printf_percent$$00000000  0x08000160   Section        0  _printf_percent.o(.ARM.Collect$$_printf_percent$$00000000)
    .ARM.Collect$$_printf_percent$$00000009  0x08000160   Section        6  _printf_d.o(.ARM.Collect$$_printf_percent$$00000009)
    .ARM.Collect$$_printf_percent$$0000000C  0x08000166   Section        6  _printf_x.o(.ARM.Collect$$_printf_percent$$0000000C)
    .ARM.Collect$$_printf_percent$$00000017  0x0800016c   Section        4  _printf_percent_end.o(.ARM.Collect$$_printf_percent$$00000017)
    .ARM.Collect$$libinit$$00000000          0x08000170   Section        2  libinit.o(.ARM.Collect$$libinit$$00000000)
    .ARM.Collect$$libinit$$00000002          0x08000172   Section        0  libinit2.o(.ARM.Collect$$libinit$$00000002)
    .ARM.Collect$$libinit$$00000004          0x08000172   Section        0  libinit2.o(.ARM.Collect$$libinit$$00000004)
    .ARM.Collect$$libinit$$0000000A          0x08000172   Section        0  libinit2.o(.ARM.Collect$$libinit$$0000000A)
    .ARM.Collect$$libinit$$0000000C          0x08000172   Section        0  libinit2.o(.ARM.Collect$$libinit$$0000000C)
    .ARM.Collect$$libinit$$0000000E          0x08000172   Section        0  libinit2.o(.ARM.Collect$$libinit$$0000000E)
    .ARM.Collect$$libinit$$00000011          0x08000172   Section        0  libinit2.o(.ARM.Collect$$libinit$$00000011)
    .ARM.Collect$$libinit$$00000013          0x08000172   Section        0  libinit2.o(.ARM.Collect$$libinit$$00000013)
    .ARM.Collect$$libinit$$00000015          0x08000172   Section        0  libinit2.o(.ARM.Collect$$libinit$$00000015)
    .ARM.Collect$$libinit$$00000017          0x08000172   Section        0  libinit2.o(.ARM.Collect$$libinit$$00000017)
    .ARM.Collect$$libinit$$00000019          0x08000172   Section        0  libinit2.o(.ARM.Collect$$libinit$$00000019)
    .ARM.Collect$$libinit$$0000001B          0x08000172   Section        0  libinit2.o(.ARM.Collect$$libinit$$0000001B)
    .ARM.Collect$$libinit$$0000001D          0x08000172   Section        0  libinit2.o(.ARM.Collect$$libinit$$0000001D)
    .ARM.Collect$$libinit$$0000001F          0x08000172   Section        0  libinit2.o(.ARM.Collect$$libinit$$0000001F)
    .ARM.Collect$$libinit$$00000021          0x08000172   Section        0  libinit2.o(.ARM.Collect$$libinit$$00000021)
    .ARM.Collect$$libinit$$00000023          0x08000172   Section        0  libinit2.o(.ARM.Collect$$libinit$$00000023)
    .ARM.Collect$$libinit$$00000025          0x08000172   Section        0  libinit2.o(.ARM.Collect$$libinit$$00000025)
    .ARM.Collect$$libinit$$0000002C          0x08000172   Section        0  libinit2.o(.ARM.Collect$$libinit$$0000002C)
    .ARM.Collect$$libinit$$0000002E          0x08000172   Section        0  libinit2.o(.ARM.Collect$$libinit$$0000002E)
    .ARM.Collect$$libinit$$00000030          0x08000172   Section        0  libinit2.o(.ARM.Collect$$libinit$$00000030)
    .ARM.Collect$$libinit$$00000032          0x08000172   Section        0  libinit2.o(.ARM.Collect$$libinit$$00000032)
    .ARM.Collect$$libinit$$00000033          0x08000172   Section        2  libinit2.o(.ARM.Collect$$libinit$$00000033)
    .ARM.Collect$$libshutdown$$00000000      0x08000174   Section        2  libshutdown.o(.ARM.Collect$$libshutdown$$00000000)
    .ARM.Collect$$libshutdown$$00000002      0x08000176   Section        0  libshutdown2.o(.ARM.Collect$$libshutdown$$00000002)
    .ARM.Collect$$libshutdown$$00000004      0x08000176   Section        0  libshutdown2.o(.ARM.Collect$$libshutdown$$00000004)
    .ARM.Collect$$libshutdown$$00000006      0x08000176   Section        0  libshutdown2.o(.ARM.Collect$$libshutdown$$00000006)
    .ARM.Collect$$libshutdown$$00000009      0x08000176   Section        0  libshutdown2.o(.ARM.Collect$$libshutdown$$00000009)
    .ARM.Collect$$libshutdown$$0000000C      0x08000176   Section        0  libshutdown2.o(.ARM.Collect$$libshutdown$$0000000C)
    .ARM.Collect$$libshutdown$$0000000E      0x08000176   Section        0  libshutdown2.o(.ARM.Collect$$libshutdown$$0000000E)
    .ARM.Collect$$libshutdown$$00000011      0x08000176   Section        0  libshutdown2.o(.ARM.Collect$$libshutdown$$00000011)
    .ARM.Collect$$libshutdown$$00000012      0x08000176   Section        2  libshutdown2.o(.ARM.Collect$$libshutdown$$00000012)
    .ARM.Collect$$rtentry$$00000000          0x08000178   Section        0  __rtentry.o(.ARM.Collect$$rtentry$$00000000)
    .ARM.Collect$$rtentry$$00000002          0x08000178   Section        0  __rtentry2.o(.ARM.Collect$$rtentry$$00000002)
    .ARM.Collect$$rtentry$$00000004          0x08000178   Section        6  __rtentry4.o(.ARM.Collect$$rtentry$$00000004)
    .ARM.Collect$$rtentry$$00000009          0x0800017e   Section        0  __rtentry2.o(.ARM.Collect$$rtentry$$00000009)
    .ARM.Collect$$rtentry$$0000000A          0x0800017e   Section        4  __rtentry2.o(.ARM.Collect$$rtentry$$0000000A)
    .ARM.Collect$$rtentry$$0000000C          0x08000182   Section        0  __rtentry2.o(.ARM.Collect$$rtentry$$0000000C)
    .ARM.Collect$$rtentry$$0000000D          0x08000182   Section        8  __rtentry2.o(.ARM.Collect$$rtentry$$0000000D)
    .ARM.Collect$$rtexit$$00000000           0x0800018a   Section        2  rtexit.o(.ARM.Collect$$rtexit$$00000000)
    .ARM.Collect$$rtexit$$00000002           0x0800018c   Section        0  rtexit2.o(.ARM.Collect$$rtexit$$00000002)
    .ARM.Collect$$rtexit$$00000003           0x0800018c   Section        4  rtexit2.o(.ARM.Collect$$rtexit$$00000003)
    .ARM.Collect$$rtexit$$00000004           0x08000190   Section        6  rtexit2.o(.ARM.Collect$$rtexit$$00000004)
    .text                                    0x08000198   Section        0  main.o(.text)
    .text                                    0x080002c0   Section        0  stm32f10x_it.o(.text)
    .text                                    0x080002dc   Section        0  led.o(.text)
    .text                                    0x08000314   Section        0  delay.o(.text)
    .text                                    0x080003e8   Section        0  usart1.o(.text)
    .text                                    0x080005d0   Section        0  wdg.o(.text)
    .text                                    0x0800067c   Section        0  pit.o(.text)
    .text                                    0x080006fc   Section        0  spi.o(.text)
    .text                                    0x08000800   Section        0  24l01.o(.text)
    .text                                    0x08000b28   Section        0  system_stm32f10x.o(.text)
    SetSysClockTo72                          0x08000b29   Thumb Code   214  system_stm32f10x.o(.text)
    SetSysClock                              0x08000bff   Thumb Code     8  system_stm32f10x.o(.text)
    .text                                    0x08000d08   Section       64  startup_stm32f10x_md.o(.text)
    .text                                    0x08000d48   Section        0  stm32f10x_gpio.o(.text)
    .text                                    0x080010a4   Section        0  stm32f10x_usart.o(.text)
    .text                                    0x080014ac   Section        0  stm32f10x_rcc.o(.text)
    .text                                    0x08001850   Section        0  stm32f10x_iwdg.o(.text)
    .text                                    0x08001890   Section        0  stm32f10x_wwdg.o(.text)
    .text                                    0x08001918   Section        0  misc.o(.text)
    .text                                    0x080019f4   Section        0  stm32f10x_tim.o(.text)
    TI4_Config                               0x08001e9b   Thumb Code   130  stm32f10x_tim.o(.text)
    TI3_Config                               0x08001f2f   Thumb Code   122  stm32f10x_tim.o(.text)
    TI2_Config                               0x08001fc3   Thumb Code   130  stm32f10x_tim.o(.text)
    TI1_Config                               0x08002057   Thumb Code   108  stm32f10x_tim.o(.text)
    .text                                    0x08002810   Section        0  stm32f10x_spi.o(.text)
    .text                                    0x08002b1c   Section        2  use_no_semi_2.o(.text)
    .text                                    0x08002b20   Section        0  noretval__2printf.o(.text)
    .text                                    0x08002b38   Section        0  noretval__2sprintf.o(.text)
    .text                                    0x08002b60   Section        0  _printf_dec.o(.text)
    .text                                    0x08002bd8   Section        0  _printf_hex_int.o(.text)
    .text                                    0x08002c30   Section        0  __printf_ss.o(.text)
    .text                                    0x08002ce8   Section      100  rt_memcpy_w.o(.text)
    .text                                    0x08002d4c   Section       78  rt_memclr_w.o(.text)
    .text                                    0x08002d9a   Section        0  heapauxi.o(.text)
    .text                                    0x08002da0   Section        2  use_no_semi.o(.text)
    .text                                    0x08002da2   Section        0  _printf_intcommon.o(.text)
    .text                                    0x08002e54   Section        0  _printf_char_common.o(.text)
    _printf_input_char                       0x08002e55   Thumb Code    10  _printf_char_common.o(.text)
    .text                                    0x08002e84   Section        0  _sputc.o(.text)
    .text                                    0x08002e90   Section        0  _printf_char_file.o(.text)
    .text                                    0x08002eb4   Section        0  ferror.o(.text)
    .text                                    0x08002ebc   Section       74  sys_stackheap_outer.o(.text)
    .text                                    0x08002f06   Section        0  exit.o(.text)
    .text                                    0x08002f18   Section        8  libspace.o(.text)
    .constdata                               0x08002f20   Section       40  main.o(.constdata)
    .constdata                               0x08002f48   Section       10  24l01.o(.constdata)
    .constdata                               0x08002f52   Section       40  _printf_hex_int.o(.constdata)
    uc_hextab                                0x08002f52   Data          20  _printf_hex_int.o(.constdata)
    lc_hextab                                0x08002f66   Data          20  _printf_hex_int.o(.constdata)
    .data                                    0x20000000   Section        4  delay.o(.data)
    fac_us                                   0x20000000   Data           1  delay.o(.data)
    fac_ms                                   0x20000002   Data           2  delay.o(.data)
    .data                                    0x20000004   Section        8  usart1.o(.data)
    .data                                    0x2000000c   Section        1  wdg.o(.data)
    .data                                    0x20000010   Section        4  pit.o(.data)
    .data                                    0x20000014   Section       20  system_stm32f10x.o(.data)
    .data                                    0x20000028   Section       20  stm32f10x_rcc.o(.data)
    APBAHBPrescTable                         0x20000028   Data          16  stm32f10x_rcc.o(.data)
    ADCPrescTable                            0x20000038   Data           4  stm32f10x_rcc.o(.data)
    .bss                                     0x2000003c   Section       12  main.o(.bss)
    .bss                                     0x20000048   Section     1000  usart1.o(.bss)
    .bss                                     0x20000430   Section       96  libspace.o(.bss)
    HEAP                                     0x20000490   Section      512  startup_stm32f10x_md.o(HEAP)
    Heap_Mem                                 0x20000490   Data         512  startup_stm32f10x_md.o(HEAP)
    STACK                                    0x20000690   Section     1024  startup_stm32f10x_md.o(STACK)
    Stack_Mem                                0x20000690   Data        1024  startup_stm32f10x_md.o(STACK)
    __initial_sp                             0x20000a90   Data           0  startup_stm32f10x_md.o(STACK)

    Global Symbols

    Symbol Name                              Value     Ov Type        Size  Object(Section)

    BuildAttributes$$THM_ISAv4$P$D$K$B$S$PE$A:L22UL41UL21$X:L11$S22US41US21$IEEE1$IW$USESV6$~STKCKD$USESV7$~SHL$OSPACE$ROPI$EBA8$UX$STANDARDLIB$REQ8$PRES8$EABIv2 0x00000000   Number         0  anon$$obj.o ABSOLUTE
    __ARM_use_no_argv                        0x00000000   Number         0  main.o ABSOLUTE
    _printf_flags                            0x00000000   Number         0  printf_stubs.o ABSOLUTE
    _printf_return_value                     0x00000000   Number         0  printf_stubs.o ABSOLUTE
    _printf_sizespec                         0x00000000   Number         0  printf_stubs.o ABSOLUTE
    _printf_widthprec                        0x00000000   Number         0  printf_stubs.o ABSOLUTE
    __ARM_exceptions_init                     - Undefined Weak Reference
    __alloca_initialize                       - Undefined Weak Reference
    __arm_fini_                               - Undefined Weak Reference
    __arm_preinit_                            - Undefined Weak Reference
    __cpp_initialize__aeabi_                  - Undefined Weak Reference
    __cxa_finalize                            - Undefined Weak Reference
    __rt_locale                               - Undefined Weak Reference
    __sigvec_lookup                           - Undefined Weak Reference
    _atexit_init                              - Undefined Weak Reference
    _call_atexit_fns                          - Undefined Weak Reference
    _clock_init                               - Undefined Weak Reference
    _fp_trap_init                             - Undefined Weak Reference
    _fp_trap_shutdown                         - Undefined Weak Reference
    _get_lc_collate                           - Undefined Weak Reference
    _get_lc_ctype                             - Undefined Weak Reference
    _get_lc_monetary                          - Undefined Weak Reference
    _get_lc_numeric                           - Undefined Weak Reference
    _get_lc_time                              - Undefined Weak Reference
    _getenv_init                              - Undefined Weak Reference
    _handle_redirection                       - Undefined Weak Reference
    _init_alloc                               - Undefined Weak Reference
    _init_user_alloc                          - Undefined Weak Reference
    _initio                                   - Undefined Weak Reference
    _mutex_acquire                            - Undefined Weak Reference
    _mutex_release                            - Undefined Weak Reference
    _printf_post_padding                      - Undefined Weak Reference
    _printf_pre_padding                       - Undefined Weak Reference
    _printf_truncate_signed                   - Undefined Weak Reference
    _printf_truncate_unsigned                 - Undefined Weak Reference
    _rand_init                                - Undefined Weak Reference
    _signal_finish                            - Undefined Weak Reference
    _signal_init                              - Undefined Weak Reference
    _terminate_alloc                          - Undefined Weak Reference
    _terminate_user_alloc                     - Undefined Weak Reference
    _terminateio                              - Undefined Weak Reference
    __Vectors_Size                           0x000000ec   Number         0  startup_stm32f10x_md.o ABSOLUTE
    __Vectors                                0x08000000   Data           4  startup_stm32f10x_md.o(RESET)
    __Vectors_End                            0x080000ec   Data           0  startup_stm32f10x_md.o(RESET)
    __main                                   0x080000ed   Thumb Code     8  __main.o(!!!main)
    __scatterload                            0x080000f5   Thumb Code     0  __scatter.o(!!!scatter)
    __scatterload_rt2                        0x080000f5   Thumb Code    44  __scatter.o(!!!scatter)
    __scatterload_rt2_thumb_only             0x080000f5   Thumb Code     0  __scatter.o(!!!scatter)
    __scatterload_null                       0x08000103   Thumb Code     0  __scatter.o(!!!scatter)
    __scatterload_copy                       0x08000129   Thumb Code    26  __scatter_copy.o(!!handler_copy)
    __scatterload_zeroinit                   0x08000145   Thumb Code    28  __scatter_zi.o(!!handler_zi)
    _printf_d                                0x08000161   Thumb Code     0  _printf_d.o(.ARM.Collect$$_printf_percent$$00000009)
    _printf_percent                          0x08000161   Thumb Code     0  _printf_percent.o(.ARM.Collect$$_printf_percent$$00000000)
    _printf_x                                0x08000167   Thumb Code     0  _printf_x.o(.ARM.Collect$$_printf_percent$$0000000C)
    _printf_percent_end                      0x0800016d   Thumb Code     0  _printf_percent_end.o(.ARM.Collect$$_printf_percent$$00000017)
    __rt_lib_init                            0x08000171   Thumb Code     0  libinit.o(.ARM.Collect$$libinit$$00000000)
    __rt_lib_init_alloca_1                   0x08000173   Thumb Code     0  libinit2.o(.ARM.Collect$$libinit$$0000002E)
    __rt_lib_init_argv_1                     0x08000173   Thumb Code     0  libinit2.o(.ARM.Collect$$libinit$$0000002C)
    __rt_lib_init_atexit_1                   0x08000173   Thumb Code     0  libinit2.o(.ARM.Collect$$libinit$$0000001B)
    __rt_lib_init_clock_1                    0x08000173   Thumb Code     0  libinit2.o(.ARM.Collect$$libinit$$00000021)
    __rt_lib_init_cpp_1                      0x08000173   Thumb Code     0  libinit2.o(.ARM.Collect$$libinit$$00000032)
    __rt_lib_init_exceptions_1               0x08000173   Thumb Code     0  libinit2.o(.ARM.Collect$$libinit$$00000030)
    __rt_lib_init_fp_1                       0x08000173   Thumb Code     0  libinit2.o(.ARM.Collect$$libinit$$00000002)
    __rt_lib_init_fp_trap_1                  0x08000173   Thumb Code     0  libinit2.o(.ARM.Collect$$libinit$$0000001F)
    __rt_lib_init_getenv_1                   0x08000173   Thumb Code     0  libinit2.o(.ARM.Collect$$libinit$$00000023)
    __rt_lib_init_heap_1                     0x08000173   Thumb Code     0  libinit2.o(.ARM.Collect$$libinit$$0000000A)
    __rt_lib_init_lc_collate_1               0x08000173   Thumb Code     0  libinit2.o(.ARM.Collect$$libinit$$00000011)
    __rt_lib_init_lc_ctype_1                 0x08000173   Thumb Code     0  libinit2.o(.ARM.Collect$$libinit$$00000013)
    __rt_lib_init_lc_monetary_1              0x08000173   Thumb Code     0  libinit2.o(.ARM.Collect$$libinit$$00000015)
    __rt_lib_init_lc_numeric_1               0x08000173   Thumb Code     0  libinit2.o(.ARM.Collect$$libinit$$00000017)
    __rt_lib_init_lc_time_1                  0x08000173   Thumb Code     0  libinit2.o(.ARM.Collect$$libinit$$00000019)
    __rt_lib_init_preinit_1                  0x08000173   Thumb Code     0  libinit2.o(.ARM.Collect$$libinit$$00000004)
    __rt_lib_init_rand_1                     0x08000173   Thumb Code     0  libinit2.o(.ARM.Collect$$libinit$$0000000E)
    __rt_lib_init_return                     0x08000173   Thumb Code     0  libinit2.o(.ARM.Collect$$libinit$$00000033)
    __rt_lib_init_signal_1                   0x08000173   Thumb Code     0  libinit2.o(.ARM.Collect$$libinit$$0000001D)
    __rt_lib_init_stdio_1                    0x08000173   Thumb Code     0  libinit2.o(.ARM.Collect$$libinit$$00000025)
    __rt_lib_init_user_alloc_1               0x08000173   Thumb Code     0  libinit2.o(.ARM.Collect$$libinit$$0000000C)
    __rt_lib_shutdown                        0x08000175   Thumb Code     0  libshutdown.o(.ARM.Collect$$libshutdown$$00000000)
    __rt_lib_shutdown_cpp_1                  0x08000177   Thumb Code     0  libshutdown2.o(.ARM.Collect$$libshutdown$$00000004)
    __rt_lib_shutdown_fini_1                 0x08000177   Thumb Code     0  libshutdown2.o(.ARM.Collect$$libshutdown$$00000002)
    __rt_lib_shutdown_fp_trap_1              0x08000177   Thumb Code     0  libshutdown2.o(.ARM.Collect$$libshutdown$$00000009)
    __rt_lib_shutdown_heap_1                 0x08000177   Thumb Code     0  libshutdown2.o(.ARM.Collect$$libshutdown$$00000011)
    __rt_lib_shutdown_return                 0x08000177   Thumb Code     0  libshutdown2.o(.ARM.Collect$$libshutdown$$00000012)
    __rt_lib_shutdown_signal_1               0x08000177   Thumb Code     0  libshutdown2.o(.ARM.Collect$$libshutdown$$0000000C)
    __rt_lib_shutdown_stdio_1                0x08000177   Thumb Code     0  libshutdown2.o(.ARM.Collect$$libshutdown$$00000006)
    __rt_lib_shutdown_user_alloc_1           0x08000177   Thumb Code     0  libshutdown2.o(.ARM.Collect$$libshutdown$$0000000E)
    __rt_entry                               0x08000179   Thumb Code     0  __rtentry.o(.ARM.Collect$$rtentry$$00000000)
    __rt_entry_presh_1                       0x08000179   Thumb Code     0  __rtentry2.o(.ARM.Collect$$rtentry$$00000002)
    __rt_entry_sh                            0x08000179   Thumb Code     0  __rtentry4.o(.ARM.Collect$$rtentry$$00000004)
    __rt_entry_li                            0x0800017f   Thumb Code     0  __rtentry2.o(.ARM.Collect$$rtentry$$0000000A)
    __rt_entry_postsh_1                      0x0800017f   Thumb Code     0  __rtentry2.o(.ARM.Collect$$rtentry$$00000009)
    __rt_entry_main                          0x08000183   Thumb Code     0  __rtentry2.o(.ARM.Collect$$rtentry$$0000000D)
    __rt_entry_postli_1                      0x08000183   Thumb Code     0  __rtentry2.o(.ARM.Collect$$rtentry$$0000000C)
    __rt_exit                                0x0800018b   Thumb Code     0  rtexit.o(.ARM.Collect$$rtexit$$00000000)
    __rt_exit_ls                             0x0800018d   Thumb Code     0  rtexit2.o(.ARM.Collect$$rtexit$$00000003)
    __rt_exit_prels_1                        0x0800018d   Thumb Code     0  rtexit2.o(.ARM.Collect$$rtexit$$00000002)
    __rt_exit_exit                           0x08000191   Thumb Code     0  rtexit2.o(.ARM.Collect$$rtexit$$00000004)
    main                                     0x08000199   Thumb Code   252  main.o(.text)
    NMI_Handler                              0x080002c1   Thumb Code     2  stm32f10x_it.o(.text)
    HardFault_Handler                        0x080002c3   Thumb Code     4  stm32f10x_it.o(.text)
    MemManage_Handler                        0x080002c7   Thumb Code     4  stm32f10x_it.o(.text)
    BusFault_Handler                         0x080002cb   Thumb Code     4  stm32f10x_it.o(.text)
    UsageFault_Handler                       0x080002cf   Thumb Code     4  stm32f10x_it.o(.text)
    SVC_Handler                              0x080002d3   Thumb Code     2  stm32f10x_it.o(.text)
    DebugMon_Handler                         0x080002d5   Thumb Code     2  stm32f10x_it.o(.text)
    PendSV_Handler                           0x080002d7   Thumb Code     2  stm32f10x_it.o(.text)
    SysTick_Handler                          0x080002d9   Thumb Code     2  stm32f10x_it.o(.text)
    LED_GPIO_Config                          0x080002dd   Thumb Code    50  led.o(.text)
    delay_init                               0x08000315   Thumb Code    50  delay.o(.text)
    delay_us                                 0x08000347   Thumb Code    72  delay.o(.text)
    delay_ms                                 0x0800038f   Thumb Code    72  delay.o(.text)
    _sys_exit                                0x080003e9   Thumb Code     6  usart1.o(.text)
    fputc                                    0x080003ef   Thumb Code    24  usart1.o(.text)
    USART1_Init                              0x08000407   Thumb Code   326  usart1.o(.text)
    USART1_IRQHandler                        0x0800054d   Thumb Code   106  usart1.o(.text)
    IWDG_Init                                0x080005d1   Thumb Code    36  wdg.o(.text)
    IWDG_Feed                                0x080005f5   Thumb Code     8  wdg.o(.text)
    WWDG_NVIC_Init                           0x080005fd   Thumb Code    34  wdg.o(.text)
    WWDG_Init                                0x0800061f   Thumb Code    60  wdg.o(.text)
    WWDG_Set_Counter                         0x0800065b   Thumb Code    12  wdg.o(.text)
    WWDG_IRQHandler                          0x08000667   Thumb Code    16  wdg.o(.text)
    TIM4_Init                                0x0800067d   Thumb Code    88  pit.o(.text)
    TIM4_IRQHandler                          0x080006d5   Thumb Code    32  pit.o(.text)
    SPI1_ReadWriteByte                       0x080006fd   Thumb Code    78  spi.o(.text)
    SPI1_Init                                0x0800074b   Thumb Code   136  spi.o(.text)
    SPI1_SetSpeed                            0x080007d3   Thumb Code    36  spi.o(.text)
    NRF24L01_Write_Reg                       0x08000801   Thumb Code    38  24l01.o(.text)
    NRF24L01_Read_Reg                        0x08000827   Thumb Code    36  24l01.o(.text)
    NRF24L01_Read_Buf                        0x0800084b   Thumb Code    56  24l01.o(.text)
    NRF24L01_Write_Buf                       0x08000883   Thumb Code    56  24l01.o(.text)
    NRF24L01_IO_Init                         0x080008bb   Thumb Code   196  24l01.o(.text)
    NRF24L01_Init                            0x0800097f   Thumb Code    56  24l01.o(.text)
    NRF24L01_Check                           0x080009b7   Thumb Code    76  24l01.o(.text)
    NRF24L01_RX_Mode                         0x08000a03   Thumb Code    46  24l01.o(.text)
    NRF24L01_TX_Mode                         0x08000a31   Thumb Code    46  24l01.o(.text)
    NRF24L01_TxPacket                        0x08000a5f   Thumb Code    98  24l01.o(.text)
    NRF24L01_RxPacket                        0x08000ac1   Thumb Code    52  24l01.o(.text)
    SystemInit                               0x08000c07   Thumb Code    78  system_stm32f10x.o(.text)
    SystemCoreClockUpdate                    0x08000c55   Thumb Code   142  system_stm32f10x.o(.text)
    Reset_Handler                            0x08000d09   Thumb Code     8  startup_stm32f10x_md.o(.text)
    ADC1_2_IRQHandler                        0x08000d23   Thumb Code     0  startup_stm32f10x_md.o(.text)
    CAN1_RX1_IRQHandler                      0x08000d23   Thumb Code     0  startup_stm32f10x_md.o(.text)
    CAN1_SCE_IRQHandler                      0x08000d23   Thumb Code     0  startup_stm32f10x_md.o(.text)
    DMA1_Channel1_IRQHandler                 0x08000d23   Thumb Code     0  startup_stm32f10x_md.o(.text)
    DMA1_Channel2_IRQHandler                 0x08000d23   Thumb Code     0  startup_stm32f10x_md.o(.text)
    DMA1_Channel3_IRQHandler                 0x08000d23   Thumb Code     0  startup_stm32f10x_md.o(.text)
    DMA1_Channel4_IRQHandler                 0x08000d23   Thumb Code     0  startup_stm32f10x_md.o(.text)
    DMA1_Channel5_IRQHandler                 0x08000d23   Thumb Code     0  startup_stm32f10x_md.o(.text)
    DMA1_Channel6_IRQHandler                 0x08000d23   Thumb Code     0  startup_stm32f10x_md.o(.text)
    DMA1_Channel7_IRQHandler                 0x08000d23   Thumb Code     0  startup_stm32f10x_md.o(.text)
    EXTI0_IRQHandler                         0x08000d23   Thumb Code     0  startup_stm32f10x_md.o(.text)
    EXTI15_10_IRQHandler                     0x08000d23   Thumb Code     0  startup_stm32f10x_md.o(.text)
    EXTI1_IRQHandler                         0x08000d23   Thumb Code     0  startup_stm32f10x_md.o(.text)
    EXTI2_IRQHandler                         0x08000d23   Thumb Code     0  startup_stm32f10x_md.o(.text)
    EXTI3_IRQHandler                         0x08000d23   Thumb Code     0  startup_stm32f10x_md.o(.text)
    EXTI4_IRQHandler                         0x08000d23   Thumb Code     0  startup_stm32f10x_md.o(.text)
    EXTI9_5_IRQHandler                       0x08000d23   Thumb Code     0  startup_stm32f10x_md.o(.text)
    FLASH_IRQHandler                         0x08000d23   Thumb Code     0  startup_stm32f10x_md.o(.text)
    I2C1_ER_IRQHandler                       0x08000d23   Thumb Code     0  startup_stm32f10x_md.o(.text)
    I2C1_EV_IRQHandler                       0x08000d23   Thumb Code     0  startup_stm32f10x_md.o(.text)
    I2C2_ER_IRQHandler                       0x08000d23   Thumb Code     0  startup_stm32f10x_md.o(.text)
    I2C2_EV_IRQHandler                       0x08000d23   Thumb Code     0  startup_stm32f10x_md.o(.text)
    PVD_IRQHandler                           0x08000d23   Thumb Code     0  startup_stm32f10x_md.o(.text)
    RCC_IRQHandler                           0x08000d23   Thumb Code     0  startup_stm32f10x_md.o(.text)
    RTCAlarm_IRQHandler                      0x08000d23   Thumb Code     0  startup_stm32f10x_md.o(.text)
    RTC_IRQHandler                           0x08000d23   Thumb Code     0  startup_stm32f10x_md.o(.text)
    SPI1_IRQHandler                          0x08000d23   Thumb Code     0  startup_stm32f10x_md.o(.text)
    SPI2_IRQHandler                          0x08000d23   Thumb Code     0  startup_stm32f10x_md.o(.text)
    TAMPER_IRQHandler                        0x08000d23   Thumb Code     0  startup_stm32f10x_md.o(.text)
    TIM1_BRK_IRQHandler                      0x08000d23   Thumb Code     0  startup_stm32f10x_md.o(.text)
    TIM1_CC_IRQHandler                       0x08000d23   Thumb Code     0  startup_stm32f10x_md.o(.text)
    TIM1_TRG_COM_IRQHandler                  0x08000d23   Thumb Code     0  startup_stm32f10x_md.o(.text)
    TIM1_UP_IRQHandler                       0x08000d23   Thumb Code     0  startup_stm32f10x_md.o(.text)
    TIM2_IRQHandler                          0x08000d23   Thumb Code     0  startup_stm32f10x_md.o(.text)
    TIM3_IRQHandler                          0x08000d23   Thumb Code     0  startup_stm32f10x_md.o(.text)
    USART2_IRQHandler                        0x08000d23   Thumb Code     0  startup_stm32f10x_md.o(.text)
    USART3_IRQHandler                        0x08000d23   Thumb Code     0  startup_stm32f10x_md.o(.text)
    USBWakeUp_IRQHandler                     0x08000d23   Thumb Code     0  startup_stm32f10x_md.o(.text)
    USB_HP_CAN1_TX_IRQHandler                0x08000d23   Thumb Code     0  startup_stm32f10x_md.o(.text)
    USB_LP_CAN1_RX0_IRQHandler               0x08000d23   Thumb Code     0  startup_stm32f10x_md.o(.text)
    __user_initial_stackheap                 0x08000d25   Thumb Code     0  startup_stm32f10x_md.o(.text)
    GPIO_DeInit                              0x08000d49   Thumb Code   172  stm32f10x_gpio.o(.text)
    GPIO_AFIODeInit                          0x08000df5   Thumb Code    20  stm32f10x_gpio.o(.text)
    GPIO_Init                                0x08000e09   Thumb Code   278  stm32f10x_gpio.o(.text)
    GPIO_StructInit                          0x08000f1f   Thumb Code    16  stm32f10x_gpio.o(.text)
    GPIO_ReadInputDataBit                    0x08000f2f   Thumb Code    18  stm32f10x_gpio.o(.text)
    GPIO_ReadInputData                       0x08000f41   Thumb Code     8  stm32f10x_gpio.o(.text)
    GPIO_ReadOutputDataBit                   0x08000f49   Thumb Code    18  stm32f10x_gpio.o(.text)
    GPIO_ReadOutputData                      0x08000f5b   Thumb Code     8  stm32f10x_gpio.o(.text)
    GPIO_SetBits                             0x08000f63   Thumb Code     4  stm32f10x_gpio.o(.text)
    GPIO_ResetBits                           0x08000f67   Thumb Code     4  stm32f10x_gpio.o(.text)
    GPIO_WriteBit                            0x08000f6b   Thumb Code    10  stm32f10x_gpio.o(.text)
    GPIO_Write                               0x08000f75   Thumb Code     4  stm32f10x_gpio.o(.text)
    GPIO_PinLockConfig                       0x08000f79   Thumb Code    18  stm32f10x_gpio.o(.text)
    GPIO_EventOutputConfig                   0x08000f8b   Thumb Code    26  stm32f10x_gpio.o(.text)
    GPIO_EventOutputCmd                      0x08000fa5   Thumb Code     6  stm32f10x_gpio.o(.text)
    GPIO_PinRemapConfig                      0x08000fab   Thumb Code   138  stm32f10x_gpio.o(.text)
    GPIO_EXTILineConfig                      0x08001035   Thumb Code    66  stm32f10x_gpio.o(.text)
    GPIO_ETH_MediaInterfaceConfig            0x08001077   Thumb Code     8  stm32f10x_gpio.o(.text)
    USART_DeInit                             0x080010a5   Thumb Code   134  stm32f10x_usart.o(.text)
    USART_Init                               0x0800112b   Thumb Code   210  stm32f10x_usart.o(.text)
    USART_StructInit                         0x080011fd   Thumb Code    24  stm32f10x_usart.o(.text)
    USART_ClockInit                          0x08001215   Thumb Code    34  stm32f10x_usart.o(.text)
    USART_ClockStructInit                    0x08001237   Thumb Code    12  stm32f10x_usart.o(.text)
    USART_Cmd                                0x08001243   Thumb Code    24  stm32f10x_usart.o(.text)
    USART_ITConfig                           0x0800125b   Thumb Code    74  stm32f10x_usart.o(.text)
    USART_DMACmd                             0x080012a5   Thumb Code    18  stm32f10x_usart.o(.text)
    USART_SetAddress                         0x080012b7   Thumb Code    18  stm32f10x_usart.o(.text)
    USART_WakeUpConfig                       0x080012c9   Thumb Code    18  stm32f10x_usart.o(.text)
    USART_ReceiverWakeUpCmd                  0x080012db   Thumb Code    24  stm32f10x_usart.o(.text)
    USART_LINBreakDetectLengthConfig         0x080012f3   Thumb Code    18  stm32f10x_usart.o(.text)
    USART_LINCmd                             0x08001305   Thumb Code    24  stm32f10x_usart.o(.text)
    USART_SendData                           0x0800131d   Thumb Code     8  stm32f10x_usart.o(.text)
    USART_ReceiveData                        0x08001325   Thumb Code    10  stm32f10x_usart.o(.text)
    USART_SendBreak                          0x0800132f   Thumb Code    10  stm32f10x_usart.o(.text)
    USART_SetGuardTime                       0x08001339   Thumb Code    16  stm32f10x_usart.o(.text)
    USART_SetPrescaler                       0x08001349   Thumb Code    16  stm32f10x_usart.o(.text)
    USART_SmartCardCmd                       0x08001359   Thumb Code    24  stm32f10x_usart.o(.text)
    USART_SmartCardNACKCmd                   0x08001371   Thumb Code    24  stm32f10x_usart.o(.text)
    USART_HalfDuplexCmd                      0x08001389   Thumb Code    24  stm32f10x_usart.o(.text)
    USART_OverSampling8Cmd                   0x080013a1   Thumb Code    22  stm32f10x_usart.o(.text)
    USART_OneBitMethodCmd                    0x080013b7   Thumb Code    24  stm32f10x_usart.o(.text)
    USART_IrDAConfig                         0x080013cf   Thumb Code    18  stm32f10x_usart.o(.text)
    USART_IrDACmd                            0x080013e1   Thumb Code    24  stm32f10x_usart.o(.text)
    USART_GetFlagStatus                      0x080013f9   Thumb Code    26  stm32f10x_usart.o(.text)
    USART_ClearFlag                          0x08001413   Thumb Code    18  stm32f10x_usart.o(.text)
    USART_GetITStatus                        0x08001425   Thumb Code    84  stm32f10x_usart.o(.text)
    USART_ClearITPendingBit                  0x08001479   Thumb Code    52  stm32f10x_usart.o(.text)
    RCC_DeInit                               0x080014ad   Thumb Code    64  stm32f10x_rcc.o(.text)
    RCC_HSEConfig                            0x080014ed   Thumb Code    70  stm32f10x_rcc.o(.text)
    RCC_GetFlagStatus                        0x08001533   Thumb Code    56  stm32f10x_rcc.o(.text)
    RCC_WaitForHSEStartUp                    0x0800156b   Thumb Code    56  stm32f10x_rcc.o(.text)
    RCC_AdjustHSICalibrationValue            0x080015a3   Thumb Code    20  stm32f10x_rcc.o(.text)
    RCC_HSICmd                               0x080015b7   Thumb Code     6  stm32f10x_rcc.o(.text)
    RCC_PLLConfig                            0x080015bd   Thumb Code    24  stm32f10x_rcc.o(.text)
    RCC_PLLCmd                               0x080015d5   Thumb Code     6  stm32f10x_rcc.o(.text)
    RCC_SYSCLKConfig                         0x080015db   Thumb Code    18  stm32f10x_rcc.o(.text)
    RCC_GetSYSCLKSource                      0x080015ed   Thumb Code    10  stm32f10x_rcc.o(.text)
    RCC_HCLKConfig                           0x080015f7   Thumb Code    18  stm32f10x_rcc.o(.text)
    RCC_PCLK1Config                          0x08001609   Thumb Code    18  stm32f10x_rcc.o(.text)
    RCC_PCLK2Config                          0x0800161b   Thumb Code    20  stm32f10x_rcc.o(.text)
    RCC_ITConfig                             0x0800162f   Thumb Code    26  stm32f10x_rcc.o(.text)
    RCC_USBCLKConfig                         0x08001649   Thumb Code     8  stm32f10x_rcc.o(.text)
    RCC_ADCCLKConfig                         0x08001651   Thumb Code    18  stm32f10x_rcc.o(.text)
    RCC_LSEConfig                            0x08001663   Thumb Code    50  stm32f10x_rcc.o(.text)
    RCC_LSICmd                               0x08001695   Thumb Code     6  stm32f10x_rcc.o(.text)
    RCC_RTCCLKConfig                         0x0800169b   Thumb Code    12  stm32f10x_rcc.o(.text)
    RCC_RTCCLKCmd                            0x080016a7   Thumb Code     8  stm32f10x_rcc.o(.text)
    RCC_GetClocksFreq                        0x080016af   Thumb Code   192  stm32f10x_rcc.o(.text)
    RCC_AHBPeriphClockCmd                    0x0800176f   Thumb Code    26  stm32f10x_rcc.o(.text)
    RCC_APB2PeriphClockCmd                   0x08001789   Thumb Code    26  stm32f10x_rcc.o(.text)
    RCC_APB1PeriphClockCmd                   0x080017a3   Thumb Code    26  stm32f10x_rcc.o(.text)
    RCC_APB2PeriphResetCmd                   0x080017bd   Thumb Code    26  stm32f10x_rcc.o(.text)
    RCC_APB1PeriphResetCmd                   0x080017d7   Thumb Code    26  stm32f10x_rcc.o(.text)
    RCC_BackupResetCmd                       0x080017f1   Thumb Code     8  stm32f10x_rcc.o(.text)
    RCC_ClockSecuritySystemCmd               0x080017f9   Thumb Code     6  stm32f10x_rcc.o(.text)
    RCC_MCOConfig                            0x080017ff   Thumb Code     6  stm32f10x_rcc.o(.text)
    RCC_ClearFlag                            0x08001805   Thumb Code    14  stm32f10x_rcc.o(.text)
    RCC_GetITStatus                          0x08001813   Thumb Code    20  stm32f10x_rcc.o(.text)
    RCC_ClearITPendingBit                    0x08001827   Thumb Code     6  stm32f10x_rcc.o(.text)
    IWDG_WriteAccessCmd                      0x08001851   Thumb Code     6  stm32f10x_iwdg.o(.text)
    IWDG_SetPrescaler                        0x08001857   Thumb Code     6  stm32f10x_iwdg.o(.text)
    IWDG_SetReload                           0x0800185d   Thumb Code     6  stm32f10x_iwdg.o(.text)
    IWDG_ReloadCounter                       0x08001863   Thumb Code    10  stm32f10x_iwdg.o(.text)
    IWDG_Enable                              0x0800186d   Thumb Code    10  stm32f10x_iwdg.o(.text)
    IWDG_GetFlagStatus                       0x08001877   Thumb Code    20  stm32f10x_iwdg.o(.text)
    WWDG_DeInit                              0x08001891   Thumb Code    22  stm32f10x_wwdg.o(.text)
    WWDG_SetPrescaler                        0x080018a7   Thumb Code    18  stm32f10x_wwdg.o(.text)
    WWDG_SetWindowValue                      0x080018b9   Thumb Code    34  stm32f10x_wwdg.o(.text)
    WWDG_EnableIT                            0x080018db   Thumb Code     8  stm32f10x_wwdg.o(.text)
    WWDG_SetCounter                          0x080018e3   Thumb Code    12  stm32f10x_wwdg.o(.text)
    WWDG_Enable                              0x080018ef   Thumb Code    12  stm32f10x_wwdg.o(.text)
    WWDG_GetFlagStatus                       0x080018fb   Thumb Code    10  stm32f10x_wwdg.o(.text)
    WWDG_ClearFlag                           0x08001905   Thumb Code    10  stm32f10x_wwdg.o(.text)
    NVIC_PriorityGroupConfig                 0x08001919   Thumb Code    10  misc.o(.text)
    NVIC_Init                                0x08001923   Thumb Code   100  misc.o(.text)
    NVIC_SetVectorTable                      0x08001987   Thumb Code    14  misc.o(.text)
    NVIC_SystemLPConfig                      0x08001995   Thumb Code    34  misc.o(.text)
    SysTick_CLKSourceConfig                  0x080019b7   Thumb Code    40  misc.o(.text)
    TIM_DeInit                               0x080019f5   Thumb Code   424  stm32f10x_tim.o(.text)
    TIM_TimeBaseInit                         0x08001b9d   Thumb Code   122  stm32f10x_tim.o(.text)
    TIM_OC1Init                              0x08001c17   Thumb Code   132  stm32f10x_tim.o(.text)
    TIM_OC2Init                              0x08001c9b   Thumb Code   154  stm32f10x_tim.o(.text)
    TIM_OC3Init                              0x08001d35   Thumb Code   150  stm32f10x_tim.o(.text)
    TIM_OC4Init                              0x08001dcb   Thumb Code   182  stm32f10x_tim.o(.text)
    TIM_SetIC4Prescaler                      0x08001e81   Thumb Code    26  stm32f10x_tim.o(.text)
    TIM_SetIC3Prescaler                      0x08001f1d   Thumb Code    18  stm32f10x_tim.o(.text)
    TIM_SetIC2Prescaler                      0x08001fa9   Thumb Code    26  stm32f10x_tim.o(.text)
    TIM_SetIC1Prescaler                      0x08002045   Thumb Code    18  stm32f10x_tim.o(.text)
    TIM_ICInit                               0x080020c3   Thumb Code   150  stm32f10x_tim.o(.text)
    TIM_PWMIConfig                           0x08002159   Thumb Code   124  stm32f10x_tim.o(.text)
    TIM_BDTRConfig                           0x080021d5   Thumb Code    32  stm32f10x_tim.o(.text)
    TIM_TimeBaseStructInit                   0x080021f5   Thumb Code    18  stm32f10x_tim.o(.text)
    TIM_OCStructInit                         0x08002207   Thumb Code    20  stm32f10x_tim.o(.text)
    TIM_ICStructInit                         0x0800221b   Thumb Code    18  stm32f10x_tim.o(.text)
    TIM_BDTRStructInit                       0x0800222d   Thumb Code    40  stm32f10x_tim.o(.text)
    TIM_Cmd                                  0x08002255   Thumb Code    24  stm32f10x_tim.o(.text)
    TIM_CtrlPWMOutputs                       0x0800226d   Thumb Code    30  stm32f10x_tim.o(.text)
    TIM_ITConfig                             0x0800228b   Thumb Code    18  stm32f10x_tim.o(.text)
    TIM_GenerateEvent                        0x0800229d   Thumb Code     4  stm32f10x_tim.o(.text)
    TIM_DMAConfig                            0x080022a1   Thumb Code    10  stm32f10x_tim.o(.text)
    TIM_DMACmd                               0x080022ab   Thumb Code    18  stm32f10x_tim.o(.text)
    TIM_InternalClockConfig                  0x080022bd   Thumb Code    12  stm32f10x_tim.o(.text)
    TIM_SelectInputTrigger                   0x080022c9   Thumb Code    18  stm32f10x_tim.o(.text)
    TIM_ITRxExternalClockConfig              0x080022db   Thumb Code    24  stm32f10x_tim.o(.text)
    TIM_TIxExternalClockConfig               0x080022f3   Thumb Code    62  stm32f10x_tim.o(.text)
    TIM_ETRConfig                            0x08002331   Thumb Code    28  stm32f10x_tim.o(.text)
    TIM_ETRClockMode1Config                  0x0800234d   Thumb Code    54  stm32f10x_tim.o(.text)
    TIM_ETRClockMode2Config                  0x08002383   Thumb Code    32  stm32f10x_tim.o(.text)
    TIM_PrescalerConfig                      0x080023a3   Thumb Code     6  stm32f10x_tim.o(.text)
    TIM_CounterModeConfig                    0x080023a9   Thumb Code    18  stm32f10x_tim.o(.text)
    TIM_EncoderInterfaceConfig               0x080023bb   Thumb Code    66  stm32f10x_tim.o(.text)
    TIM_ForcedOC1Config                      0x080023fd   Thumb Code    18  stm32f10x_tim.o(.text)
    TIM_ForcedOC2Config                      0x0800240f   Thumb Code    26  stm32f10x_tim.o(.text)
    TIM_ForcedOC3Config                      0x08002429   Thumb Code    18  stm32f10x_tim.o(.text)
    TIM_ForcedOC4Config                      0x0800243b   Thumb Code    26  stm32f10x_tim.o(.text)
    TIM_ARRPreloadConfig                     0x08002455   Thumb Code    24  stm32f10x_tim.o(.text)
    TIM_SelectCOM                            0x0800246d   Thumb Code    24  stm32f10x_tim.o(.text)
    TIM_SelectCCDMA                          0x08002485   Thumb Code    24  stm32f10x_tim.o(.text)
    TIM_CCPreloadControl                     0x0800249d   Thumb Code    24  stm32f10x_tim.o(.text)
    TIM_OC1PreloadConfig                     0x080024b5   Thumb Code    18  stm32f10x_tim.o(.text)
    TIM_OC2PreloadConfig                     0x080024c7   Thumb Code    26  stm32f10x_tim.o(.text)
    TIM_OC3PreloadConfig                     0x080024e1   Thumb Code    18  stm32f10x_tim.o(.text)
    TIM_OC4PreloadConfig                     0x080024f3   Thumb Code    26  stm32f10x_tim.o(.text)
    TIM_OC1FastConfig                        0x0800250d   Thumb Code    18  stm32f10x_tim.o(.text)
    TIM_OC2FastConfig                        0x0800251f   Thumb Code    26  stm32f10x_tim.o(.text)
    TIM_OC3FastConfig                        0x08002539   Thumb Code    18  stm32f10x_tim.o(.text)
    TIM_OC4FastConfig                        0x0800254b   Thumb Code    26  stm32f10x_tim.o(.text)
    TIM_ClearOC1Ref                          0x08002565   Thumb Code    18  stm32f10x_tim.o(.text)
    TIM_ClearOC2Ref                          0x08002577   Thumb Code    24  stm32f10x_tim.o(.text)
    TIM_ClearOC3Ref                          0x0800258f   Thumb Code    18  stm32f10x_tim.o(.text)
    TIM_ClearOC4Ref                          0x080025a1   Thumb Code    24  stm32f10x_tim.o(.text)
    TIM_OC1PolarityConfig                    0x080025b9   Thumb Code    18  stm32f10x_tim.o(.text)
    TIM_OC1NPolarityConfig                   0x080025cb   Thumb Code    18  stm32f10x_tim.o(.text)
    TIM_OC2PolarityConfig                    0x080025dd   Thumb Code    26  stm32f10x_tim.o(.text)
    TIM_OC2NPolarityConfig                   0x080025f7   Thumb Code    26  stm32f10x_tim.o(.text)
    TIM_OC3PolarityConfig                    0x08002611   Thumb Code    26  stm32f10x_tim.o(.text)
    TIM_OC3NPolarityConfig                   0x0800262b   Thumb Code    26  stm32f10x_tim.o(.text)
    TIM_OC4PolarityConfig                    0x08002645   Thumb Code    26  stm32f10x_tim.o(.text)
    TIM_CCxCmd                               0x0800265f   Thumb Code    30  stm32f10x_tim.o(.text)
    TIM_CCxNCmd                              0x0800267d   Thumb Code    30  stm32f10x_tim.o(.text)
    TIM_SelectOCxM                           0x0800269b   Thumb Code    82  stm32f10x_tim.o(.text)
    TIM_UpdateDisableConfig                  0x080026ed   Thumb Code    24  stm32f10x_tim.o(.text)
    TIM_UpdateRequestConfig                  0x08002705   Thumb Code    24  stm32f10x_tim.o(.text)
    TIM_SelectHallSensor                     0x0800271d   Thumb Code    24  stm32f10x_tim.o(.text)
    TIM_SelectOnePulseMode                   0x08002735   Thumb Code    18  stm32f10x_tim.o(.text)
    TIM_SelectOutputTrigger                  0x08002747   Thumb Code    18  stm32f10x_tim.o(.text)
    TIM_SelectSlaveMode                      0x08002759   Thumb Code    18  stm32f10x_tim.o(.text)
    TIM_SelectMasterSlaveMode                0x0800276b   Thumb Code    18  stm32f10x_tim.o(.text)
    TIM_SetCounter                           0x0800277d   Thumb Code     4  stm32f10x_tim.o(.text)
    TIM_SetAutoreload                        0x08002781   Thumb Code     4  stm32f10x_tim.o(.text)
    TIM_SetCompare1                          0x08002785   Thumb Code     4  stm32f10x_tim.o(.text)
    TIM_SetCompare2                          0x08002789   Thumb Code     4  stm32f10x_tim.o(.text)
    TIM_SetCompare3                          0x0800278d   Thumb Code     4  stm32f10x_tim.o(.text)
    TIM_SetCompare4                          0x08002791   Thumb Code     6  stm32f10x_tim.o(.text)
    TIM_SetClockDivision                     0x08002797   Thumb Code    18  stm32f10x_tim.o(.text)
    TIM_GetCapture1                          0x080027a9   Thumb Code     6  stm32f10x_tim.o(.text)
    TIM_GetCapture2                          0x080027af   Thumb Code     6  stm32f10x_tim.o(.text)
    TIM_GetCapture3                          0x080027b5   Thumb Code     6  stm32f10x_tim.o(.text)
    TIM_GetCapture4                          0x080027bb   Thumb Code     8  stm32f10x_tim.o(.text)
    TIM_GetCounter                           0x080027c3   Thumb Code     6  stm32f10x_tim.o(.text)
    TIM_GetPrescaler                         0x080027c9   Thumb Code     6  stm32f10x_tim.o(.text)
    TIM_GetFlagStatus                        0x080027cf   Thumb Code    18  stm32f10x_tim.o(.text)
    TIM_ClearFlag                            0x080027e1   Thumb Code     6  stm32f10x_tim.o(.text)
    TIM_GetITStatus                          0x080027e7   Thumb Code    34  stm32f10x_tim.o(.text)
    TIM_ClearITPendingBit                    0x08002809   Thumb Code     6  stm32f10x_tim.o(.text)
    SPI_I2S_DeInit                           0x08002811   Thumb Code    76  stm32f10x_spi.o(.text)
    SPI_Init                                 0x0800285d   Thumb Code    60  stm32f10x_spi.o(.text)
    I2S_Init                                 0x08002899   Thumb Code   226  stm32f10x_spi.o(.text)
    SPI_StructInit                           0x0800297b   Thumb Code    24  stm32f10x_spi.o(.text)
    I2S_StructInit                           0x08002993   Thumb Code    20  stm32f10x_spi.o(.text)
    SPI_Cmd                                  0x080029a7   Thumb Code    24  stm32f10x_spi.o(.text)
    I2S_Cmd                                  0x080029bf   Thumb Code    24  stm32f10x_spi.o(.text)
    SPI_I2S_ITConfig                         0x080029d7   Thumb Code    32  stm32f10x_spi.o(.text)
    SPI_I2S_DMACmd                           0x080029f7   Thumb Code    18  stm32f10x_spi.o(.text)
    SPI_I2S_SendData                         0x08002a09   Thumb Code     4  stm32f10x_spi.o(.text)
    SPI_I2S_ReceiveData                      0x08002a0d   Thumb Code     6  stm32f10x_spi.o(.text)
    SPI_NSSInternalSoftwareConfig            0x08002a13   Thumb Code    30  stm32f10x_spi.o(.text)
    SPI_SSOutputCmd                          0x08002a31   Thumb Code    24  stm32f10x_spi.o(.text)
    SPI_DataSizeConfig                       0x08002a49   Thumb Code    18  stm32f10x_spi.o(.text)
    SPI_TransmitCRC                          0x08002a5b   Thumb Code    10  stm32f10x_spi.o(.text)
    SPI_CalculateCRC                         0x08002a65   Thumb Code    24  stm32f10x_spi.o(.text)
    SPI_GetCRC                               0x08002a7d   Thumb Code    16  stm32f10x_spi.o(.text)
    SPI_GetCRCPolynomial                     0x08002a8d   Thumb Code     6  stm32f10x_spi.o(.text)
    SPI_BiDirectionalLineConfig              0x08002a93   Thumb Code    28  stm32f10x_spi.o(.text)
    SPI_I2S_GetFlagStatus                    0x08002aaf   Thumb Code    18  stm32f10x_spi.o(.text)
    SPI_I2S_ClearFlag                        0x08002ac1   Thumb Code     6  stm32f10x_spi.o(.text)
    SPI_I2S_GetITStatus                      0x08002ac7   Thumb Code    52  stm32f10x_spi.o(.text)
    SPI_I2S_ClearITPendingBit                0x08002afb   Thumb Code    20  stm32f10x_spi.o(.text)
    __use_no_semihosting                     0x08002b1d   Thumb Code     2  use_no_semi_2.o(.text)
    __2printf                                0x08002b21   Thumb Code    20  noretval__2printf.o(.text)
    __2sprintf                               0x08002b39   Thumb Code    34  noretval__2sprintf.o(.text)
    _printf_int_dec                          0x08002b61   Thumb Code   104  _printf_dec.o(.text)
    _printf_int_hex                          0x08002bd9   Thumb Code    84  _printf_hex_int.o(.text)
    _printf_longlong_hex                     0x08002bd9   Thumb Code     0  _printf_hex_int.o(.text)
    __printf                                 0x08002c31   Thumb Code   184  __printf_ss.o(.text)
    __aeabi_memcpy4                          0x08002ce9   Thumb Code     0  rt_memcpy_w.o(.text)
    __aeabi_memcpy8                          0x08002ce9   Thumb Code     0  rt_memcpy_w.o(.text)
    __rt_memcpy_w                            0x08002ce9   Thumb Code   100  rt_memcpy_w.o(.text)
    _memcpy_lastbytes_aligned                0x08002d31   Thumb Code     0  rt_memcpy_w.o(.text)
    __aeabi_memclr4                          0x08002d4d   Thumb Code     0  rt_memclr_w.o(.text)
    __aeabi_memclr8                          0x08002d4d   Thumb Code     0  rt_memclr_w.o(.text)
    __rt_memclr_w                            0x08002d4d   Thumb Code    78  rt_memclr_w.o(.text)
    _memset_w                                0x08002d51   Thumb Code     0  rt_memclr_w.o(.text)
    __use_two_region_memory                  0x08002d9b   Thumb Code     2  heapauxi.o(.text)
    __rt_heap_escrow$2region                 0x08002d9d   Thumb Code     2  heapauxi.o(.text)
    __rt_heap_expand$2region                 0x08002d9f   Thumb Code     2  heapauxi.o(.text)
    __I$use$semihosting                      0x08002da1   Thumb Code     0  use_no_semi.o(.text)
    __use_no_semihosting_swi                 0x08002da1   Thumb Code     2  use_no_semi.o(.text)
    _printf_int_common                       0x08002da3   Thumb Code   178  _printf_intcommon.o(.text)
    _printf_char_common                      0x08002e5f   Thumb Code    32  _printf_char_common.o(.text)
    _sputc                                   0x08002e85   Thumb Code    10  _sputc.o(.text)
    _printf_char_file                        0x08002e91   Thumb Code    32  _printf_char_file.o(.text)
    ferror                                   0x08002eb5   Thumb Code     8  ferror.o(.text)
    __user_setup_stackheap                   0x08002ebd   Thumb Code    74  sys_stackheap_outer.o(.text)
    exit                                     0x08002f07   Thumb Code    18  exit.o(.text)
    __user_libspace                          0x08002f19   Thumb Code     8  libspace.o(.text)
    __user_perproc_libspace                  0x08002f19   Thumb Code     0  libspace.o(.text)
    __user_perthread_libspace                0x08002f19   Thumb Code     0  libspace.o(.text)
    ReadCmd                                  0x08002f20   Data           6  main.o(.constdata)
    TX_ADDRESS                               0x08002f48   Data           5  24l01.o(.constdata)
    RX_ADDRESS                               0x08002f4d   Data           5  24l01.o(.constdata)
    Region$$Table$$Base                      0x08002f7c   Number         0  anon$$obj.o(Region$$Table)
    Region$$Table$$Limit                     0x08002f9c   Number         0  anon$$obj.o(Region$$Table)
    __stdout                                 0x20000004   Data           4  usart1.o(.data)
    RX_1_Cnt                                 0x20000008   Data           1  usart1.o(.data)
    USART1_RX_STA                            0x2000000a   Data           2  usart1.o(.data)
    WWDG_CNT                                 0x2000000c   Data           1  wdg.o(.data)
    haomiao_xitong                           0x20000010   Data           4  pit.o(.data)
    SystemCoreClock                          0x20000014   Data           4  system_stm32f10x.o(.data)
    AHBPrescTable                            0x20000018   Data          16  system_stm32f10x.o(.data)
    sensor_data                              0x2000003c   Data          12  main.o(.bss)
    USART1_TX_BUF                            0x20000048   Data         200  usart1.o(.bss)
    USART1_RX_BUF                            0x20000110   Data         800  usart1.o(.bss)
    __libspace_start                         0x20000430   Data          96  libspace.o(.bss)
    __temporary_stack_top$libspace           0x20000490   Data           0  libspace.o(.bss)



==============================================================================

Memory Map of the image

  Image Entry point : 0x08000d09

  Load Region LR_1 (Base: 0x08000000, Size: 0x00002fd8, Max: 0xffffffff, ABSOLUTE)

    Execution Region ER_RO (Exec base: 0x08000000, Load base: 0x08000000, Size: 0x00002f9c, Max: 0xffffffff, ABSOLUTE)

    Exec Addr    Load Addr    Size         Type   Attr      Idx    E Section Name        Object

    0x08000000   0x08000000   0x000000ec   Data   RO          362    RESET               startup_stm32f10x_md.o
    0x080000ec   0x080000ec   0x00000008   Code   RO          543  * !!!main             c_w.l(__main.o)
    0x080000f4   0x080000f4   0x00000034   Code   RO          732    !!!scatter          c_w.l(__scatter.o)
    0x08000128   0x08000128   0x0000001a   Code   RO          734    !!handler_copy      c_w.l(__scatter_copy.o)
    0x08000142   0x08000142   0x00000002   PAD
    0x08000144   0x08000144   0x0000001c   Code   RO          736    !!handler_zi        c_w.l(__scatter_zi.o)
    0x08000160   0x08000160   0x00000000   Code   RO          536    .ARM.Collect$$_printf_percent$$00000000  c_w.l(_printf_percent.o)
    0x08000160   0x08000160   0x00000006   Code   RO          535    .ARM.Collect$$_printf_percent$$00000009  c_w.l(_printf_d.o)
    0x08000166   0x08000166   0x00000006   Code   RO          534    .ARM.Collect$$_printf_percent$$0000000C  c_w.l(_printf_x.o)
    0x0800016c   0x0800016c   0x00000004   Code   RO          568    .ARM.Collect$$_printf_percent$$00000017  c_w.l(_printf_percent_end.o)
    0x08000170   0x08000170   0x00000002   Code   RO          604    .ARM.Collect$$libinit$$00000000  c_w.l(libinit.o)
    0x08000172   0x08000172   0x00000000   Code   RO          611    .ARM.Collect$$libinit$$00000002  c_w.l(libinit2.o)
    0x08000172   0x08000172   0x00000000   Code   RO          613    .ARM.Collect$$libinit$$00000004  c_w.l(libinit2.o)
    0x08000172   0x08000172   0x00000000   Code   RO          616    .ARM.Collect$$libinit$$0000000A  c_w.l(libinit2.o)
    0x08000172   0x08000172   0x00000000   Code   RO          618    .ARM.Collect$$libinit$$0000000C  c_w.l(libinit2.o)
    0x08000172   0x08000172   0x00000000   Code   RO          620    .ARM.Collect$$libinit$$0000000E  c_w.l(libinit2.o)
    0x08000172   0x08000172   0x00000000   Code   RO          623    .ARM.Collect$$libinit$$00000011  c_w.l(libinit2.o)
    0x08000172   0x08000172   0x00000000   Code   RO          625    .ARM.Collect$$libinit$$00000013  c_w.l(libinit2.o)
    0x08000172   0x08000172   0x00000000   Code   RO          627    .ARM.Collect$$libinit$$00000015  c_w.l(libinit2.o)
    0x08000172   0x08000172   0x00000000   Code   RO          629    .ARM.Collect$$libinit$$00000017  c_w.l(libinit2.o)
    0x08000172   0x08000172   0x00000000   Code   RO          631    .ARM.Collect$$libinit$$00000019  c_w.l(libinit2.o)
    0x08000172   0x08000172   0x00000000   Code   RO          633    .ARM.Collect$$libinit$$0000001B  c_w.l(libinit2.o)
    0x08000172   0x08000172   0x00000000   Code   RO          635    .ARM.Collect$$libinit$$0000001D  c_w.l(libinit2.o)
    0x08000172   0x08000172   0x00000000   Code   RO          637    .ARM.Collect$$libinit$$0000001F  c_w.l(libinit2.o)
    0x08000172   0x08000172   0x00000000   Code   RO          639    .ARM.Collect$$libinit$$00000021  c_w.l(libinit2.o)
    0x08000172   0x08000172   0x00000000   Code   RO          641    .ARM.Collect$$libinit$$00000023  c_w.l(libinit2.o)
    0x08000172   0x08000172   0x00000000   Code   RO          643    .ARM.Collect$$libinit$$00000025  c_w.l(libinit2.o)
    0x08000172   0x08000172   0x00000000   Code   RO          647    .ARM.Collect$$libinit$$0000002C  c_w.l(libinit2.o)
    0x08000172   0x08000172   0x00000000   Code   RO          649    .ARM.Collect$$libinit$$0000002E  c_w.l(libinit2.o)
    0x08000172   0x08000172   0x00000000   Code   RO          651    .ARM.Collect$$libinit$$00000030  c_w.l(libinit2.o)
    0x08000172   0x08000172   0x00000000   Code   RO          653    .ARM.Collect$$libinit$$00000032  c_w.l(libinit2.o)
    0x08000172   0x08000172   0x00000002   Code   RO          654    .ARM.Collect$$libinit$$00000033  c_w.l(libinit2.o)
    0x08000174   0x08000174   0x00000002   Code   RO          672    .ARM.Collect$$libshutdown$$00000000  c_w.l(libshutdown.o)
    0x08000176   0x08000176   0x00000000   Code   RO          682    .ARM.Collect$$libshutdown$$00000002  c_w.l(libshutdown2.o)
    0x08000176   0x08000176   0x00000000   Code   RO          684    .ARM.Collect$$libshutdown$$00000004  c_w.l(libshutdown2.o)
    0x08000176   0x08000176   0x00000000   Code   RO          686    .ARM.Collect$$libshutdown$$00000006  c_w.l(libshutdown2.o)
    0x08000176   0x08000176   0x00000000   Code   RO          689    .ARM.Collect$$libshutdown$$00000009  c_w.l(libshutdown2.o)
    0x08000176   0x08000176   0x00000000   Code   RO          692    .ARM.Collect$$libshutdown$$0000000C  c_w.l(libshutdown2.o)
    0x08000176   0x08000176   0x00000000   Code   RO          694    .ARM.Collect$$libshutdown$$0000000E  c_w.l(libshutdown2.o)
    0x08000176   0x08000176   0x00000000   Code   RO          697    .ARM.Collect$$libshutdown$$00000011  c_w.l(libshutdown2.o)
    0x08000176   0x08000176   0x00000002   Code   RO          698    .ARM.Collect$$libshutdown$$00000012  c_w.l(libshutdown2.o)
    0x08000178   0x08000178   0x00000000   Code   RO          559    .ARM.Collect$$rtentry$$00000000  c_w.l(__rtentry.o)
    0x08000178   0x08000178   0x00000000   Code   RO          575    .ARM.Collect$$rtentry$$00000002  c_w.l(__rtentry2.o)
    0x08000178   0x08000178   0x00000006   Code   RO          587    .ARM.Collect$$rtentry$$00000004  c_w.l(__rtentry4.o)
    0x0800017e   0x0800017e   0x00000000   Code   RO          577    .ARM.Collect$$rtentry$$00000009  c_w.l(__rtentry2.o)
    0x0800017e   0x0800017e   0x00000004   Code   RO          578    .ARM.Collect$$rtentry$$0000000A  c_w.l(__rtentry2.o)
    0x08000182   0x08000182   0x00000000   Code   RO          580    .ARM.Collect$$rtentry$$0000000C  c_w.l(__rtentry2.o)
    0x08000182   0x08000182   0x00000008   Code   RO          581    .ARM.Collect$$rtentry$$0000000D  c_w.l(__rtentry2.o)
    0x0800018a   0x0800018a   0x00000002   Code   RO          608    .ARM.Collect$$rtexit$$00000000  c_w.l(rtexit.o)
    0x0800018c   0x0800018c   0x00000000   Code   RO          656    .ARM.Collect$$rtexit$$00000002  c_w.l(rtexit2.o)
    0x0800018c   0x0800018c   0x00000004   Code   RO          657    .ARM.Collect$$rtexit$$00000003  c_w.l(rtexit2.o)
    0x08000190   0x08000190   0x00000006   Code   RO          658    .ARM.Collect$$rtexit$$00000004  c_w.l(rtexit2.o)
    0x08000196   0x08000196   0x00000002   PAD
    0x08000198   0x08000198   0x00000128   Code   RO            1    .text               main.o
    0x080002c0   0x080002c0   0x0000001a   Code   RO          142    .text               stm32f10x_it.o
    0x080002da   0x080002da   0x00000002   PAD
    0x080002dc   0x080002dc   0x00000038   Code   RO          169    .text               led.o
    0x08000314   0x08000314   0x000000d4   Code   RO          184    .text               delay.o
    0x080003e8   0x080003e8   0x000001e8   Code   RO          215    .text               usart1.o
    0x080005d0   0x080005d0   0x000000ac   Code   RO          238    .text               wdg.o
    0x0800067c   0x0800067c   0x00000080   Code   RO          259    .text               pit.o
    0x080006fc   0x080006fc   0x00000104   Code   RO          277    .text               spi.o
    0x08000800   0x08000800   0x00000328   Code   RO          292    .text               24l01.o
    0x08000b28   0x08000b28   0x000001e0   Code   RO          320    .text               system_stm32f10x.o
    0x08000d08   0x08000d08   0x00000040   Code   RO          363  * .text               startup_stm32f10x_md.o
    0x08000d48   0x08000d48   0x0000035c   Code   RO          367    .text               stm32f10x_gpio.o
    0x080010a4   0x080010a4   0x00000408   Code   RO          379    .text               stm32f10x_usart.o
    0x080014ac   0x080014ac   0x000003a4   Code   RO          391    .text               stm32f10x_rcc.o
    0x08001850   0x08001850   0x00000040   Code   RO          405    .text               stm32f10x_iwdg.o
    0x08001890   0x08001890   0x00000088   Code   RO          417    .text               stm32f10x_wwdg.o
    0x08001918   0x08001918   0x000000dc   Code   RO          429    .text               misc.o
    0x080019f4   0x080019f4   0x00000e1a   Code   RO          453    .text               stm32f10x_tim.o
    0x0800280e   0x0800280e   0x00000002   PAD
    0x08002810   0x08002810   0x0000030c   Code   RO          465    .text               stm32f10x_spi.o
    0x08002b1c   0x08002b1c   0x00000002   Code   RO          479    .text               c_w.l(use_no_semi_2.o)
    0x08002b1e   0x08002b1e   0x00000002   PAD
    0x08002b20   0x08002b20   0x00000018   Code   RO          485    .text               c_w.l(noretval__2printf.o)
    0x08002b38   0x08002b38   0x00000028   Code   RO          487    .text               c_w.l(noretval__2sprintf.o)
    0x08002b60   0x08002b60   0x00000078   Code   RO          491    .text               c_w.l(_printf_dec.o)
    0x08002bd8   0x08002bd8   0x00000058   Code   RO          496    .text               c_w.l(_printf_hex_int.o)
    0x08002c30   0x08002c30   0x000000b8   Code   RO          517    .text               c_w.l(__printf_ss.o)
    0x08002ce8   0x08002ce8   0x00000064   Code   RO          537    .text               c_w.l(rt_memcpy_w.o)
    0x08002d4c   0x08002d4c   0x0000004e   Code   RO          539    .text               c_w.l(rt_memclr_w.o)
    0x08002d9a   0x08002d9a   0x00000006   Code   RO          541    .text               c_w.l(heapauxi.o)
    0x08002da0   0x08002da0   0x00000002   Code   RO          557    .text               c_w.l(use_no_semi.o)
    0x08002da2   0x08002da2   0x000000b2   Code   RO          560    .text               c_w.l(_printf_intcommon.o)
    0x08002e54   0x08002e54   0x00000030   Code   RO          562    .text               c_w.l(_printf_char_common.o)
    0x08002e84   0x08002e84   0x0000000a   Code   RO          564    .text               c_w.l(_sputc.o)
    0x08002e8e   0x08002e8e   0x00000002   PAD
    0x08002e90   0x08002e90   0x00000024   Code   RO          566    .text               c_w.l(_printf_char_file.o)
    0x08002eb4   0x08002eb4   0x00000008   Code   RO          591    .text               c_w.l(ferror.o)
    0x08002ebc   0x08002ebc   0x0000004a   Code   RO          595    .text               c_w.l(sys_stackheap_outer.o)
    0x08002f06   0x08002f06   0x00000012   Code   RO          597    .text               c_w.l(exit.o)
    0x08002f18   0x08002f18   0x00000008   Code   RO          605    .text               c_w.l(libspace.o)
    0x08002f20   0x08002f20   0x00000028   Data   RO            3    .constdata          main.o
    0x08002f48   0x08002f48   0x0000000a   Data   RO          293    .constdata          24l01.o
    0x08002f52   0x08002f52   0x00000028   Data   RO          497    .constdata          c_w.l(_printf_hex_int.o)
    0x08002f7a   0x08002f7a   0x00000002   PAD
    0x08002f7c   0x08002f7c   0x00000020   Data   RO          730    Region$$Table       anon$$obj.o


    Execution Region ER_RW (Exec base: 0x20000000, Load base: 0x08002f9c, Size: 0x0000003c, Max: 0xffffffff, ABSOLUTE)

    Exec Addr    Load Addr    Size         Type   Attr      Idx    E Section Name        Object

    0x20000000   0x08002f9c   0x00000004   Data   RW          185    .data               delay.o
    0x20000004   0x08002fa0   0x00000008   Data   RW          217    .data               usart1.o
    0x2000000c   0x08002fa8   0x00000001   Data   RW          239    .data               wdg.o
    0x2000000d   0x08002fa9   0x00000003   PAD
    0x20000010   0x08002fac   0x00000004   Data   RW          260    .data               pit.o
    0x20000014   0x08002fb0   0x00000014   Data   RW          321    .data               system_stm32f10x.o
    0x20000028   0x08002fc4   0x00000014   Data   RW          392    .data               stm32f10x_rcc.o


    Execution Region ER_ZI (Exec base: 0x2000003c, Load base: 0x08002fd8, Size: 0x00000a54, Max: 0xffffffff, ABSOLUTE)

    Exec Addr    Load Addr    Size         Type   Attr      Idx    E Section Name        Object

    0x2000003c        -       0x0000000c   Zero   RW            2    .bss                main.o
    0x20000048        -       0x000003e8   Zero   RW          216    .bss                usart1.o
    0x20000430        -       0x00000060   Zero   RW          606    .bss                c_w.l(libspace.o)
    0x20000490        -       0x00000200   Zero   RW          361    HEAP                startup_stm32f10x_md.o
    0x20000690        -       0x00000400   Zero   RW          360    STACK               startup_stm32f10x_md.o


==============================================================================

Image component sizes


      Code (inc. data)   RO Data    RW Data    ZI Data      Debug   Object Name

       808         52         10          0          0       3952   24l01.o
       212         18          0          4          0       1095   delay.o
        56          6          0          0          0        502   led.o
       296         44         40          0         12     259964   main.o
       220         22          0          0          0       1829   misc.o
       128          8          0          4          0       1057   pit.o
       260         10          0          0          0       1141   spi.o
        64         26        236          0       1536        868   startup_stm32f10x_md.o
       860         38          0          0          0       5761   stm32f10x_gpio.o
        26          0          0          0          0       1238   stm32f10x_it.o
        64          6          0          0          0       1297   stm32f10x_iwdg.o
       932         36          0         20          0       8968   stm32f10x_rcc.o
       780         14          0          0          0       6646   stm32f10x_spi.o
      3610         88          0          0          0      22872   stm32f10x_tim.o
      1032         22          0          0          0       8488   stm32f10x_usart.o
       136         10          0          0          0       2324   stm32f10x_wwdg.o
         0          0          0          0          0         32   sys.o
       480         38          0         20          0       1895   system_stm32f10x.o
       488         26          0          8       1000       3477   usart1.o
       172          6          0          1          0       1691   wdg.o

    ----------------------------------------------------------------------
     10628        470        318         60       2548     335097   Object Totals
         0          0         32          0          0          0   (incl. Generated)
         4          0          0          3          0          0   (incl. Padding)

    ----------------------------------------------------------------------

      Code (inc. data)   RO Data    RW Data    ZI Data      Debug   Library Member Name

         8          0          0          0          0         68   __main.o
       184          0          0          0          0         84   __printf_ss.o
         0          0          0          0          0          0   __rtentry.o
        12          0          0          0          0          0   __rtentry2.o
         6          0          0          0          0          0   __rtentry4.o
        52          8          0          0          0          0   __scatter.o
        26          0          0          0          0          0   __scatter_copy.o
        28          0          0          0          0          0   __scatter_zi.o
        48          6          0          0          0         96   _printf_char_common.o
        36          4          0          0          0         80   _printf_char_file.o
         6          0          0          0          0          0   _printf_d.o
       120         16          0          0          0         92   _printf_dec.o
        88          4         40          0          0         88   _printf_hex_int.o
       178          0          0          0          0         88   _printf_intcommon.o
         0          0          0          0          0          0   _printf_percent.o
         4          0          0          0          0          0   _printf_percent_end.o
         6          0          0          0          0          0   _printf_x.o
        10          0          0          0          0         68   _sputc.o
        18          0          0          0          0         80   exit.o
         8          0          0          0          0         68   ferror.o
         6          0          0          0          0        152   heapauxi.o
         2          0          0          0          0          0   libinit.o
         2          0          0          0          0          0   libinit2.o
         2          0          0          0          0          0   libshutdown.o
         2          0          0          0          0          0   libshutdown2.o
         8          4          0          0         96         68   libspace.o
        24          4          0          0          0         84   noretval__2printf.o
        40          6          0          0          0         84   noretval__2sprintf.o
        78          0          0          0          0         80   rt_memclr_w.o
       100          0          0          0          0         80   rt_memcpy_w.o
         2          0          0          0          0          0   rtexit.o
        10          0          0          0          0          0   rtexit2.o
        74          0          0          0          0         80   sys_stackheap_outer.o
         2          0          0          0          0         68   use_no_semi.o
         2          0          0          0          0         68   use_no_semi_2.o

    ----------------------------------------------------------------------
      1200         52         42          0         96       1576   Library Totals
         8          0          2          0          0          0   (incl. Padding)

    ----------------------------------------------------------------------

      Code (inc. data)   RO Data    RW Data    ZI Data      Debug   Library Name

      1192         52         40          0         96       1576   c_w.l

    ----------------------------------------------------------------------
      1200         52         42          0         96       1576   Library Totals

    ----------------------------------------------------------------------

==============================================================================


      Code (inc. data)   RO Data    RW Data    ZI Data      Debug   

     11828        522        360         60       2644     334329   Grand Totals
     11828        522        360         60       2644     334329   ELF Image Totals
     11828        522        360         60          0          0   ROM Totals

==============================================================================

    Total RO  Size (Code + RO Data)                12188 (  11.90kB)
    Total RW  Size (RW Data + ZI Data)              2704 (   2.64kB)
    Total ROM Size (Code + RO Data + RW Data)      12248 (  11.96kB)

==============================================================================

